[0.122s] DEBUG:colcon:Command line arguments: ['/usr/bin/colcon', 'build', '--packages-select', 'camera_msg']
[0.122s] DEBUG:colcon:Parsed command line arguments: Namespace(log_base=None, log_level=None, verb_name='build', build_base='build', install_base='install', merge_install=False, symlink_install=False, test_result_base=None, continue_on_error=False, executor='parallel', parallel_workers=16, event_handlers=None, ignore_user_meta=False, metas=['./colcon.meta'], base_paths=['.'], packages_ignore=None, packages_ignore_regex=None, paths=None, packages_up_to=None, packages_up_to_regex=None, packages_above=None, packages_above_and_dependencies=None, packages_above_depth=None, packages_select_by_dep=None, packages_skip_by_dep=None, packages_skip_up_to=None, packages_select_build_failed=False, packages_skip_build_finished=False, packages_select_test_failures=False, packages_skip_test_passed=False, packages_select=['camera_msg'], packages_skip=None, packages_select_regex=None, packages_skip_regex=None, packages_start=None, packages_end=None, allow_overriding=[], cmake_args=None, cmake_target=None, cmake_target_skip_unavailable=False, cmake_clean_cache=False, cmake_clean_first=False, cmake_force_configure=False, ament_cmake_args=None, catkin_cmake_args=None, catkin_skip_building_tests=False, mixin_files=None, mixin=None, verb_parser=<colcon_mixin.mixin.mixin_argument.MixinArgumentDecorator object at 0x7252cef8d880>, verb_extension=<colcon_core.verb.build.BuildVerb object at 0x7252cef0f560>, main=<bound method BuildVerb.main of <colcon_core.verb.build.BuildVerb object at 0x7252cef0f560>>, mixin_verb=('build',))
[0.165s] Level 1:colcon.colcon_core.package_discovery:discover_packages(colcon_meta) check parameters
[0.165s] Level 1:colcon.colcon_core.package_discovery:discover_packages(recursive) check parameters
[0.165s] Level 1:colcon.colcon_core.package_discovery:discover_packages(ignore) check parameters
[0.165s] Level 1:colcon.colcon_core.package_discovery:discover_packages(path) check parameters
[0.165s] Level 1:colcon.colcon_core.package_discovery:discover_packages(colcon_meta) discover
[0.166s] Level 1:colcon.colcon_core.package_discovery:discover_packages(recursive) discover
[0.166s] INFO:colcon.colcon_core.package_discovery:Crawling recursively for packages in '/home/ubuntu/URC_2026/ros2_service'
[0.166s] Level 1:colcon.colcon_core.package_identification:_identify(.) by extensions ['ignore', 'ignore_ament_install']
[0.166s] Level 1:colcon.colcon_core.package_identification:_identify(.) by extension 'ignore'
[0.166s] Level 1:colcon.colcon_core.package_identification:_identify(.) by extension 'ignore_ament_install'
[0.166s] Level 1:colcon.colcon_core.package_identification:_identify(.) by extensions ['colcon_pkg']
[0.166s] Level 1:colcon.colcon_core.package_identification:_identify(.) by extension 'colcon_pkg'
[0.166s] Level 1:colcon.colcon_core.package_identification:_identify(.) by extensions ['colcon_meta']
[0.166s] Level 1:colcon.colcon_core.package_identification:_identify(.) by extension 'colcon_meta'
[0.166s] Level 1:colcon.colcon_core.package_identification:_identify(.) by extensions ['ros']
[0.166s] Level 1:colcon.colcon_core.package_identification:_identify(.) by extension 'ros'
[0.199s] Level 1:colcon.colcon_core.package_identification:_identify(.) by extensions ['cmake', 'python']
[0.199s] Level 1:colcon.colcon_core.package_identification:_identify(.) by extension 'cmake'
[0.199s] Level 1:colcon.colcon_core.package_identification:_identify(.) by extension 'python'
[0.199s] Level 1:colcon.colcon_core.package_identification:_identify(.) by extensions ['python_setup_py']
[0.199s] Level 1:colcon.colcon_core.package_identification:_identify(.) by extension 'python_setup_py'
[0.199s] Level 1:colcon.colcon_core.package_identification:_identify(build) by extensions ['ignore', 'ignore_ament_install']
[0.199s] Level 1:colcon.colcon_core.package_identification:_identify(build) by extension 'ignore'
[0.199s] Level 1:colcon.colcon_core.package_identification:_identify(build) ignored
[0.199s] Level 1:colcon.colcon_core.package_identification:_identify(camera_msg) by extensions ['ignore', 'ignore_ament_install']
[0.199s] Level 1:colcon.colcon_core.package_identification:_identify(camera_msg) by extension 'ignore'
[0.199s] Level 1:colcon.colcon_core.package_identification:_identify(camera_msg) by extension 'ignore_ament_install'
[0.199s] Level 1:colcon.colcon_core.package_identification:_identify(camera_msg) by extensions ['colcon_pkg']
[0.199s] Level 1:colcon.colcon_core.package_identification:_identify(camera_msg) by extension 'colcon_pkg'
[0.200s] Level 1:colcon.colcon_core.package_identification:_identify(camera_msg) by extensions ['colcon_meta']
[0.200s] Level 1:colcon.colcon_core.package_identification:_identify(camera_msg) by extension 'colcon_meta'
[0.200s] Level 1:colcon.colcon_core.package_identification:_identify(camera_msg) by extensions ['ros']
[0.200s] Level 1:colcon.colcon_core.package_identification:_identify(camera_msg) by extension 'ros'
[0.202s] DEBUG:colcon.colcon_core.package_identification:Package 'camera_msg' with type 'ros.ament_cmake' and name 'camera_msg'
[0.202s] Level 1:colcon.colcon_core.package_identification:_identify(install) by extensions ['ignore', 'ignore_ament_install']
[0.203s] Level 1:colcon.colcon_core.package_identification:_identify(install) by extension 'ignore'
[0.203s] Level 1:colcon.colcon_core.package_identification:_identify(install) ignored
[0.203s] Level 1:colcon.colcon_core.package_identification:_identify(log) by extensions ['ignore', 'ignore_ament_install']
[0.203s] Level 1:colcon.colcon_core.package_identification:_identify(log) by extension 'ignore'
[0.203s] Level 1:colcon.colcon_core.package_identification:_identify(log) ignored
[0.203s] Level 1:colcon.colcon_core.package_discovery:discover_packages(recursive) using defaults
[0.203s] Level 1:colcon.colcon_core.package_discovery:discover_packages(ignore) discover
[0.203s] Level 1:colcon.colcon_core.package_discovery:discover_packages(ignore) using defaults
[0.203s] Level 1:colcon.colcon_core.package_discovery:discover_packages(path) discover
[0.203s] Level 1:colcon.colcon_core.package_discovery:discover_packages(path) using defaults
[0.223s] Level 1:colcon.colcon_core.package_discovery:discover_packages(prefix_path) check parameters
[0.223s] Level 1:colcon.colcon_core.package_discovery:discover_packages(prefix_path) discover
[0.226s] DEBUG:colcon.colcon_installed_package_information.package_discovery:Found 292 installed packages in /opt/ros/jazzy
[0.228s] Level 1:colcon.colcon_core.package_discovery:discover_packages(prefix_path) using defaults
[0.268s] Level 5:colcon.colcon_core.verb:set package 'camera_msg' build argument 'cmake_args' from command line to 'None'
[0.268s] Level 5:colcon.colcon_core.verb:set package 'camera_msg' build argument 'cmake_target' from command line to 'None'
[0.268s] Level 5:colcon.colcon_core.verb:set package 'camera_msg' build argument 'cmake_target_skip_unavailable' from command line to 'False'
[0.268s] Level 5:colcon.colcon_core.verb:set package 'camera_msg' build argument 'cmake_clean_cache' from command line to 'False'
[0.268s] Level 5:colcon.colcon_core.verb:set package 'camera_msg' build argument 'cmake_clean_first' from command line to 'False'
[0.268s] Level 5:colcon.colcon_core.verb:set package 'camera_msg' build argument 'cmake_force_configure' from command line to 'False'
[0.268s] Level 5:colcon.colcon_core.verb:set package 'camera_msg' build argument 'ament_cmake_args' from command line to 'None'
[0.268s] Level 5:colcon.colcon_core.verb:set package 'camera_msg' build argument 'catkin_cmake_args' from command line to 'None'
[0.268s] Level 5:colcon.colcon_core.verb:set package 'camera_msg' build argument 'catkin_skip_building_tests' from command line to 'False'
[0.268s] DEBUG:colcon.colcon_core.verb:Building package 'camera_msg' with the following arguments: {'ament_cmake_args': None, 'build_base': '/home/ubuntu/URC_2026/ros2_service/build/camera_msg', 'catkin_cmake_args': None, 'catkin_skip_building_tests': False, 'cmake_args': None, 'cmake_clean_cache': False, 'cmake_clean_first': False, 'cmake_force_configure': False, 'cmake_target': None, 'cmake_target_skip_unavailable': False, 'install_base': '/home/ubuntu/URC_2026/ros2_service/install/camera_msg', 'merge_install': False, 'path': '/home/ubuntu/URC_2026/ros2_service/camera_msg', 'symlink_install': False, 'test_result_base': None}
[0.268s] INFO:colcon.colcon_core.executor:Executing jobs using 'parallel' executor
[0.269s] DEBUG:colcon.colcon_parallel_executor.executor.parallel:run_until_complete
[0.269s] INFO:colcon.colcon_ros.task.ament_cmake.build:Building ROS package in '/home/ubuntu/URC_2026/ros2_service/camera_msg' with build type 'ament_cmake'
[0.269s] INFO:colcon.colcon_cmake.task.cmake.build:Building CMake package in '/home/ubuntu/URC_2026/ros2_service/camera_msg'
[0.272s] INFO:colcon.colcon_core.plugin_system:Skipping extension 'colcon_core.shell.bat': Not used on non-Windows systems
[0.272s] INFO:colcon.colcon_core.shell:Skip shell extension 'powershell' for command environment: Not usable outside of PowerShell
[0.272s] DEBUG:colcon.colcon_core.shell:Skip shell extension 'dsv' for command environment
[0.281s] DEBUG:colcon.colcon_core.event_handler.log_command:Invoking command in '/home/ubuntu/URC_2026/ros2_service/build/camera_msg': CMAKE_PREFIX_PATH=${CMAKE_PREFIX_PATH}:/opt/ros/jazzy DEBUGINFOD_URLS=https://debuginfod.ubuntu.com /usr/bin/cmake /home/ubuntu/URC_2026/ros2_service/camera_msg -DCMAKE_INSTALL_PREFIX=/home/ubuntu/URC_2026/ros2_service/install/camera_msg
[3.837s] DEBUG:colcon.colcon_core.event_handler.log_command:Invoked command in '/home/ubuntu/URC_2026/ros2_service/build/camera_msg' returned '0': CMAKE_PREFIX_PATH=${CMAKE_PREFIX_PATH}:/opt/ros/jazzy DEBUGINFOD_URLS=https://debuginfod.ubuntu.com /usr/bin/cmake /home/ubuntu/URC_2026/ros2_service/camera_msg -DCMAKE_INSTALL_PREFIX=/home/ubuntu/URC_2026/ros2_service/install/camera_msg
[3.838s] DEBUG:colcon.colcon_core.event_handler.log_command:Invoking command in '/home/ubuntu/URC_2026/ros2_service/build/camera_msg': CMAKE_PREFIX_PATH=${CMAKE_PREFIX_PATH}:/opt/ros/jazzy DEBUGINFOD_URLS=https://debuginfod.ubuntu.com /usr/bin/cmake --build /home/ubuntu/URC_2026/ros2_service/build/camera_msg -- -j16 -l16
[6.375s] DEBUG:colcon.colcon_core.event_handler.log_command:Invoked command in '/home/ubuntu/URC_2026/ros2_service/build/camera_msg' returned '0': CMAKE_PREFIX_PATH=${CMAKE_PREFIX_PATH}:/opt/ros/jazzy DEBUGINFOD_URLS=https://debuginfod.ubuntu.com /usr/bin/cmake --build /home/ubuntu/URC_2026/ros2_service/build/camera_msg -- -j16 -l16
[6.388s] DEBUG:colcon.colcon_core.event_handler.log_command:Invoking command in '/home/ubuntu/URC_2026/ros2_service/build/camera_msg': CMAKE_PREFIX_PATH=${CMAKE_PREFIX_PATH}:/opt/ros/jazzy DEBUGINFOD_URLS=https://debuginfod.ubuntu.com /usr/bin/cmake --install /home/ubuntu/URC_2026/ros2_service/build/camera_msg
[6.477s] Level 1:colcon.colcon_core.environment:create_environment_scripts_only(camera_msg)
[6.478s] DEBUG:colcon.colcon_core.event_handler.log_command:Invoked command in '/home/ubuntu/URC_2026/ros2_service/build/camera_msg' returned '0': CMAKE_PREFIX_PATH=${CMAKE_PREFIX_PATH}:/opt/ros/jazzy DEBUGINFOD_URLS=https://debuginfod.ubuntu.com /usr/bin/cmake --install /home/ubuntu/URC_2026/ros2_service/build/camera_msg
[6.481s] Level 1:colcon.colcon_core.environment:checking '/home/ubuntu/URC_2026/ros2_service/install/camera_msg' for CMake module files
[6.482s] Level 1:colcon.colcon_core.environment:checking '/home/ubuntu/URC_2026/ros2_service/install/camera_msg' for CMake config files
[6.483s] Level 1:colcon.colcon_core.shell:create_environment_hook('camera_msg', 'cmake_prefix_path')
[6.483s] INFO:colcon.colcon_core.shell:Creating environment hook '/home/ubuntu/URC_2026/ros2_service/install/camera_msg/share/camera_msg/hook/cmake_prefix_path.ps1'
[6.484s] INFO:colcon.colcon_core.shell:Creating environment descriptor '/home/ubuntu/URC_2026/ros2_service/install/camera_msg/share/camera_msg/hook/cmake_prefix_path.dsv'
[6.485s] INFO:colcon.colcon_core.shell:Creating environment hook '/home/ubuntu/URC_2026/ros2_service/install/camera_msg/share/camera_msg/hook/cmake_prefix_path.sh'
[6.486s] Level 1:colcon.colcon_core.environment:checking '/home/ubuntu/URC_2026/ros2_service/install/camera_msg/lib'
[6.487s] Level 1:colcon.colcon_core.shell:create_environment_hook('camera_msg', 'ld_library_path_lib')
[6.487s] INFO:colcon.colcon_core.shell:Creating environment hook '/home/ubuntu/URC_2026/ros2_service/install/camera_msg/share/camera_msg/hook/ld_library_path_lib.ps1'
[6.488s] INFO:colcon.colcon_core.shell:Creating environment descriptor '/home/ubuntu/URC_2026/ros2_service/install/camera_msg/share/camera_msg/hook/ld_library_path_lib.dsv'
[6.488s] INFO:colcon.colcon_core.shell:Creating environment hook '/home/ubuntu/URC_2026/ros2_service/install/camera_msg/share/camera_msg/hook/ld_library_path_lib.sh'
[6.489s] Level 1:colcon.colcon_core.environment:checking '/home/ubuntu/URC_2026/ros2_service/install/camera_msg/bin'
[6.489s] Level 1:colcon.colcon_core.environment:checking '/home/ubuntu/URC_2026/ros2_service/install/camera_msg/lib/pkgconfig/camera_msg.pc'
[6.490s] Level 1:colcon.colcon_core.environment:checking '/home/ubuntu/URC_2026/ros2_service/install/camera_msg/lib/python3.12/site-packages'
[6.490s] Level 1:colcon.colcon_core.shell:create_environment_hook('camera_msg', 'pythonpath')
[6.490s] INFO:colcon.colcon_core.shell:Creating environment hook '/home/ubuntu/URC_2026/ros2_service/install/camera_msg/share/camera_msg/hook/pythonpath.ps1'
[6.491s] INFO:colcon.colcon_core.shell:Creating environment descriptor '/home/ubuntu/URC_2026/ros2_service/install/camera_msg/share/camera_msg/hook/pythonpath.dsv'
[6.491s] INFO:colcon.colcon_core.shell:Creating environment hook '/home/ubuntu/URC_2026/ros2_service/install/camera_msg/share/camera_msg/hook/pythonpath.sh'
[6.492s] Level 1:colcon.colcon_core.environment:checking '/home/ubuntu/URC_2026/ros2_service/install/camera_msg/bin'
[6.493s] INFO:colcon.colcon_core.shell:Creating package script '/home/ubuntu/URC_2026/ros2_service/install/camera_msg/share/camera_msg/package.ps1'
[6.494s] INFO:colcon.colcon_core.shell:Creating package descriptor '/home/ubuntu/URC_2026/ros2_service/install/camera_msg/share/camera_msg/package.dsv'
[6.495s] INFO:colcon.colcon_core.shell:Creating package script '/home/ubuntu/URC_2026/ros2_service/install/camera_msg/share/camera_msg/package.sh'
[6.495s] INFO:colcon.colcon_core.shell:Creating package script '/home/ubuntu/URC_2026/ros2_service/install/camera_msg/share/camera_msg/package.bash'
[6.496s] INFO:colcon.colcon_core.shell:Creating package script '/home/ubuntu/URC_2026/ros2_service/install/camera_msg/share/camera_msg/package.zsh'
[6.497s] Level 1:colcon.colcon_core.environment:create_file_with_runtime_dependencies(/home/ubuntu/URC_2026/ros2_service/install/camera_msg/share/colcon-core/packages/camera_msg)
[6.497s] Level 1:colcon.colcon_core.environment:create_environment_scripts_only(camera_msg)
[6.498s] Level 1:colcon.colcon_core.environment:checking '/home/ubuntu/URC_2026/ros2_service/install/camera_msg' for CMake module files
[6.498s] Level 1:colcon.colcon_core.environment:checking '/home/ubuntu/URC_2026/ros2_service/install/camera_msg' for CMake config files
[6.499s] Level 1:colcon.colcon_core.shell:create_environment_hook('camera_msg', 'cmake_prefix_path')
[6.499s] INFO:colcon.colcon_core.shell:Creating environment hook '/home/ubuntu/URC_2026/ros2_service/install/camera_msg/share/camera_msg/hook/cmake_prefix_path.ps1'
[6.499s] INFO:colcon.colcon_core.shell:Creating environment descriptor '/home/ubuntu/URC_2026/ros2_service/install/camera_msg/share/camera_msg/hook/cmake_prefix_path.dsv'
[6.500s] INFO:colcon.colcon_core.shell:Creating environment hook '/home/ubuntu/URC_2026/ros2_service/install/camera_msg/share/camera_msg/hook/cmake_prefix_path.sh'
[6.500s] Level 1:colcon.colcon_core.environment:checking '/home/ubuntu/URC_2026/ros2_service/install/camera_msg/lib'
[6.501s] Level 1:colcon.colcon_core.shell:create_environment_hook('camera_msg', 'ld_library_path_lib')
[6.501s] INFO:colcon.colcon_core.shell:Creating environment hook '/home/ubuntu/URC_2026/ros2_service/install/camera_msg/share/camera_msg/hook/ld_library_path_lib.ps1'
[6.501s] INFO:colcon.colcon_core.shell:Creating environment descriptor '/home/ubuntu/URC_2026/ros2_service/install/camera_msg/share/camera_msg/hook/ld_library_path_lib.dsv'
[6.502s] INFO:colcon.colcon_core.shell:Creating environment hook '/home/ubuntu/URC_2026/ros2_service/install/camera_msg/share/camera_msg/hook/ld_library_path_lib.sh'
[6.502s] Level 1:colcon.colcon_core.environment:checking '/home/ubuntu/URC_2026/ros2_service/install/camera_msg/bin'
[6.502s] Level 1:colcon.colcon_core.environment:checking '/home/ubuntu/URC_2026/ros2_service/install/camera_msg/lib/pkgconfig/camera_msg.pc'
[6.502s] Level 1:colcon.colcon_core.environment:checking '/home/ubuntu/URC_2026/ros2_service/install/camera_msg/lib/python3.12/site-packages'
[6.503s] Level 1:colcon.colcon_core.shell:create_environment_hook('camera_msg', 'pythonpath')
[6.503s] INFO:colcon.colcon_core.shell:Creating environment hook '/home/ubuntu/URC_2026/ros2_service/install/camera_msg/share/camera_msg/hook/pythonpath.ps1'
[6.504s] INFO:colcon.colcon_core.shell:Creating environment descriptor '/home/ubuntu/URC_2026/ros2_service/install/camera_msg/share/camera_msg/hook/pythonpath.dsv'
[6.504s] INFO:colcon.colcon_core.shell:Creating environment hook '/home/ubuntu/URC_2026/ros2_service/install/camera_msg/share/camera_msg/hook/pythonpath.sh'
[6.505s] Level 1:colcon.colcon_core.environment:checking '/home/ubuntu/URC_2026/ros2_service/install/camera_msg/bin'
[6.505s] INFO:colcon.colcon_core.shell:Creating package script '/home/ubuntu/URC_2026/ros2_service/install/camera_msg/share/camera_msg/package.ps1'
[6.506s] INFO:colcon.colcon_core.shell:Creating package descriptor '/home/ubuntu/URC_2026/ros2_service/install/camera_msg/share/camera_msg/package.dsv'
[6.507s] INFO:colcon.colcon_core.shell:Creating package script '/home/ubuntu/URC_2026/ros2_service/install/camera_msg/share/camera_msg/package.sh'
[6.508s] INFO:colcon.colcon_core.shell:Creating package script '/home/ubuntu/URC_2026/ros2_service/install/camera_msg/share/camera_msg/package.bash'
[6.508s] INFO:colcon.colcon_core.shell:Creating package script '/home/ubuntu/URC_2026/ros2_service/install/camera_msg/share/camera_msg/package.zsh'
[6.508s] Level 1:colcon.colcon_core.environment:create_file_with_runtime_dependencies(/home/ubuntu/URC_2026/ros2_service/install/camera_msg/share/colcon-core/packages/camera_msg)
[6.509s] DEBUG:colcon.colcon_parallel_executor.executor.parallel:closing loop
[6.509s] DEBUG:colcon.colcon_parallel_executor.executor.parallel:loop closed
[6.510s] DEBUG:colcon.colcon_parallel_executor.executor.parallel:run_until_complete finished with '0'
[6.510s] DEBUG:colcon.colcon_core.event_reactor:joining thread
[6.517s] INFO:colcon.colcon_core.plugin_system:Skipping extension 'colcon_notification.desktop_notification.terminal_notifier': Not used on non-Darwin systems
[6.517s] INFO:colcon.colcon_core.plugin_system:Skipping extension 'colcon_notification.desktop_notification.win32': Not used on non-Windows systems
[6.517s] INFO:colcon.colcon_notification.desktop_notification:Sending desktop notification using 'notify2'
[6.540s] DEBUG:colcon.colcon_core.event_reactor:joined thread
[6.541s] INFO:colcon.colcon_core.shell:Creating prefix script '/home/ubuntu/URC_2026/ros2_service/install/local_setup.ps1'
[6.542s] INFO:colcon.colcon_core.shell:Creating prefix util module '/home/ubuntu/URC_2026/ros2_service/install/_local_setup_util_ps1.py'
[6.544s] INFO:colcon.colcon_core.shell:Creating prefix chain script '/home/ubuntu/URC_2026/ros2_service/install/setup.ps1'
[6.545s] INFO:colcon.colcon_core.shell:Creating prefix script '/home/ubuntu/URC_2026/ros2_service/install/local_setup.sh'
[6.546s] INFO:colcon.colcon_core.shell:Creating prefix util module '/home/ubuntu/URC_2026/ros2_service/install/_local_setup_util_sh.py'
[6.547s] INFO:colcon.colcon_core.shell:Creating prefix chain script '/home/ubuntu/URC_2026/ros2_service/install/setup.sh'
[6.548s] INFO:colcon.colcon_core.shell:Creating prefix script '/home/ubuntu/URC_2026/ros2_service/install/local_setup.bash'
[6.549s] INFO:colcon.colcon_core.shell:Creating prefix chain script '/home/ubuntu/URC_2026/ros2_service/install/setup.bash'
[6.550s] INFO:colcon.colcon_core.shell:Creating prefix script '/home/ubuntu/URC_2026/ros2_service/install/local_setup.zsh'
[6.550s] INFO:colcon.colcon_core.shell:Creating prefix chain script '/home/ubuntu/URC_2026/ros2_service/install/setup.zsh'
