[0.127s] DEBUG:colcon:Command line arguments: ['/usr/bin/colcon', 'build', '--packages-select', 'camera_msg']
[0.127s] DEBUG:colcon:Parsed command line arguments: Namespace(log_base=None, log_level=None, verb_name='build', build_base='build', install_base='install', merge_install=False, symlink_install=False, test_result_base=None, continue_on_error=False, executor='parallel', parallel_workers=16, event_handlers=None, ignore_user_meta=False, metas=['./colcon.meta'], base_paths=['.'], packages_ignore=None, packages_ignore_regex=None, paths=None, packages_up_to=None, packages_up_to_regex=None, packages_above=None, packages_above_and_dependencies=None, packages_above_depth=None, packages_select_by_dep=None, packages_skip_by_dep=None, packages_skip_up_to=None, packages_select_build_failed=False, packages_skip_build_finished=False, packages_select_test_failures=False, packages_skip_test_passed=False, packages_select=['camera_msg'], packages_skip=None, packages_select_regex=None, packages_skip_regex=None, packages_start=None, packages_end=None, allow_overriding=[], cmake_args=None, cmake_target=None, cmake_target_skip_unavailable=False, cmake_clean_cache=False, cmake_clean_first=False, cmake_force_configure=False, ament_cmake_args=None, catkin_cmake_args=None, catkin_skip_building_tests=False, mixin_files=None, mixin=None, verb_parser=<colcon_mixin.mixin.mixin_argument.MixinArgumentDecorator object at 0x75cb14661610>, verb_extension=<colcon_core.verb.build.BuildVerb object at 0x75cb145e3560>, main=<bound method BuildVerb.main of <colcon_core.verb.build.BuildVerb object at 0x75cb145e3560>>, mixin_verb=('build',))
[0.173s] Level 1:colcon.colcon_core.package_discovery:discover_packages(colcon_meta) check parameters
[0.173s] Level 1:colcon.colcon_core.package_discovery:discover_packages(recursive) check parameters
[0.173s] Level 1:colcon.colcon_core.package_discovery:discover_packages(ignore) check parameters
[0.173s] Level 1:colcon.colcon_core.package_discovery:discover_packages(path) check parameters
[0.173s] Level 1:colcon.colcon_core.package_discovery:discover_packages(colcon_meta) discover
[0.173s] Level 1:colcon.colcon_core.package_discovery:discover_packages(recursive) discover
[0.173s] INFO:colcon.colcon_core.package_discovery:Crawling recursively for packages in '/home/ubuntu/URC_2026/ros2_service'
[0.174s] Level 1:colcon.colcon_core.package_identification:_identify(.) by extensions ['ignore', 'ignore_ament_install']
[0.174s] Level 1:colcon.colcon_core.package_identification:_identify(.) by extension 'ignore'
[0.174s] Level 1:colcon.colcon_core.package_identification:_identify(.) by extension 'ignore_ament_install'
[0.174s] Level 1:colcon.colcon_core.package_identification:_identify(.) by extensions ['colcon_pkg']
[0.174s] Level 1:colcon.colcon_core.package_identification:_identify(.) by extension 'colcon_pkg'
[0.174s] Level 1:colcon.colcon_core.package_identification:_identify(.) by extensions ['colcon_meta']
[0.174s] Level 1:colcon.colcon_core.package_identification:_identify(.) by extension 'colcon_meta'
[0.174s] Level 1:colcon.colcon_core.package_identification:_identify(.) by extensions ['ros']
[0.174s] Level 1:colcon.colcon_core.package_identification:_identify(.) by extension 'ros'
[0.205s] Level 1:colcon.colcon_core.package_identification:_identify(.) by extensions ['cmake', 'python']
[0.205s] Level 1:colcon.colcon_core.package_identification:_identify(.) by extension 'cmake'
[0.205s] Level 1:colcon.colcon_core.package_identification:_identify(.) by extension 'python'
[0.205s] Level 1:colcon.colcon_core.package_identification:_identify(.) by extensions ['python_setup_py']
[0.205s] Level 1:colcon.colcon_core.package_identification:_identify(.) by extension 'python_setup_py'
[0.205s] Level 1:colcon.colcon_core.package_identification:_identify(build) by extensions ['ignore', 'ignore_ament_install']
[0.205s] Level 1:colcon.colcon_core.package_identification:_identify(build) by extension 'ignore'
[0.205s] Level 1:colcon.colcon_core.package_identification:_identify(build) ignored
[0.205s] Level 1:colcon.colcon_core.package_identification:_identify(camera_msg) by extensions ['ignore', 'ignore_ament_install']
[0.206s] Level 1:colcon.colcon_core.package_identification:_identify(camera_msg) by extension 'ignore'
[0.206s] Level 1:colcon.colcon_core.package_identification:_identify(camera_msg) by extension 'ignore_ament_install'
[0.206s] Level 1:colcon.colcon_core.package_identification:_identify(camera_msg) by extensions ['colcon_pkg']
[0.206s] Level 1:colcon.colcon_core.package_identification:_identify(camera_msg) by extension 'colcon_pkg'
[0.206s] Level 1:colcon.colcon_core.package_identification:_identify(camera_msg) by extensions ['colcon_meta']
[0.206s] Level 1:colcon.colcon_core.package_identification:_identify(camera_msg) by extension 'colcon_meta'
[0.206s] Level 1:colcon.colcon_core.package_identification:_identify(camera_msg) by extensions ['ros']
[0.206s] Level 1:colcon.colcon_core.package_identification:_identify(camera_msg) by extension 'ros'
[0.209s] DEBUG:colcon.colcon_core.package_identification:Package 'camera_msg' with type 'ros.ament_cmake' and name 'camera_msg'
[0.209s] Level 1:colcon.colcon_core.package_identification:_identify(install) by extensions ['ignore', 'ignore_ament_install']
[0.209s] Level 1:colcon.colcon_core.package_identification:_identify(install) by extension 'ignore'
[0.209s] Level 1:colcon.colcon_core.package_identification:_identify(install) ignored
[0.209s] Level 1:colcon.colcon_core.package_identification:_identify(log) by extensions ['ignore', 'ignore_ament_install']
[0.209s] Level 1:colcon.colcon_core.package_identification:_identify(log) by extension 'ignore'
[0.209s] Level 1:colcon.colcon_core.package_identification:_identify(log) ignored
[0.209s] Level 1:colcon.colcon_core.package_discovery:discover_packages(recursive) using defaults
[0.209s] Level 1:colcon.colcon_core.package_discovery:discover_packages(ignore) discover
[0.209s] Level 1:colcon.colcon_core.package_discovery:discover_packages(ignore) using defaults
[0.209s] Level 1:colcon.colcon_core.package_discovery:discover_packages(path) discover
[0.209s] Level 1:colcon.colcon_core.package_discovery:discover_packages(path) using defaults
[0.230s] Level 1:colcon.colcon_core.package_discovery:discover_packages(prefix_path) check parameters
[0.230s] Level 1:colcon.colcon_core.package_discovery:discover_packages(prefix_path) discover
[0.232s] DEBUG:colcon.colcon_installed_package_information.package_discovery:Found 1 installed packages in /home/ubuntu/URC_2026/ros2_service/install
[0.233s] DEBUG:colcon.colcon_installed_package_information.package_discovery:Found 292 installed packages in /opt/ros/jazzy
[0.235s] Level 1:colcon.colcon_core.package_discovery:discover_packages(prefix_path) using defaults
[0.275s] Level 5:colcon.colcon_core.verb:set package 'camera_msg' build argument 'cmake_args' from command line to 'None'
[0.275s] Level 5:colcon.colcon_core.verb:set package 'camera_msg' build argument 'cmake_target' from command line to 'None'
[0.275s] Level 5:colcon.colcon_core.verb:set package 'camera_msg' build argument 'cmake_target_skip_unavailable' from command line to 'False'
[0.275s] Level 5:colcon.colcon_core.verb:set package 'camera_msg' build argument 'cmake_clean_cache' from command line to 'False'
[0.275s] Level 5:colcon.colcon_core.verb:set package 'camera_msg' build argument 'cmake_clean_first' from command line to 'False'
[0.275s] Level 5:colcon.colcon_core.verb:set package 'camera_msg' build argument 'cmake_force_configure' from command line to 'False'
[0.275s] Level 5:colcon.colcon_core.verb:set package 'camera_msg' build argument 'ament_cmake_args' from command line to 'None'
[0.275s] Level 5:colcon.colcon_core.verb:set package 'camera_msg' build argument 'catkin_cmake_args' from command line to 'None'
[0.275s] Level 5:colcon.colcon_core.verb:set package 'camera_msg' build argument 'catkin_skip_building_tests' from command line to 'False'
[0.275s] DEBUG:colcon.colcon_core.verb:Building package 'camera_msg' with the following arguments: {'ament_cmake_args': None, 'build_base': '/home/ubuntu/URC_2026/ros2_service/build/camera_msg', 'catkin_cmake_args': None, 'catkin_skip_building_tests': False, 'cmake_args': None, 'cmake_clean_cache': False, 'cmake_clean_first': False, 'cmake_force_configure': False, 'cmake_target': None, 'cmake_target_skip_unavailable': False, 'install_base': '/home/ubuntu/URC_2026/ros2_service/install/camera_msg', 'merge_install': False, 'path': '/home/ubuntu/URC_2026/ros2_service/camera_msg', 'symlink_install': False, 'test_result_base': None}
[0.276s] INFO:colcon.colcon_core.executor:Executing jobs using 'parallel' executor
[0.277s] DEBUG:colcon.colcon_parallel_executor.executor.parallel:run_until_complete
[0.277s] INFO:colcon.colcon_ros.task.ament_cmake.build:Building ROS package in '/home/ubuntu/URC_2026/ros2_service/camera_msg' with build type 'ament_cmake'
[0.277s] INFO:colcon.colcon_cmake.task.cmake.build:Building CMake package in '/home/ubuntu/URC_2026/ros2_service/camera_msg'
[0.279s] INFO:colcon.colcon_core.plugin_system:Skipping extension 'colcon_core.shell.bat': Not used on non-Windows systems
[0.279s] INFO:colcon.colcon_core.shell:Skip shell extension 'powershell' for command environment: Not usable outside of PowerShell
[0.279s] DEBUG:colcon.colcon_core.shell:Skip shell extension 'dsv' for command environment
[0.290s] DEBUG:colcon.colcon_core.event_handler.log_command:Invoking command in '/home/ubuntu/URC_2026/ros2_service/build/camera_msg': CMAKE_PREFIX_PATH=${CMAKE_PREFIX_PATH}:/opt/ros/jazzy DEBUGINFOD_URLS=https://debuginfod.ubuntu.com /usr/bin/cmake --build /home/ubuntu/URC_2026/ros2_service/build/camera_msg -- -j16 -l16
[4.917s] DEBUG:colcon.colcon_core.event_handler.log_command:Invoked command in '/home/ubuntu/URC_2026/ros2_service/build/camera_msg' returned '0': CMAKE_PREFIX_PATH=${CMAKE_PREFIX_PATH}:/opt/ros/jazzy DEBUGINFOD_URLS=https://debuginfod.ubuntu.com /usr/bin/cmake --build /home/ubuntu/URC_2026/ros2_service/build/camera_msg -- -j16 -l16
[4.931s] DEBUG:colcon.colcon_core.event_handler.log_command:Invoking command in '/home/ubuntu/URC_2026/ros2_service/build/camera_msg': CMAKE_PREFIX_PATH=${CMAKE_PREFIX_PATH}:/opt/ros/jazzy DEBUGINFOD_URLS=https://debuginfod.ubuntu.com /usr/bin/cmake --install /home/ubuntu/URC_2026/ros2_service/build/camera_msg
[5.019s] Level 1:colcon.colcon_core.environment:create_environment_scripts_only(camera_msg)
[5.019s] DEBUG:colcon.colcon_core.event_handler.log_command:Invoked command in '/home/ubuntu/URC_2026/ros2_service/build/camera_msg' returned '0': CMAKE_PREFIX_PATH=${CMAKE_PREFIX_PATH}:/opt/ros/jazzy DEBUGINFOD_URLS=https://debuginfod.ubuntu.com /usr/bin/cmake --install /home/ubuntu/URC_2026/ros2_service/build/camera_msg
[5.021s] Level 1:colcon.colcon_core.environment:checking '/home/ubuntu/URC_2026/ros2_service/install/camera_msg' for CMake module files
[5.022s] Level 1:colcon.colcon_core.environment:checking '/home/ubuntu/URC_2026/ros2_service/install/camera_msg' for CMake config files
[5.022s] Level 1:colcon.colcon_core.shell:create_environment_hook('camera_msg', 'cmake_prefix_path')
[5.022s] INFO:colcon.colcon_core.shell:Creating environment hook '/home/ubuntu/URC_2026/ros2_service/install/camera_msg/share/camera_msg/hook/cmake_prefix_path.ps1'
[5.023s] INFO:colcon.colcon_core.shell:Creating environment descriptor '/home/ubuntu/URC_2026/ros2_service/install/camera_msg/share/camera_msg/hook/cmake_prefix_path.dsv'
[5.023s] INFO:colcon.colcon_core.shell:Creating environment hook '/home/ubuntu/URC_2026/ros2_service/install/camera_msg/share/camera_msg/hook/cmake_prefix_path.sh'
[5.024s] Level 1:colcon.colcon_core.environment:checking '/home/ubuntu/URC_2026/ros2_service/install/camera_msg/lib'
[5.024s] Level 1:colcon.colcon_core.shell:create_environment_hook('camera_msg', 'ld_library_path_lib')
[5.025s] INFO:colcon.colcon_core.shell:Creating environment hook '/home/ubuntu/URC_2026/ros2_service/install/camera_msg/share/camera_msg/hook/ld_library_path_lib.ps1'
[5.025s] INFO:colcon.colcon_core.shell:Creating environment descriptor '/home/ubuntu/URC_2026/ros2_service/install/camera_msg/share/camera_msg/hook/ld_library_path_lib.dsv'
[5.025s] INFO:colcon.colcon_core.shell:Creating environment hook '/home/ubuntu/URC_2026/ros2_service/install/camera_msg/share/camera_msg/hook/ld_library_path_lib.sh'
[5.026s] Level 1:colcon.colcon_core.environment:checking '/home/ubuntu/URC_2026/ros2_service/install/camera_msg/bin'
[5.026s] Level 1:colcon.colcon_core.environment:checking '/home/ubuntu/URC_2026/ros2_service/install/camera_msg/lib/pkgconfig/camera_msg.pc'
[5.026s] Level 1:colcon.colcon_core.environment:checking '/home/ubuntu/URC_2026/ros2_service/install/camera_msg/lib/python3.12/site-packages'
[5.026s] Level 1:colcon.colcon_core.shell:create_environment_hook('camera_msg', 'pythonpath')
[5.026s] INFO:colcon.colcon_core.shell:Creating environment hook '/home/ubuntu/URC_2026/ros2_service/install/camera_msg/share/camera_msg/hook/pythonpath.ps1'
[5.027s] INFO:colcon.colcon_core.shell:Creating environment descriptor '/home/ubuntu/URC_2026/ros2_service/install/camera_msg/share/camera_msg/hook/pythonpath.dsv'
[5.027s] INFO:colcon.colcon_core.shell:Creating environment hook '/home/ubuntu/URC_2026/ros2_service/install/camera_msg/share/camera_msg/hook/pythonpath.sh'
[5.028s] Level 1:colcon.colcon_core.environment:checking '/home/ubuntu/URC_2026/ros2_service/install/camera_msg/bin'
[5.028s] INFO:colcon.colcon_core.shell:Creating package script '/home/ubuntu/URC_2026/ros2_service/install/camera_msg/share/camera_msg/package.ps1'
[5.029s] INFO:colcon.colcon_core.shell:Creating package descriptor '/home/ubuntu/URC_2026/ros2_service/install/camera_msg/share/camera_msg/package.dsv'
[5.029s] INFO:colcon.colcon_core.shell:Creating package script '/home/ubuntu/URC_2026/ros2_service/install/camera_msg/share/camera_msg/package.sh'
[5.030s] INFO:colcon.colcon_core.shell:Creating package script '/home/ubuntu/URC_2026/ros2_service/install/camera_msg/share/camera_msg/package.bash'
[5.030s] INFO:colcon.colcon_core.shell:Creating package script '/home/ubuntu/URC_2026/ros2_service/install/camera_msg/share/camera_msg/package.zsh'
[5.031s] Level 1:colcon.colcon_core.environment:create_file_with_runtime_dependencies(/home/ubuntu/URC_2026/ros2_service/install/camera_msg/share/colcon-core/packages/camera_msg)
[5.032s] Level 1:colcon.colcon_core.environment:create_environment_scripts_only(camera_msg)
[5.032s] Level 1:colcon.colcon_core.environment:checking '/home/ubuntu/URC_2026/ros2_service/install/camera_msg' for CMake module files
[5.032s] Level 1:colcon.colcon_core.environment:checking '/home/ubuntu/URC_2026/ros2_service/install/camera_msg' for CMake config files
[5.032s] Level 1:colcon.colcon_core.shell:create_environment_hook('camera_msg', 'cmake_prefix_path')
[5.033s] INFO:colcon.colcon_core.shell:Creating environment hook '/home/ubuntu/URC_2026/ros2_service/install/camera_msg/share/camera_msg/hook/cmake_prefix_path.ps1'
[5.033s] INFO:colcon.colcon_core.shell:Creating environment descriptor '/home/ubuntu/URC_2026/ros2_service/install/camera_msg/share/camera_msg/hook/cmake_prefix_path.dsv'
[5.033s] INFO:colcon.colcon_core.shell:Creating environment hook '/home/ubuntu/URC_2026/ros2_service/install/camera_msg/share/camera_msg/hook/cmake_prefix_path.sh'
[5.034s] Level 1:colcon.colcon_core.environment:checking '/home/ubuntu/URC_2026/ros2_service/install/camera_msg/lib'
[5.034s] Level 1:colcon.colcon_core.shell:create_environment_hook('camera_msg', 'ld_library_path_lib')
[5.034s] INFO:colcon.colcon_core.shell:Creating environment hook '/home/ubuntu/URC_2026/ros2_service/install/camera_msg/share/camera_msg/hook/ld_library_path_lib.ps1'
[5.034s] INFO:colcon.colcon_core.shell:Creating environment descriptor '/home/ubuntu/URC_2026/ros2_service/install/camera_msg/share/camera_msg/hook/ld_library_path_lib.dsv'
[5.035s] INFO:colcon.colcon_core.shell:Creating environment hook '/home/ubuntu/URC_2026/ros2_service/install/camera_msg/share/camera_msg/hook/ld_library_path_lib.sh'
[5.036s] Level 1:colcon.colcon_core.environment:checking '/home/ubuntu/URC_2026/ros2_service/install/camera_msg/bin'
[5.036s] Level 1:colcon.colcon_core.environment:checking '/home/ubuntu/URC_2026/ros2_service/install/camera_msg/lib/pkgconfig/camera_msg.pc'
[5.036s] Level 1:colcon.colcon_core.environment:checking '/home/ubuntu/URC_2026/ros2_service/install/camera_msg/lib/python3.12/site-packages'
[5.036s] Level 1:colcon.colcon_core.shell:create_environment_hook('camera_msg', 'pythonpath')
[5.036s] INFO:colcon.colcon_core.shell:Creating environment hook '/home/ubuntu/URC_2026/ros2_service/install/camera_msg/share/camera_msg/hook/pythonpath.ps1'
[5.037s] INFO:colcon.colcon_core.shell:Creating environment descriptor '/home/ubuntu/URC_2026/ros2_service/install/camera_msg/share/camera_msg/hook/pythonpath.dsv'
[5.037s] INFO:colcon.colcon_core.shell:Creating environment hook '/home/ubuntu/URC_2026/ros2_service/install/camera_msg/share/camera_msg/hook/pythonpath.sh'
[5.038s] Level 1:colcon.colcon_core.environment:checking '/home/ubuntu/URC_2026/ros2_service/install/camera_msg/bin'
[5.038s] INFO:colcon.colcon_core.shell:Creating package script '/home/ubuntu/URC_2026/ros2_service/install/camera_msg/share/camera_msg/package.ps1'
[5.038s] INFO:colcon.colcon_core.shell:Creating package descriptor '/home/ubuntu/URC_2026/ros2_service/install/camera_msg/share/camera_msg/package.dsv'
[5.039s] INFO:colcon.colcon_core.shell:Creating package script '/home/ubuntu/URC_2026/ros2_service/install/camera_msg/share/camera_msg/package.sh'
[5.039s] INFO:colcon.colcon_core.shell:Creating package script '/home/ubuntu/URC_2026/ros2_service/install/camera_msg/share/camera_msg/package.bash'
[5.040s] INFO:colcon.colcon_core.shell:Creating package script '/home/ubuntu/URC_2026/ros2_service/install/camera_msg/share/camera_msg/package.zsh'
[5.040s] Level 1:colcon.colcon_core.environment:create_file_with_runtime_dependencies(/home/ubuntu/URC_2026/ros2_service/install/camera_msg/share/colcon-core/packages/camera_msg)
[5.040s] DEBUG:colcon.colcon_parallel_executor.executor.parallel:closing loop
[5.041s] DEBUG:colcon.colcon_parallel_executor.executor.parallel:loop closed
[5.041s] DEBUG:colcon.colcon_parallel_executor.executor.parallel:run_until_complete finished with '0'
[5.041s] DEBUG:colcon.colcon_core.event_reactor:joining thread
[5.046s] INFO:colcon.colcon_core.plugin_system:Skipping extension 'colcon_notification.desktop_notification.terminal_notifier': Not used on non-Darwin systems
[5.046s] INFO:colcon.colcon_core.plugin_system:Skipping extension 'colcon_notification.desktop_notification.win32': Not used on non-Windows systems
[5.046s] INFO:colcon.colcon_notification.desktop_notification:Sending desktop notification using 'notify2'
[5.069s] DEBUG:colcon.colcon_core.event_reactor:joined thread
[5.070s] INFO:colcon.colcon_core.shell:Creating prefix script '/home/ubuntu/URC_2026/ros2_service/install/local_setup.ps1'
[5.071s] INFO:colcon.colcon_core.shell:Creating prefix util module '/home/ubuntu/URC_2026/ros2_service/install/_local_setup_util_ps1.py'
[5.072s] INFO:colcon.colcon_core.shell:Creating prefix chain script '/home/ubuntu/URC_2026/ros2_service/install/setup.ps1'
[5.074s] INFO:colcon.colcon_core.shell:Creating prefix script '/home/ubuntu/URC_2026/ros2_service/install/local_setup.sh'
[5.074s] INFO:colcon.colcon_core.shell:Creating prefix util module '/home/ubuntu/URC_2026/ros2_service/install/_local_setup_util_sh.py'
[5.075s] INFO:colcon.colcon_core.shell:Creating prefix chain script '/home/ubuntu/URC_2026/ros2_service/install/setup.sh'
[5.076s] INFO:colcon.colcon_core.shell:Creating prefix script '/home/ubuntu/URC_2026/ros2_service/install/local_setup.bash'
[5.077s] INFO:colcon.colcon_core.shell:Creating prefix chain script '/home/ubuntu/URC_2026/ros2_service/install/setup.bash'
[5.078s] INFO:colcon.colcon_core.shell:Creating prefix script '/home/ubuntu/URC_2026/ros2_service/install/local_setup.zsh'
[5.079s] INFO:colcon.colcon_core.shell:Creating prefix chain script '/home/ubuntu/URC_2026/ros2_service/install/setup.zsh'
