[0.010s] Invoking command in '/home/ubuntu/URC_2026/ros2_service/build/camera_msg': CMAKE_PREFIX_PATH=${CMAKE_PREFIX_PATH}:/opt/ros/jazzy DEBUGINFOD_URLS=https://debuginfod.ubuntu.com /usr/bin/cmake /home/ubuntu/URC_2026/ros2_service/camera_msg -DCMAKE_INSTALL_PREFIX=/home/ubuntu/URC_2026/ros2_service/install/camera_msg
[0.086s] -- The C compiler identification is GNU 13.3.0
[0.165s] -- The CXX compiler identification is GNU 13.3.0
[0.188s] -- Detecting C compiler ABI info
[0.314s] -- Detecting C compiler ABI info - done
[0.329s] -- Check for working C compiler: /usr/bin/cc - skipped
[0.330s] -- Detecting C compile features
[0.330s] -- Detecting C compile features - done
[0.346s] -- Detecting CXX compiler ABI info
[0.486s] -- Detecting CXX compiler ABI info - done
[0.506s] -- Check for working CXX compiler: /usr/bin/c++ - skipped
[0.506s] -- Detecting CXX compile features
[0.507s] -- Detecting CXX compile features - done
[0.510s] -- Found ament_cmake: 2.5.4 (/opt/ros/jazzy/share/ament_cmake/cmake)
[0.755s] -- Found Python3: /usr/bin/python3 (found version "3.12.3") found components: Interpreter 
[0.881s] -- Found rosidl_default_generators: 1.6.0 (/opt/ros/jazzy/share/rosidl_default_generators/cmake)
[0.887s] -- Using all available rosidl_typesupport_c: rosidl_typesupport_fastrtps_c;rosidl_typesupport_introspection_c
[0.946s] -- Using all available rosidl_typesupport_cpp: rosidl_typesupport_fastrtps_cpp;rosidl_typesupport_introspection_cpp
[0.991s] -- Found rosidl_adapter: 4.6.6 (/opt/ros/jazzy/share/rosidl_adapter/cmake)
[0.995s] -- Found ament_lint_auto: 0.17.3 (/opt/ros/jazzy/share/ament_lint_auto/cmake)
[1.911s] -- Found ament_cmake_ros: 0.12.0 (/opt/ros/jazzy/share/ament_cmake_ros/cmake)
[2.523s] -- Using all available rosidl_typesupport_c: rosidl_typesupport_fastrtps_c;rosidl_typesupport_introspection_c
[3.313s] -- Using all available rosidl_typesupport_cpp: rosidl_typesupport_fastrtps_cpp;rosidl_typesupport_introspection_cpp
[3.316s] -- Found python_cmake_module: 0.11.1 (/opt/ros/jazzy/share/python_cmake_module/cmake)
[3.505s] -- Found PythonExtra: /usr/bin/python3  
[4.116s] -- Found Python3: /usr/bin/python3 (found version "3.12.3") found components: Interpreter Development NumPy Development.Module Development.Embed 
[4.168s] -- Added test 'lint_cmake' to check CMake code style
[4.170s] -- Added test 'xmllint' to check XML markup files
[4.175s] -- Configuring done (4.2s)
[4.214s] -- Generating done (0.0s)
[4.228s] -- Build files have been written to: /home/ubuntu/URC_2026/ros2_service/build/camera_msg
[4.242s] Invoked command in '/home/ubuntu/URC_2026/ros2_service/build/camera_msg' returned '0': CMAKE_PREFIX_PATH=${CMAKE_PREFIX_PATH}:/opt/ros/jazzy DEBUGINFOD_URLS=https://debuginfod.ubuntu.com /usr/bin/cmake /home/ubuntu/URC_2026/ros2_service/camera_msg -DCMAKE_INSTALL_PREFIX=/home/ubuntu/URC_2026/ros2_service/install/camera_msg
[4.243s] Invoking command in '/home/ubuntu/URC_2026/ros2_service/build/camera_msg': CMAKE_PREFIX_PATH=${CMAKE_PREFIX_PATH}:/opt/ros/jazzy DEBUGINFOD_URLS=https://debuginfod.ubuntu.com /usr/bin/cmake --build /home/ubuntu/URC_2026/ros2_service/build/camera_msg -- -j16 -l16
[4.306s] [  2%] [34m[1mGenerating type hashes for ROS interfaces[0m
[4.317s] [  2%] Built target ament_cmake_python_copy_camera_msg
[4.560s] [  2%] Built target camera_msg__rosidl_generator_type_description
[4.574s] running egg_info
[4.574s] [  4%] [34m[1mGenerating C code for ROS interfaces[0m
[4.575s] creating camera_msg.egg-info
[4.590s] [  6%] [34m[1mGenerating C++ code for ROS interfaces[0m
[4.595s] writing camera_msg.egg-info/PKG-INFO
[4.595s] writing dependency_links to camera_msg.egg-info/dependency_links.txt
[4.595s] writing top-level names to camera_msg.egg-info/top_level.txt
[4.595s] writing manifest file 'camera_msg.egg-info/SOURCES.txt'
[4.655s] reading manifest file 'camera_msg.egg-info/SOURCES.txt'
[4.656s] writing manifest file 'camera_msg.egg-info/SOURCES.txt'
[4.690s] [  6%] Built target ament_cmake_python_build_camera_msg_egg
[4.931s] [  6%] Built target camera_msg__cpp
[4.963s] [  9%] [32mBuilding C object CMakeFiles/camera_msg__rosidl_generator_c.dir/rosidl_generator_c/camera_msg/srv/detail/camera_status__functions.c.o[0m
[4.963s] [ 11%] [32mBuilding C object CMakeFiles/camera_msg__rosidl_generator_c.dir/rosidl_generator_c/camera_msg/srv/detail/camera_status__type_support.c.o[0m
[4.965s] [ 13%] [32mBuilding C object CMakeFiles/camera_msg__rosidl_generator_c.dir/rosidl_generator_c/camera_msg/msg/detail/camera_info__type_support.c.o[0m
[4.965s] [ 15%] [32mBuilding C object CMakeFiles/camera_msg__rosidl_generator_c.dir/rosidl_generator_c/camera_msg/msg/detail/camera_info__description.c.o[0m
[4.966s] [ 18%] [32mBuilding C object CMakeFiles/camera_msg__rosidl_generator_c.dir/rosidl_generator_c/camera_msg/msg/detail/camera_info__functions.c.o[0m
[4.966s] [ 20%] [32mBuilding C object CMakeFiles/camera_msg__rosidl_generator_c.dir/rosidl_generator_c/camera_msg/srv/detail/camera_status__description.c.o[0m
[5.059s] [ 22%] [32m[1mLinking C shared library libcamera_msg__rosidl_generator_c.so[0m
[5.109s] [ 22%] Built target camera_msg__rosidl_generator_c
[5.122s] [ 25%] [34m[1mGenerating C++ type support for eProsima Fast-RTPS[0m
[5.123s] [ 27%] [34m[1mGenerating C type support dispatch for ROS interfaces[0m
[5.126s] [ 29%] [34m[1mGenerating C++ introspection for ROS interfaces[0m
[5.126s] [ 31%] [34m[1mGenerating C++ type support dispatch for ROS interfaces[0m
[5.127s] [ 36%] [34m[1mGenerating C introspection for ROS interfaces[0m
[5.127s] [ 36%] [34m[1mGenerating C type support for eProsima Fast-RTPS[0m
[5.423s] [ 38%] [32mBuilding CXX object CMakeFiles/camera_msg__rosidl_typesupport_c.dir/rosidl_typesupport_c/camera_msg/srv/camera_status__type_support.cpp.o[0m
[5.427s] [ 40%] [32mBuilding CXX object CMakeFiles/camera_msg__rosidl_typesupport_c.dir/rosidl_typesupport_c/camera_msg/msg/camera_info__type_support.cpp.o[0m
[5.432s] [ 45%] [32mBuilding CXX object CMakeFiles/camera_msg__rosidl_typesupport_cpp.dir/rosidl_typesupport_cpp/camera_msg/srv/camera_status__type_support.cpp.o[0m
[5.432s] [ 45%] [32mBuilding CXX object CMakeFiles/camera_msg__rosidl_typesupport_cpp.dir/rosidl_typesupport_cpp/camera_msg/msg/camera_info__type_support.cpp.o[0m
[5.485s] [ 47%] [32m[1mLinking CXX shared library libcamera_msg__rosidl_typesupport_c.so[0m
[5.500s] [ 50%] [32mBuilding CXX object CMakeFiles/camera_msg__rosidl_typesupport_fastrtps_cpp.dir/rosidl_typesupport_fastrtps_cpp/camera_msg/msg/detail/dds_fastrtps/camera_info__type_support.cpp.o[0m
[5.501s] [ 52%] [32mBuilding CXX object CMakeFiles/camera_msg__rosidl_typesupport_fastrtps_cpp.dir/rosidl_typesupport_fastrtps_cpp/camera_msg/srv/detail/dds_fastrtps/camera_status__type_support.cpp.o[0m
[5.520s] [ 54%] [32mBuilding CXX object CMakeFiles/camera_msg__rosidl_typesupport_fastrtps_c.dir/rosidl_typesupport_fastrtps_c/camera_msg/srv/detail/camera_status__type_support_c.cpp.o[0m
[5.524s] [ 56%] [32mBuilding CXX object CMakeFiles/camera_msg__rosidl_typesupport_fastrtps_c.dir/rosidl_typesupport_fastrtps_c/camera_msg/msg/detail/camera_info__type_support_c.cpp.o[0m
[5.548s] [ 56%] Built target camera_msg__rosidl_typesupport_c
[5.572s] [ 59%] [32mBuilding CXX object CMakeFiles/camera_msg__rosidl_typesupport_introspection_cpp.dir/rosidl_typesupport_introspection_cpp/camera_msg/msg/detail/camera_info__type_support.cpp.o[0m
[5.576s] [ 61%] [32mBuilding CXX object CMakeFiles/camera_msg__rosidl_typesupport_introspection_cpp.dir/rosidl_typesupport_introspection_cpp/camera_msg/srv/detail/camera_status__type_support.cpp.o[0m
[5.629s] [ 63%] [32mBuilding C object CMakeFiles/camera_msg__rosidl_typesupport_introspection_c.dir/rosidl_typesupport_introspection_c/camera_msg/msg/detail/camera_info__type_support.c.o[0m
[5.634s] [ 65%] [32mBuilding C object CMakeFiles/camera_msg__rosidl_typesupport_introspection_c.dir/rosidl_typesupport_introspection_c/camera_msg/srv/detail/camera_status__type_support.c.o[0m
[5.719s] [ 68%] [32m[1mLinking C shared library libcamera_msg__rosidl_typesupport_introspection_c.so[0m
[5.775s] [ 68%] Built target camera_msg__rosidl_typesupport_introspection_c
[6.069s] [ 70%] [32m[1mLinking CXX shared library libcamera_msg__rosidl_typesupport_introspection_cpp.so[0m
[6.116s] [ 72%] [32m[1mLinking CXX shared library libcamera_msg__rosidl_typesupport_cpp.so[0m
[6.169s] [ 72%] Built target camera_msg__rosidl_typesupport_introspection_cpp
[6.172s] [ 75%] [32m[1mLinking CXX shared library libcamera_msg__rosidl_typesupport_fastrtps_c.so[0m
[6.207s] [ 75%] Built target camera_msg__rosidl_typesupport_cpp
[6.264s] [ 75%] Built target camera_msg__rosidl_typesupport_fastrtps_c
[6.471s] [ 77%] [32m[1mLinking CXX shared library libcamera_msg__rosidl_typesupport_fastrtps_cpp.so[0m
[6.561s] [ 77%] Built target camera_msg__rosidl_typesupport_fastrtps_cpp
[6.588s] [ 77%] Built target camera_msg
[6.611s] [ 79%] [34m[1mGenerating Python code for ROS interfaces[0m
[7.049s] [ 79%] Built target camera_msg__py
[7.078s] [ 81%] [32mBuilding C object CMakeFiles/camera_msg__rosidl_generator_py.dir/rosidl_generator_py/camera_msg/msg/_camera_info_s.c.o[0m
[7.079s] [ 84%] [32mBuilding C object CMakeFiles/camera_msg__rosidl_generator_py.dir/rosidl_generator_py/camera_msg/srv/_camera_status_s.c.o[0m
[7.248s] [ 86%] [32m[1mLinking C shared library libcamera_msg__rosidl_generator_py.so[0m
[7.306s] [ 86%] Built target camera_msg__rosidl_generator_py
[7.334s] [ 88%] [32mBuilding C object CMakeFiles/camera_msg_s__rosidl_typesupport_fastrtps_c.dir/rosidl_generator_py/camera_msg/_camera_msg_s.ep.rosidl_typesupport_fastrtps_c.c.o[0m
[7.336s] [ 90%] [32mBuilding C object CMakeFiles/camera_msg_s__rosidl_typesupport_introspection_c.dir/rosidl_generator_py/camera_msg/_camera_msg_s.ep.rosidl_typesupport_introspection_c.c.o[0m
[7.336s] [ 93%] [32mBuilding C object CMakeFiles/camera_msg_s__rosidl_typesupport_c.dir/rosidl_generator_py/camera_msg/_camera_msg_s.ep.rosidl_typesupport_c.c.o[0m
[7.474s] [ 95%] [32m[1mLinking C shared module rosidl_generator_py/camera_msg/camera_msg_s__rosidl_typesupport_introspection_c.so[0m
[7.475s] [100%] [32m[1mLinking C shared module rosidl_generator_py/camera_msg/camera_msg_s__rosidl_typesupport_c.so[0m
[7.475s] [100%] [32m[1mLinking C shared module rosidl_generator_py/camera_msg/camera_msg_s__rosidl_typesupport_fastrtps_c.so[0m
[7.521s] [100%] Built target camera_msg_s__rosidl_typesupport_introspection_c
[7.527s] [100%] Built target camera_msg_s__rosidl_typesupport_c
[7.527s] [100%] Built target camera_msg_s__rosidl_typesupport_fastrtps_c
[7.547s] Invoked command in '/home/ubuntu/URC_2026/ros2_service/build/camera_msg' returned '0': CMAKE_PREFIX_PATH=${CMAKE_PREFIX_PATH}:/opt/ros/jazzy DEBUGINFOD_URLS=https://debuginfod.ubuntu.com /usr/bin/cmake --build /home/ubuntu/URC_2026/ros2_service/build/camera_msg -- -j16 -l16
[7.563s] Invoking command in '/home/ubuntu/URC_2026/ros2_service/build/camera_msg': CMAKE_PREFIX_PATH=${CMAKE_PREFIX_PATH}:/opt/ros/jazzy DEBUGINFOD_URLS=https://debuginfod.ubuntu.com /usr/bin/cmake --install /home/ubuntu/URC_2026/ros2_service/build/camera_msg
[7.575s] -- Install configuration: ""
[7.575s] -- Installing: /home/ubuntu/URC_2026/ros2_service/install/camera_msg/share/ament_index/resource_index/rosidl_interfaces/camera_msg
[7.576s] -- Installing: /home/ubuntu/URC_2026/ros2_service/install/camera_msg/share/camera_msg/msg/CameraInfo.json
[7.576s] -- Installing: /home/ubuntu/URC_2026/ros2_service/install/camera_msg/share/camera_msg/srv/CameraStatus.json
[7.576s] -- Installing: /home/ubuntu/URC_2026/ros2_service/install/camera_msg/include/camera_msg/camera_msg
[7.576s] -- Installing: /home/ubuntu/URC_2026/ros2_service/install/camera_msg/include/camera_msg/camera_msg/srv
[7.576s] -- Installing: /home/ubuntu/URC_2026/ros2_service/install/camera_msg/include/camera_msg/camera_msg/srv/detail
[7.577s] -- Installing: /home/ubuntu/URC_2026/ros2_service/install/camera_msg/include/camera_msg/camera_msg/srv/detail/camera_status__type_support.h
[7.577s] -- Installing: /home/ubuntu/URC_2026/ros2_service/install/camera_msg/include/camera_msg/camera_msg/srv/detail/camera_status__type_support.c
[7.577s] -- Installing: /home/ubuntu/URC_2026/ros2_service/install/camera_msg/include/camera_msg/camera_msg/srv/detail/camera_status__description.c
[7.577s] -- Installing: /home/ubuntu/URC_2026/ros2_service/install/camera_msg/include/camera_msg/camera_msg/srv/detail/camera_status__struct.h
[7.577s] -- Installing: /home/ubuntu/URC_2026/ros2_service/install/camera_msg/include/camera_msg/camera_msg/srv/detail/camera_status__functions.c
[7.577s] -- Installing: /home/ubuntu/URC_2026/ros2_service/install/camera_msg/include/camera_msg/camera_msg/srv/detail/camera_status__functions.h
[7.577s] -- Installing: /home/ubuntu/URC_2026/ros2_service/install/camera_msg/include/camera_msg/camera_msg/srv/camera_status.h
[7.577s] -- Installing: /home/ubuntu/URC_2026/ros2_service/install/camera_msg/include/camera_msg/camera_msg/msg
[7.578s] -- Installing: /home/ubuntu/URC_2026/ros2_service/install/camera_msg/include/camera_msg/camera_msg/msg/rosidl_generator_c__visibility_control.h
[7.578s] -- Installing: /home/ubuntu/URC_2026/ros2_service/install/camera_msg/include/camera_msg/camera_msg/msg/detail
[7.578s] -- Installing: /home/ubuntu/URC_2026/ros2_service/install/camera_msg/include/camera_msg/camera_msg/msg/detail/camera_info__description.c
[7.578s] -- Installing: /home/ubuntu/URC_2026/ros2_service/install/camera_msg/include/camera_msg/camera_msg/msg/detail/camera_info__type_support.c
[7.578s] -- Installing: /home/ubuntu/URC_2026/ros2_service/install/camera_msg/include/camera_msg/camera_msg/msg/detail/camera_info__type_support.h
[7.578s] -- Installing: /home/ubuntu/URC_2026/ros2_service/install/camera_msg/include/camera_msg/camera_msg/msg/detail/camera_info__struct.h
[7.578s] -- Installing: /home/ubuntu/URC_2026/ros2_service/install/camera_msg/include/camera_msg/camera_msg/msg/detail/camera_info__functions.c
[7.578s] -- Installing: /home/ubuntu/URC_2026/ros2_service/install/camera_msg/include/camera_msg/camera_msg/msg/detail/camera_info__functions.h
[7.578s] -- Installing: /home/ubuntu/URC_2026/ros2_service/install/camera_msg/include/camera_msg/camera_msg/msg/camera_info.h
[7.578s] -- Installing: /home/ubuntu/URC_2026/ros2_service/install/camera_msg/share/camera_msg/environment/library_path.sh
[7.579s] -- Installing: /home/ubuntu/URC_2026/ros2_service/install/camera_msg/share/camera_msg/environment/library_path.dsv
[7.579s] -- Installing: /home/ubuntu/URC_2026/ros2_service/install/camera_msg/lib/libcamera_msg__rosidl_generator_c.so
[7.579s] -- Set non-toolchain portion of runtime path of "/home/ubuntu/URC_2026/ros2_service/install/camera_msg/lib/libcamera_msg__rosidl_generator_c.so" to ""
[7.579s] -- Up-to-date: /home/ubuntu/URC_2026/ros2_service/install/camera_msg/include/camera_msg/camera_msg
[7.579s] -- Up-to-date: /home/ubuntu/URC_2026/ros2_service/install/camera_msg/include/camera_msg/camera_msg/srv
[7.579s] -- Up-to-date: /home/ubuntu/URC_2026/ros2_service/install/camera_msg/include/camera_msg/camera_msg/srv/detail
[7.579s] -- Installing: /home/ubuntu/URC_2026/ros2_service/install/camera_msg/include/camera_msg/camera_msg/srv/detail/camera_status__rosidl_typesupport_fastrtps_c.h
[7.579s] -- Up-to-date: /home/ubuntu/URC_2026/ros2_service/install/camera_msg/include/camera_msg/camera_msg/msg
[7.579s] -- Up-to-date: /home/ubuntu/URC_2026/ros2_service/install/camera_msg/include/camera_msg/camera_msg/msg/detail
[7.580s] -- Installing: /home/ubuntu/URC_2026/ros2_service/install/camera_msg/include/camera_msg/camera_msg/msg/detail/camera_info__rosidl_typesupport_fastrtps_c.h
[7.580s] -- Installing: /home/ubuntu/URC_2026/ros2_service/install/camera_msg/include/camera_msg/camera_msg/msg/rosidl_typesupport_fastrtps_c__visibility_control.h
[7.580s] -- Installing: /home/ubuntu/URC_2026/ros2_service/install/camera_msg/lib/libcamera_msg__rosidl_typesupport_fastrtps_c.so
[7.580s] -- Set non-toolchain portion of runtime path of "/home/ubuntu/URC_2026/ros2_service/install/camera_msg/lib/libcamera_msg__rosidl_typesupport_fastrtps_c.so" to ""
[7.580s] -- Up-to-date: /home/ubuntu/URC_2026/ros2_service/install/camera_msg/include/camera_msg/camera_msg
[7.580s] -- Up-to-date: /home/ubuntu/URC_2026/ros2_service/install/camera_msg/include/camera_msg/camera_msg/srv
[7.580s] -- Up-to-date: /home/ubuntu/URC_2026/ros2_service/install/camera_msg/include/camera_msg/camera_msg/srv/detail
[7.580s] -- Installing: /home/ubuntu/URC_2026/ros2_service/install/camera_msg/include/camera_msg/camera_msg/srv/detail/camera_status__rosidl_typesupport_introspection_c.h
[7.580s] -- Installing: /home/ubuntu/URC_2026/ros2_service/install/camera_msg/include/camera_msg/camera_msg/srv/detail/camera_status__type_support.c
[7.580s] -- Up-to-date: /home/ubuntu/URC_2026/ros2_service/install/camera_msg/include/camera_msg/camera_msg/msg
[7.580s] -- Up-to-date: /home/ubuntu/URC_2026/ros2_service/install/camera_msg/include/camera_msg/camera_msg/msg/detail
[7.581s] -- Installing: /home/ubuntu/URC_2026/ros2_service/install/camera_msg/include/camera_msg/camera_msg/msg/detail/camera_info__type_support.c
[7.581s] -- Installing: /home/ubuntu/URC_2026/ros2_service/install/camera_msg/include/camera_msg/camera_msg/msg/detail/camera_info__rosidl_typesupport_introspection_c.h
[7.581s] -- Installing: /home/ubuntu/URC_2026/ros2_service/install/camera_msg/include/camera_msg/camera_msg/msg/rosidl_typesupport_introspection_c__visibility_control.h
[7.581s] -- Installing: /home/ubuntu/URC_2026/ros2_service/install/camera_msg/lib/libcamera_msg__rosidl_typesupport_introspection_c.so
[7.581s] -- Set non-toolchain portion of runtime path of "/home/ubuntu/URC_2026/ros2_service/install/camera_msg/lib/libcamera_msg__rosidl_typesupport_introspection_c.so" to ""
[7.581s] -- Installing: /home/ubuntu/URC_2026/ros2_service/install/camera_msg/lib/libcamera_msg__rosidl_typesupport_c.so
[7.581s] -- Set non-toolchain portion of runtime path of "/home/ubuntu/URC_2026/ros2_service/install/camera_msg/lib/libcamera_msg__rosidl_typesupport_c.so" to ""
[7.581s] -- Up-to-date: /home/ubuntu/URC_2026/ros2_service/install/camera_msg/include/camera_msg/camera_msg
[7.581s] -- Up-to-date: /home/ubuntu/URC_2026/ros2_service/install/camera_msg/include/camera_msg/camera_msg/srv
[7.582s] -- Installing: /home/ubuntu/URC_2026/ros2_service/install/camera_msg/include/camera_msg/camera_msg/srv/camera_status.hpp
[7.582s] -- Up-to-date: /home/ubuntu/URC_2026/ros2_service/install/camera_msg/include/camera_msg/camera_msg/srv/detail
[7.582s] -- Installing: /home/ubuntu/URC_2026/ros2_service/install/camera_msg/include/camera_msg/camera_msg/srv/detail/camera_status__builder.hpp
[7.582s] -- Installing: /home/ubuntu/URC_2026/ros2_service/install/camera_msg/include/camera_msg/camera_msg/srv/detail/camera_status__type_support.hpp
[7.582s] -- Installing: /home/ubuntu/URC_2026/ros2_service/install/camera_msg/include/camera_msg/camera_msg/srv/detail/camera_status__traits.hpp
[7.582s] -- Installing: /home/ubuntu/URC_2026/ros2_service/install/camera_msg/include/camera_msg/camera_msg/srv/detail/camera_status__struct.hpp
[7.582s] -- Up-to-date: /home/ubuntu/URC_2026/ros2_service/install/camera_msg/include/camera_msg/camera_msg/msg
[7.582s] -- Installing: /home/ubuntu/URC_2026/ros2_service/install/camera_msg/include/camera_msg/camera_msg/msg/camera_info.hpp
[7.582s] -- Up-to-date: /home/ubuntu/URC_2026/ros2_service/install/camera_msg/include/camera_msg/camera_msg/msg/detail
[7.583s] -- Installing: /home/ubuntu/URC_2026/ros2_service/install/camera_msg/include/camera_msg/camera_msg/msg/detail/camera_info__traits.hpp
[7.583s] -- Installing: /home/ubuntu/URC_2026/ros2_service/install/camera_msg/include/camera_msg/camera_msg/msg/detail/camera_info__type_support.hpp
[7.583s] -- Installing: /home/ubuntu/URC_2026/ros2_service/install/camera_msg/include/camera_msg/camera_msg/msg/detail/camera_info__struct.hpp
[7.583s] -- Installing: /home/ubuntu/URC_2026/ros2_service/install/camera_msg/include/camera_msg/camera_msg/msg/detail/camera_info__builder.hpp
[7.583s] -- Installing: /home/ubuntu/URC_2026/ros2_service/install/camera_msg/include/camera_msg/camera_msg/msg/rosidl_generator_cpp__visibility_control.hpp
[7.583s] -- Up-to-date: /home/ubuntu/URC_2026/ros2_service/install/camera_msg/include/camera_msg/camera_msg
[7.583s] -- Up-to-date: /home/ubuntu/URC_2026/ros2_service/install/camera_msg/include/camera_msg/camera_msg/srv
[7.583s] -- Up-to-date: /home/ubuntu/URC_2026/ros2_service/install/camera_msg/include/camera_msg/camera_msg/srv/detail
[7.583s] -- Installing: /home/ubuntu/URC_2026/ros2_service/install/camera_msg/include/camera_msg/camera_msg/srv/detail/dds_fastrtps
[7.583s] -- Installing: /home/ubuntu/URC_2026/ros2_service/install/camera_msg/include/camera_msg/camera_msg/srv/detail/camera_status__rosidl_typesupport_fastrtps_cpp.hpp
[7.584s] -- Up-to-date: /home/ubuntu/URC_2026/ros2_service/install/camera_msg/include/camera_msg/camera_msg/msg
[7.584s] -- Up-to-date: /home/ubuntu/URC_2026/ros2_service/install/camera_msg/include/camera_msg/camera_msg/msg/detail
[7.584s] -- Installing: /home/ubuntu/URC_2026/ros2_service/install/camera_msg/include/camera_msg/camera_msg/msg/detail/dds_fastrtps
[7.584s] -- Installing: /home/ubuntu/URC_2026/ros2_service/install/camera_msg/include/camera_msg/camera_msg/msg/detail/camera_info__rosidl_typesupport_fastrtps_cpp.hpp
[7.585s] -- Installing: /home/ubuntu/URC_2026/ros2_service/install/camera_msg/include/camera_msg/camera_msg/msg/rosidl_typesupport_fastrtps_cpp__visibility_control.h
[7.585s] -- Installing: /home/ubuntu/URC_2026/ros2_service/install/camera_msg/lib/libcamera_msg__rosidl_typesupport_fastrtps_cpp.so
[7.585s] -- Set non-toolchain portion of runtime path of "/home/ubuntu/URC_2026/ros2_service/install/camera_msg/lib/libcamera_msg__rosidl_typesupport_fastrtps_cpp.so" to ""
[7.585s] -- Up-to-date: /home/ubuntu/URC_2026/ros2_service/install/camera_msg/include/camera_msg/camera_msg
[7.585s] -- Up-to-date: /home/ubuntu/URC_2026/ros2_service/install/camera_msg/include/camera_msg/camera_msg/srv
[7.586s] -- Up-to-date: /home/ubuntu/URC_2026/ros2_service/install/camera_msg/include/camera_msg/camera_msg/srv/detail
[7.586s] -- Installing: /home/ubuntu/URC_2026/ros2_service/install/camera_msg/include/camera_msg/camera_msg/srv/detail/camera_status__rosidl_typesupport_introspection_cpp.hpp
[7.586s] -- Installing: /home/ubuntu/URC_2026/ros2_service/install/camera_msg/include/camera_msg/camera_msg/srv/detail/camera_status__type_support.cpp
[7.586s] -- Up-to-date: /home/ubuntu/URC_2026/ros2_service/install/camera_msg/include/camera_msg/camera_msg/msg
[7.586s] -- Up-to-date: /home/ubuntu/URC_2026/ros2_service/install/camera_msg/include/camera_msg/camera_msg/msg/detail
[7.587s] -- Installing: /home/ubuntu/URC_2026/ros2_service/install/camera_msg/include/camera_msg/camera_msg/msg/detail/camera_info__rosidl_typesupport_introspection_cpp.hpp
[7.587s] -- Installing: /home/ubuntu/URC_2026/ros2_service/install/camera_msg/include/camera_msg/camera_msg/msg/detail/camera_info__type_support.cpp
[7.587s] -- Installing: /home/ubuntu/URC_2026/ros2_service/install/camera_msg/lib/libcamera_msg__rosidl_typesupport_introspection_cpp.so
[7.587s] -- Set non-toolchain portion of runtime path of "/home/ubuntu/URC_2026/ros2_service/install/camera_msg/lib/libcamera_msg__rosidl_typesupport_introspection_cpp.so" to ""
[7.587s] -- Installing: /home/ubuntu/URC_2026/ros2_service/install/camera_msg/lib/libcamera_msg__rosidl_typesupport_cpp.so
[7.588s] -- Set non-toolchain portion of runtime path of "/home/ubuntu/URC_2026/ros2_service/install/camera_msg/lib/libcamera_msg__rosidl_typesupport_cpp.so" to ""
[7.588s] -- Installing: /home/ubuntu/URC_2026/ros2_service/install/camera_msg/share/camera_msg/environment/pythonpath.sh
[7.588s] -- Installing: /home/ubuntu/URC_2026/ros2_service/install/camera_msg/share/camera_msg/environment/pythonpath.dsv
[7.588s] -- Installing: /home/ubuntu/URC_2026/ros2_service/install/camera_msg/lib/python3.12/site-packages/camera_msg-0.0.0-py3.12.egg-info
[7.588s] -- Installing: /home/ubuntu/URC_2026/ros2_service/install/camera_msg/lib/python3.12/site-packages/camera_msg-0.0.0-py3.12.egg-info/SOURCES.txt
[7.588s] -- Installing: /home/ubuntu/URC_2026/ros2_service/install/camera_msg/lib/python3.12/site-packages/camera_msg-0.0.0-py3.12.egg-info/top_level.txt
[7.588s] -- Installing: /home/ubuntu/URC_2026/ros2_service/install/camera_msg/lib/python3.12/site-packages/camera_msg-0.0.0-py3.12.egg-info/dependency_links.txt
[7.589s] -- Installing: /home/ubuntu/URC_2026/ros2_service/install/camera_msg/lib/python3.12/site-packages/camera_msg-0.0.0-py3.12.egg-info/PKG-INFO
[7.589s] -- Installing: /home/ubuntu/URC_2026/ros2_service/install/camera_msg/lib/python3.12/site-packages/camera_msg
[7.589s] -- Installing: /home/ubuntu/URC_2026/ros2_service/install/camera_msg/lib/python3.12/site-packages/camera_msg/camera_msg_s__rosidl_typesupport_fastrtps_c.so
[7.589s] -- Installing: /home/ubuntu/URC_2026/ros2_service/install/camera_msg/lib/python3.12/site-packages/camera_msg/srv
[7.589s] -- Installing: /home/ubuntu/URC_2026/ros2_service/install/camera_msg/lib/python3.12/site-packages/camera_msg/srv/_camera_status_s.c
[7.589s] -- Installing: /home/ubuntu/URC_2026/ros2_service/install/camera_msg/lib/python3.12/site-packages/camera_msg/srv/__init__.py
[7.589s] -- Installing: /home/ubuntu/URC_2026/ros2_service/install/camera_msg/lib/python3.12/site-packages/camera_msg/srv/_camera_status.py
[7.589s] -- Installing: /home/ubuntu/URC_2026/ros2_service/install/camera_msg/lib/python3.12/site-packages/camera_msg/_camera_msg_s.ep.rosidl_typesupport_introspection_c.c
[7.589s] -- Installing: /home/ubuntu/URC_2026/ros2_service/install/camera_msg/lib/python3.12/site-packages/camera_msg/camera_msg_s__rosidl_typesupport_c.so
[7.590s] -- Installing: /home/ubuntu/URC_2026/ros2_service/install/camera_msg/lib/python3.12/site-packages/camera_msg/__init__.py
[7.590s] -- Installing: /home/ubuntu/URC_2026/ros2_service/install/camera_msg/lib/python3.12/site-packages/camera_msg/camera_msg_s__rosidl_typesupport_introspection_c.so
[7.590s] -- Installing: /home/ubuntu/URC_2026/ros2_service/install/camera_msg/lib/python3.12/site-packages/camera_msg/_camera_msg_s.ep.rosidl_typesupport_fastrtps_c.c
[7.590s] -- Installing: /home/ubuntu/URC_2026/ros2_service/install/camera_msg/lib/python3.12/site-packages/camera_msg/_camera_msg_s.ep.rosidl_typesupport_c.c
[7.590s] -- Installing: /home/ubuntu/URC_2026/ros2_service/install/camera_msg/lib/python3.12/site-packages/camera_msg/msg
[7.590s] -- Installing: /home/ubuntu/URC_2026/ros2_service/install/camera_msg/lib/python3.12/site-packages/camera_msg/msg/_camera_info.py
[7.590s] -- Installing: /home/ubuntu/URC_2026/ros2_service/install/camera_msg/lib/python3.12/site-packages/camera_msg/msg/__init__.py
[7.590s] -- Installing: /home/ubuntu/URC_2026/ros2_service/install/camera_msg/lib/python3.12/site-packages/camera_msg/msg/_camera_info_s.c
[7.646s] Listing '/home/ubuntu/URC_2026/ros2_service/install/camera_msg/lib/python3.12/site-packages/camera_msg'...
[7.646s] Compiling '/home/ubuntu/URC_2026/ros2_service/install/camera_msg/lib/python3.12/site-packages/camera_msg/__init__.py'...
[7.647s] Listing '/home/ubuntu/URC_2026/ros2_service/install/camera_msg/lib/python3.12/site-packages/camera_msg/msg'...
[7.647s] Compiling '/home/ubuntu/URC_2026/ros2_service/install/camera_msg/lib/python3.12/site-packages/camera_msg/msg/__init__.py'...
[7.647s] Compiling '/home/ubuntu/URC_2026/ros2_service/install/camera_msg/lib/python3.12/site-packages/camera_msg/msg/_camera_info.py'...
[7.647s] Listing '/home/ubuntu/URC_2026/ros2_service/install/camera_msg/lib/python3.12/site-packages/camera_msg/srv'...
[7.647s] Compiling '/home/ubuntu/URC_2026/ros2_service/install/camera_msg/lib/python3.12/site-packages/camera_msg/srv/__init__.py'...
[7.647s] Compiling '/home/ubuntu/URC_2026/ros2_service/install/camera_msg/lib/python3.12/site-packages/camera_msg/srv/_camera_status.py'...
[7.654s] -- Installing: /home/ubuntu/URC_2026/ros2_service/install/camera_msg/lib/python3.12/site-packages/camera_msg/camera_msg_s__rosidl_typesupport_fastrtps_c.so
[7.654s] -- Set non-toolchain portion of runtime path of "/home/ubuntu/URC_2026/ros2_service/install/camera_msg/lib/python3.12/site-packages/camera_msg/camera_msg_s__rosidl_typesupport_fastrtps_c.so" to ""
[7.655s] -- Installing: /home/ubuntu/URC_2026/ros2_service/install/camera_msg/lib/python3.12/site-packages/camera_msg/camera_msg_s__rosidl_typesupport_introspection_c.so
[7.655s] -- Set non-toolchain portion of runtime path of "/home/ubuntu/URC_2026/ros2_service/install/camera_msg/lib/python3.12/site-packages/camera_msg/camera_msg_s__rosidl_typesupport_introspection_c.so" to ""
[7.655s] -- Installing: /home/ubuntu/URC_2026/ros2_service/install/camera_msg/lib/python3.12/site-packages/camera_msg/camera_msg_s__rosidl_typesupport_c.so
[7.655s] -- Set non-toolchain portion of runtime path of "/home/ubuntu/URC_2026/ros2_service/install/camera_msg/lib/python3.12/site-packages/camera_msg/camera_msg_s__rosidl_typesupport_c.so" to ""
[7.656s] -- Installing: /home/ubuntu/URC_2026/ros2_service/install/camera_msg/lib/libcamera_msg__rosidl_generator_py.so
[7.656s] -- Set non-toolchain portion of runtime path of "/home/ubuntu/URC_2026/ros2_service/install/camera_msg/lib/libcamera_msg__rosidl_generator_py.so" to ""
[7.656s] -- Installing: /home/ubuntu/URC_2026/ros2_service/install/camera_msg/share/camera_msg/msg/CameraInfo.idl
[7.656s] -- Installing: /home/ubuntu/URC_2026/ros2_service/install/camera_msg/share/camera_msg/srv/CameraStatus.idl
[7.656s] -- Installing: /home/ubuntu/URC_2026/ros2_service/install/camera_msg/share/camera_msg/msg/CameraInfo.msg
[7.656s] -- Installing: /home/ubuntu/URC_2026/ros2_service/install/camera_msg/share/camera_msg/srv/CameraStatus.srv
[7.656s] -- Installing: /home/ubuntu/URC_2026/ros2_service/install/camera_msg/share/ament_index/resource_index/package_run_dependencies/camera_msg
[7.657s] -- Installing: /home/ubuntu/URC_2026/ros2_service/install/camera_msg/share/ament_index/resource_index/parent_prefix_path/camera_msg
[7.657s] -- Installing: /home/ubuntu/URC_2026/ros2_service/install/camera_msg/share/camera_msg/environment/ament_prefix_path.sh
[7.657s] -- Installing: /home/ubuntu/URC_2026/ros2_service/install/camera_msg/share/camera_msg/environment/ament_prefix_path.dsv
[7.657s] -- Installing: /home/ubuntu/URC_2026/ros2_service/install/camera_msg/share/camera_msg/environment/path.sh
[7.657s] -- Installing: /home/ubuntu/URC_2026/ros2_service/install/camera_msg/share/camera_msg/environment/path.dsv
[7.657s] -- Installing: /home/ubuntu/URC_2026/ros2_service/install/camera_msg/share/camera_msg/local_setup.bash
[7.658s] -- Installing: /home/ubuntu/URC_2026/ros2_service/install/camera_msg/share/camera_msg/local_setup.sh
[7.658s] -- Installing: /home/ubuntu/URC_2026/ros2_service/install/camera_msg/share/camera_msg/local_setup.zsh
[7.658s] -- Installing: /home/ubuntu/URC_2026/ros2_service/install/camera_msg/share/camera_msg/local_setup.dsv
[7.658s] -- Installing: /home/ubuntu/URC_2026/ros2_service/install/camera_msg/share/camera_msg/package.dsv
[7.658s] -- Installing: /home/ubuntu/URC_2026/ros2_service/install/camera_msg/share/ament_index/resource_index/packages/camera_msg
[7.658s] -- Installing: /home/ubuntu/URC_2026/ros2_service/install/camera_msg/share/camera_msg/cmake/export_camera_msg__rosidl_generator_cExport.cmake
[7.659s] -- Installing: /home/ubuntu/URC_2026/ros2_service/install/camera_msg/share/camera_msg/cmake/export_camera_msg__rosidl_generator_cExport-noconfig.cmake
[7.659s] -- Installing: /home/ubuntu/URC_2026/ros2_service/install/camera_msg/share/camera_msg/cmake/export_camera_msg__rosidl_typesupport_fastrtps_cExport.cmake
[7.659s] -- Installing: /home/ubuntu/URC_2026/ros2_service/install/camera_msg/share/camera_msg/cmake/export_camera_msg__rosidl_typesupport_fastrtps_cExport-noconfig.cmake
[7.659s] -- Installing: /home/ubuntu/URC_2026/ros2_service/install/camera_msg/share/camera_msg/cmake/camera_msg__rosidl_typesupport_introspection_cExport.cmake
[7.659s] -- Installing: /home/ubuntu/URC_2026/ros2_service/install/camera_msg/share/camera_msg/cmake/camera_msg__rosidl_typesupport_introspection_cExport-noconfig.cmake
[7.660s] -- Installing: /home/ubuntu/URC_2026/ros2_service/install/camera_msg/share/camera_msg/cmake/camera_msg__rosidl_typesupport_cExport.cmake
[7.660s] -- Installing: /home/ubuntu/URC_2026/ros2_service/install/camera_msg/share/camera_msg/cmake/camera_msg__rosidl_typesupport_cExport-noconfig.cmake
[7.660s] -- Installing: /home/ubuntu/URC_2026/ros2_service/install/camera_msg/share/camera_msg/cmake/export_camera_msg__rosidl_generator_cppExport.cmake
[7.660s] -- Installing: /home/ubuntu/URC_2026/ros2_service/install/camera_msg/share/camera_msg/cmake/export_camera_msg__rosidl_typesupport_fastrtps_cppExport.cmake
[7.660s] -- Installing: /home/ubuntu/URC_2026/ros2_service/install/camera_msg/share/camera_msg/cmake/export_camera_msg__rosidl_typesupport_fastrtps_cppExport-noconfig.cmake
[7.660s] -- Installing: /home/ubuntu/URC_2026/ros2_service/install/camera_msg/share/camera_msg/cmake/camera_msg__rosidl_typesupport_introspection_cppExport.cmake
[7.660s] -- Installing: /home/ubuntu/URC_2026/ros2_service/install/camera_msg/share/camera_msg/cmake/camera_msg__rosidl_typesupport_introspection_cppExport-noconfig.cmake
[7.661s] -- Installing: /home/ubuntu/URC_2026/ros2_service/install/camera_msg/share/camera_msg/cmake/camera_msg__rosidl_typesupport_cppExport.cmake
[7.661s] -- Installing: /home/ubuntu/URC_2026/ros2_service/install/camera_msg/share/camera_msg/cmake/camera_msg__rosidl_typesupport_cppExport-noconfig.cmake
[7.661s] -- Installing: /home/ubuntu/URC_2026/ros2_service/install/camera_msg/share/camera_msg/cmake/export_camera_msg__rosidl_generator_pyExport.cmake
[7.661s] -- Installing: /home/ubuntu/URC_2026/ros2_service/install/camera_msg/share/camera_msg/cmake/export_camera_msg__rosidl_generator_pyExport-noconfig.cmake
[7.661s] -- Installing: /home/ubuntu/URC_2026/ros2_service/install/camera_msg/share/camera_msg/cmake/rosidl_cmake-extras.cmake
[7.661s] -- Installing: /home/ubuntu/URC_2026/ros2_service/install/camera_msg/share/camera_msg/cmake/ament_cmake_export_dependencies-extras.cmake
[7.661s] -- Installing: /home/ubuntu/URC_2026/ros2_service/install/camera_msg/share/camera_msg/cmake/ament_cmake_export_include_directories-extras.cmake
[7.662s] -- Installing: /home/ubuntu/URC_2026/ros2_service/install/camera_msg/share/camera_msg/cmake/ament_cmake_export_libraries-extras.cmake
[7.662s] -- Installing: /home/ubuntu/URC_2026/ros2_service/install/camera_msg/share/camera_msg/cmake/ament_cmake_export_targets-extras.cmake
[7.662s] -- Installing: /home/ubuntu/URC_2026/ros2_service/install/camera_msg/share/camera_msg/cmake/rosidl_cmake_export_typesupport_targets-extras.cmake
[7.662s] -- Installing: /home/ubuntu/URC_2026/ros2_service/install/camera_msg/share/camera_msg/cmake/rosidl_cmake_export_typesupport_libraries-extras.cmake
[7.662s] -- Installing: /home/ubuntu/URC_2026/ros2_service/install/camera_msg/share/camera_msg/cmake/camera_msgConfig.cmake
[7.662s] -- Installing: /home/ubuntu/URC_2026/ros2_service/install/camera_msg/share/camera_msg/cmake/camera_msgConfig-version.cmake
[7.662s] -- Installing: /home/ubuntu/URC_2026/ros2_service/install/camera_msg/share/camera_msg/package.xml
[7.663s] Invoked command in '/home/ubuntu/URC_2026/ros2_service/build/camera_msg' returned '0': CMAKE_PREFIX_PATH=${CMAKE_PREFIX_PATH}:/opt/ros/jazzy DEBUGINFOD_URLS=https://debuginfod.ubuntu.com /usr/bin/cmake --install /home/ubuntu/URC_2026/ros2_service/build/camera_msg
