-- The C compiler identification is GNU 13.3.0
-- The CXX compiler identification is GNU 13.3.0
-- Detecting C compiler ABI info
-- Detecting C compiler ABI info - done
-- Check for working C compiler: /usr/bin/cc - skipped
-- Detecting C compile features
-- Detecting C compile features - done
-- Detecting CXX compiler ABI info
-- Detecting CXX compiler ABI info - done
-- Check for working CXX compiler: /usr/bin/c++ - skipped
-- Detecting CXX compile features
-- Detecting CXX compile features - done
-- Found ament_cmake: 2.5.4 (/opt/ros/jazzy/share/ament_cmake/cmake)
-- Found Python3: /usr/bin/python3 (found version "3.12.3") found components: Interpreter 
-- Found rosidl_default_generators: 1.6.0 (/opt/ros/jazzy/share/rosidl_default_generators/cmake)
-- Using all available rosidl_typesupport_c: rosidl_typesupport_fastrtps_c;rosidl_typesupport_introspection_c
-- Using all available rosidl_typesupport_cpp: rosidl_typesupport_fastrtps_cpp;rosidl_typesupport_introspection_cpp
-- Found rosidl_adapter: 4.6.6 (/opt/ros/jazzy/share/rosidl_adapter/cmake)
-- Found ament_lint_auto: 0.17.3 (/opt/ros/jazzy/share/ament_lint_auto/cmake)
-- Found ament_cmake_ros: 0.12.0 (/opt/ros/jazzy/share/ament_cmake_ros/cmake)
-- Using all available rosidl_typesupport_c: rosidl_typesupport_fastrtps_c;rosidl_typesupport_introspection_c
-- Using all available rosidl_typesupport_cpp: rosidl_typesupport_fastrtps_cpp;rosidl_typesupport_introspection_cpp
-- Found python_cmake_module: 0.11.1 (/opt/ros/jazzy/share/python_cmake_module/cmake)
-- Found PythonExtra: /usr/bin/python3  
-- Found Python3: /usr/bin/python3 (found version "3.12.3") found components: Interpreter Development NumPy Development.Module Development.Embed 
-- Added test 'lint_cmake' to check CMake code style
-- Added test 'xmllint' to check XML markup files
-- Configuring done (4.0s)
-- Generating done (0.0s)
-- Build files have been written to: /home/ubuntu/URC_2026/ros2_service/build/camera_msg
[  2%] [34m[1mGenerating type hashes for ROS interfaces[0m
[  2%] Built target ament_cmake_python_copy_camera_msg
[  2%] Built target camera_msg__rosidl_generator_type_description
running egg_info
creating camera_msg.egg-info
[  4%] [34m[1mGenerating C code for ROS interfaces[0m
[  6%] [34m[1mGenerating C++ code for ROS interfaces[0m
writing camera_msg.egg-info/PKG-INFO
writing dependency_links to camera_msg.egg-info/dependency_links.txt
writing top-level names to camera_msg.egg-info/top_level.txt
writing manifest file 'camera_msg.egg-info/SOURCES.txt'
reading manifest file 'camera_msg.egg-info/SOURCES.txt'
writing manifest file 'camera_msg.egg-info/SOURCES.txt'
[  6%] Built target ament_cmake_python_build_camera_msg_egg
[  6%] Built target camera_msg__cpp
[  9%] [32mBuilding C object CMakeFiles/camera_msg__rosidl_generator_c.dir/rosidl_generator_c/camera_msg/msg/detail/camera_info__functions.c.o[0m
[ 11%] [32mBuilding C object CMakeFiles/camera_msg__rosidl_generator_c.dir/rosidl_generator_c/camera_msg/srv/detail/camera_status__type_support.c.o[0m
[ 13%] [32mBuilding C object CMakeFiles/camera_msg__rosidl_generator_c.dir/rosidl_generator_c/camera_msg/srv/detail/camera_status__description.c.o[0m
[ 15%] [32mBuilding C object CMakeFiles/camera_msg__rosidl_generator_c.dir/rosidl_generator_c/camera_msg/msg/detail/camera_info__description.c.o[0m
[ 18%] [32mBuilding C object CMakeFiles/camera_msg__rosidl_generator_c.dir/rosidl_generator_c/camera_msg/msg/detail/camera_info__type_support.c.o[0m
[ 20%] [32mBuilding C object CMakeFiles/camera_msg__rosidl_generator_c.dir/rosidl_generator_c/camera_msg/srv/detail/camera_status__functions.c.o[0m
[ 22%] [32m[1mLinking C shared library libcamera_msg__rosidl_generator_c.so[0m
[ 22%] Built target camera_msg__rosidl_generator_c
[ 27%] [34m[1mGenerating C type support dispatch for ROS interfaces[0m
[ 27%] [34m[1mGenerating C introspection for ROS interfaces[0m
[ 29%] [34m[1mGenerating C type support for eProsima Fast-RTPS[0m
[ 31%] [34m[1mGenerating C++ type support for eProsima Fast-RTPS[0m
[ 36%] [34m[1mGenerating C++ introspection for ROS interfaces[0m
[ 36%] [34m[1mGenerating C++ type support dispatch for ROS interfaces[0m
[ 38%] [32mBuilding CXX object CMakeFiles/camera_msg__rosidl_typesupport_c.dir/rosidl_typesupport_c/camera_msg/srv/camera_status__type_support.cpp.o[0m
[ 40%] [32mBuilding CXX object CMakeFiles/camera_msg__rosidl_typesupport_c.dir/rosidl_typesupport_c/camera_msg/msg/camera_info__type_support.cpp.o[0m
[ 45%] [32mBuilding C object CMakeFiles/camera_msg__rosidl_typesupport_introspection_c.dir/rosidl_typesupport_introspection_c/camera_msg/msg/detail/camera_info__type_support.c.o[0m
[ 45%] [32mBuilding C object CMakeFiles/camera_msg__rosidl_typesupport_introspection_c.dir/rosidl_typesupport_introspection_c/camera_msg/srv/detail/camera_status__type_support.c.o[0m
[ 47%] [32m[1mLinking CXX shared library libcamera_msg__rosidl_typesupport_c.so[0m
[ 50%] [32mBuilding CXX object CMakeFiles/camera_msg__rosidl_typesupport_fastrtps_cpp.dir/rosidl_typesupport_fastrtps_cpp/camera_msg/msg/detail/dds_fastrtps/camera_info__type_support.cpp.o[0m
[ 52%] [32mBuilding CXX object CMakeFiles/camera_msg__rosidl_typesupport_fastrtps_cpp.dir/rosidl_typesupport_fastrtps_cpp/camera_msg/srv/detail/dds_fastrtps/camera_status__type_support.cpp.o[0m
[ 54%] [32mBuilding CXX object CMakeFiles/camera_msg__rosidl_typesupport_fastrtps_c.dir/rosidl_typesupport_fastrtps_c/camera_msg/srv/detail/camera_status__type_support_c.cpp.o[0m
[ 56%] [32mBuilding CXX object CMakeFiles/camera_msg__rosidl_typesupport_fastrtps_c.dir/rosidl_typesupport_fastrtps_c/camera_msg/msg/detail/camera_info__type_support_c.cpp.o[0m
[ 59%] [32mBuilding CXX object CMakeFiles/camera_msg__rosidl_typesupport_cpp.dir/rosidl_typesupport_cpp/camera_msg/msg/camera_info__type_support.cpp.o[0m
[ 61%] [32mBuilding CXX object CMakeFiles/camera_msg__rosidl_typesupport_cpp.dir/rosidl_typesupport_cpp/camera_msg/srv/camera_status__type_support.cpp.o[0m
[ 63%] [32m[1mLinking C shared library libcamera_msg__rosidl_typesupport_introspection_c.so[0m
[ 63%] Built target camera_msg__rosidl_typesupport_c
[ 65%] [32mBuilding CXX object CMakeFiles/camera_msg__rosidl_typesupport_introspection_cpp.dir/rosidl_typesupport_introspection_cpp/camera_msg/srv/detail/camera_status__type_support.cpp.o[0m
[ 68%] [32mBuilding CXX object CMakeFiles/camera_msg__rosidl_typesupport_introspection_cpp.dir/rosidl_typesupport_introspection_cpp/camera_msg/msg/detail/camera_info__type_support.cpp.o[0m
[ 68%] Built target camera_msg__rosidl_typesupport_introspection_c
[ 70%] [32m[1mLinking CXX shared library libcamera_msg__rosidl_typesupport_introspection_cpp.so[0m
[ 72%] [32m[1mLinking CXX shared library libcamera_msg__rosidl_typesupport_cpp.so[0m
[ 72%] Built target camera_msg__rosidl_typesupport_introspection_cpp
[ 72%] Built target camera_msg__rosidl_typesupport_cpp
[ 75%] [32m[1mLinking CXX shared library libcamera_msg__rosidl_typesupport_fastrtps_cpp.so[0m
[ 77%] [32m[1mLinking CXX shared library libcamera_msg__rosidl_typesupport_fastrtps_c.so[0m
[ 77%] Built target camera_msg__rosidl_typesupport_fastrtps_c
[ 77%] Built target camera_msg__rosidl_typesupport_fastrtps_cpp
[ 77%] Built target camera_msg
[ 79%] [34m[1mGenerating Python code for ROS interfaces[0m
[ 79%] Built target camera_msg__py
[ 84%] [32mBuilding C object CMakeFiles/camera_msg__rosidl_generator_py.dir/rosidl_generator_py/camera_msg/srv/_camera_status_s.c.o[0m
[ 84%] [32mBuilding C object CMakeFiles/camera_msg__rosidl_generator_py.dir/rosidl_generator_py/camera_msg/msg/_camera_info_s.c.o[0m
[ 86%] [32m[1mLinking C shared library libcamera_msg__rosidl_generator_py.so[0m
[ 86%] Built target camera_msg__rosidl_generator_py
[ 88%] [32mBuilding C object CMakeFiles/camera_msg_s__rosidl_typesupport_introspection_c.dir/rosidl_generator_py/camera_msg/_camera_msg_s.ep.rosidl_typesupport_introspection_c.c.o[0m
[ 90%] [32mBuilding C object CMakeFiles/camera_msg_s__rosidl_typesupport_c.dir/rosidl_generator_py/camera_msg/_camera_msg_s.ep.rosidl_typesupport_c.c.o[0m
[ 93%] [32mBuilding C object CMakeFiles/camera_msg_s__rosidl_typesupport_fastrtps_c.dir/rosidl_generator_py/camera_msg/_camera_msg_s.ep.rosidl_typesupport_fastrtps_c.c.o[0m
[ 95%] [32m[1mLinking C shared module rosidl_generator_py/camera_msg/camera_msg_s__rosidl_typesupport_c.so[0m
[ 97%] [32m[1mLinking C shared module rosidl_generator_py/camera_msg/camera_msg_s__rosidl_typesupport_introspection_c.so[0m
[100%] [32m[1mLinking C shared module rosidl_generator_py/camera_msg/camera_msg_s__rosidl_typesupport_fastrtps_c.so[0m
[100%] Built target camera_msg_s__rosidl_typesupport_c
[100%] Built target camera_msg_s__rosidl_typesupport_fastrtps_c
[100%] Built target camera_msg_s__rosidl_typesupport_introspection_c
-- Install configuration: ""
-- Installing: /home/ubuntu/URC_2026/ros2_service/install/camera_msg/share/ament_index/resource_index/rosidl_interfaces/camera_msg
-- Installing: /home/ubuntu/URC_2026/ros2_service/install/camera_msg/share/camera_msg/msg/CameraInfo.json
-- Installing: /home/ubuntu/URC_2026/ros2_service/install/camera_msg/share/camera_msg/srv/CameraStatus.json
-- Installing: /home/ubuntu/URC_2026/ros2_service/install/camera_msg/include/camera_msg/camera_msg
-- Installing: /home/ubuntu/URC_2026/ros2_service/install/camera_msg/include/camera_msg/camera_msg/srv
-- Installing: /home/ubuntu/URC_2026/ros2_service/install/camera_msg/include/camera_msg/camera_msg/srv/detail
-- Installing: /home/ubuntu/URC_2026/ros2_service/install/camera_msg/include/camera_msg/camera_msg/srv/detail/camera_status__type_support.h
-- Installing: /home/ubuntu/URC_2026/ros2_service/install/camera_msg/include/camera_msg/camera_msg/srv/detail/camera_status__type_support.c
-- Installing: /home/ubuntu/URC_2026/ros2_service/install/camera_msg/include/camera_msg/camera_msg/srv/detail/camera_status__description.c
-- Installing: /home/ubuntu/URC_2026/ros2_service/install/camera_msg/include/camera_msg/camera_msg/srv/detail/camera_status__struct.h
-- Installing: /home/ubuntu/URC_2026/ros2_service/install/camera_msg/include/camera_msg/camera_msg/srv/detail/camera_status__functions.c
-- Installing: /home/ubuntu/URC_2026/ros2_service/install/camera_msg/include/camera_msg/camera_msg/srv/detail/camera_status__functions.h
-- Installing: /home/ubuntu/URC_2026/ros2_service/install/camera_msg/include/camera_msg/camera_msg/srv/camera_status.h
-- Installing: /home/ubuntu/URC_2026/ros2_service/install/camera_msg/include/camera_msg/camera_msg/msg
-- Installing: /home/ubuntu/URC_2026/ros2_service/install/camera_msg/include/camera_msg/camera_msg/msg/rosidl_generator_c__visibility_control.h
-- Installing: /home/ubuntu/URC_2026/ros2_service/install/camera_msg/include/camera_msg/camera_msg/msg/detail
-- Installing: /home/ubuntu/URC_2026/ros2_service/install/camera_msg/include/camera_msg/camera_msg/msg/detail/camera_info__description.c
-- Installing: /home/ubuntu/URC_2026/ros2_service/install/camera_msg/include/camera_msg/camera_msg/msg/detail/camera_info__type_support.c
-- Installing: /home/ubuntu/URC_2026/ros2_service/install/camera_msg/include/camera_msg/camera_msg/msg/detail/camera_info__type_support.h
-- Installing: /home/ubuntu/URC_2026/ros2_service/install/camera_msg/include/camera_msg/camera_msg/msg/detail/camera_info__struct.h
-- Installing: /home/ubuntu/URC_2026/ros2_service/install/camera_msg/include/camera_msg/camera_msg/msg/detail/camera_info__functions.c
-- Installing: /home/ubuntu/URC_2026/ros2_service/install/camera_msg/include/camera_msg/camera_msg/msg/detail/camera_info__functions.h
-- Installing: /home/ubuntu/URC_2026/ros2_service/install/camera_msg/include/camera_msg/camera_msg/msg/camera_info.h
-- Installing: /home/ubuntu/URC_2026/ros2_service/install/camera_msg/share/camera_msg/environment/library_path.sh
-- Installing: /home/ubuntu/URC_2026/ros2_service/install/camera_msg/share/camera_msg/environment/library_path.dsv
-- Installing: /home/ubuntu/URC_2026/ros2_service/install/camera_msg/lib/libcamera_msg__rosidl_generator_c.so
-- Set non-toolchain portion of runtime path of "/home/ubuntu/URC_2026/ros2_service/install/camera_msg/lib/libcamera_msg__rosidl_generator_c.so" to ""
-- Up-to-date: /home/ubuntu/URC_2026/ros2_service/install/camera_msg/include/camera_msg/camera_msg
-- Up-to-date: /home/ubuntu/URC_2026/ros2_service/install/camera_msg/include/camera_msg/camera_msg/srv
-- Up-to-date: /home/ubuntu/URC_2026/ros2_service/install/camera_msg/include/camera_msg/camera_msg/srv/detail
-- Installing: /home/ubuntu/URC_2026/ros2_service/install/camera_msg/include/camera_msg/camera_msg/srv/detail/camera_status__rosidl_typesupport_fastrtps_c.h
-- Up-to-date: /home/ubuntu/URC_2026/ros2_service/install/camera_msg/include/camera_msg/camera_msg/msg
-- Up-to-date: /home/ubuntu/URC_2026/ros2_service/install/camera_msg/include/camera_msg/camera_msg/msg/detail
-- Installing: /home/ubuntu/URC_2026/ros2_service/install/camera_msg/include/camera_msg/camera_msg/msg/detail/camera_info__rosidl_typesupport_fastrtps_c.h
-- Installing: /home/ubuntu/URC_2026/ros2_service/install/camera_msg/include/camera_msg/camera_msg/msg/rosidl_typesupport_fastrtps_c__visibility_control.h
-- Installing: /home/ubuntu/URC_2026/ros2_service/install/camera_msg/lib/libcamera_msg__rosidl_typesupport_fastrtps_c.so
-- Set non-toolchain portion of runtime path of "/home/ubuntu/URC_2026/ros2_service/install/camera_msg/lib/libcamera_msg__rosidl_typesupport_fastrtps_c.so" to ""
-- Up-to-date: /home/ubuntu/URC_2026/ros2_service/install/camera_msg/include/camera_msg/camera_msg
-- Up-to-date: /home/ubuntu/URC_2026/ros2_service/install/camera_msg/include/camera_msg/camera_msg/srv
-- Up-to-date: /home/ubuntu/URC_2026/ros2_service/install/camera_msg/include/camera_msg/camera_msg/srv/detail
-- Installing: /home/ubuntu/URC_2026/ros2_service/install/camera_msg/include/camera_msg/camera_msg/srv/detail/camera_status__rosidl_typesupport_introspection_c.h
-- Installing: /home/ubuntu/URC_2026/ros2_service/install/camera_msg/include/camera_msg/camera_msg/srv/detail/camera_status__type_support.c
-- Up-to-date: /home/ubuntu/URC_2026/ros2_service/install/camera_msg/include/camera_msg/camera_msg/msg
-- Up-to-date: /home/ubuntu/URC_2026/ros2_service/install/camera_msg/include/camera_msg/camera_msg/msg/detail
-- Installing: /home/ubuntu/URC_2026/ros2_service/install/camera_msg/include/camera_msg/camera_msg/msg/detail/camera_info__type_support.c
-- Installing: /home/ubuntu/URC_2026/ros2_service/install/camera_msg/include/camera_msg/camera_msg/msg/detail/camera_info__rosidl_typesupport_introspection_c.h
-- Installing: /home/ubuntu/URC_2026/ros2_service/install/camera_msg/include/camera_msg/camera_msg/msg/rosidl_typesupport_introspection_c__visibility_control.h
-- Installing: /home/ubuntu/URC_2026/ros2_service/install/camera_msg/lib/libcamera_msg__rosidl_typesupport_introspection_c.so
-- Set non-toolchain portion of runtime path of "/home/ubuntu/URC_2026/ros2_service/install/camera_msg/lib/libcamera_msg__rosidl_typesupport_introspection_c.so" to ""
-- Installing: /home/ubuntu/URC_2026/ros2_service/install/camera_msg/lib/libcamera_msg__rosidl_typesupport_c.so
-- Set non-toolchain portion of runtime path of "/home/ubuntu/URC_2026/ros2_service/install/camera_msg/lib/libcamera_msg__rosidl_typesupport_c.so" to ""
-- Up-to-date: /home/ubuntu/URC_2026/ros2_service/install/camera_msg/include/camera_msg/camera_msg
-- Up-to-date: /home/ubuntu/URC_2026/ros2_service/install/camera_msg/include/camera_msg/camera_msg/srv
-- Installing: /home/ubuntu/URC_2026/ros2_service/install/camera_msg/include/camera_msg/camera_msg/srv/camera_status.hpp
-- Up-to-date: /home/ubuntu/URC_2026/ros2_service/install/camera_msg/include/camera_msg/camera_msg/srv/detail
-- Installing: /home/ubuntu/URC_2026/ros2_service/install/camera_msg/include/camera_msg/camera_msg/srv/detail/camera_status__builder.hpp
-- Installing: /home/ubuntu/URC_2026/ros2_service/install/camera_msg/include/camera_msg/camera_msg/srv/detail/camera_status__type_support.hpp
-- Installing: /home/ubuntu/URC_2026/ros2_service/install/camera_msg/include/camera_msg/camera_msg/srv/detail/camera_status__traits.hpp
-- Installing: /home/ubuntu/URC_2026/ros2_service/install/camera_msg/include/camera_msg/camera_msg/srv/detail/camera_status__struct.hpp
-- Up-to-date: /home/ubuntu/URC_2026/ros2_service/install/camera_msg/include/camera_msg/camera_msg/msg
-- Installing: /home/ubuntu/URC_2026/ros2_service/install/camera_msg/include/camera_msg/camera_msg/msg/camera_info.hpp
-- Up-to-date: /home/ubuntu/URC_2026/ros2_service/install/camera_msg/include/camera_msg/camera_msg/msg/detail
-- Installing: /home/ubuntu/URC_2026/ros2_service/install/camera_msg/include/camera_msg/camera_msg/msg/detail/camera_info__traits.hpp
-- Installing: /home/ubuntu/URC_2026/ros2_service/install/camera_msg/include/camera_msg/camera_msg/msg/detail/camera_info__type_support.hpp
-- Installing: /home/ubuntu/URC_2026/ros2_service/install/camera_msg/include/camera_msg/camera_msg/msg/detail/camera_info__struct.hpp
-- Installing: /home/ubuntu/URC_2026/ros2_service/install/camera_msg/include/camera_msg/camera_msg/msg/detail/camera_info__builder.hpp
-- Installing: /home/ubuntu/URC_2026/ros2_service/install/camera_msg/include/camera_msg/camera_msg/msg/rosidl_generator_cpp__visibility_control.hpp
-- Up-to-date: /home/ubuntu/URC_2026/ros2_service/install/camera_msg/include/camera_msg/camera_msg
-- Up-to-date: /home/ubuntu/URC_2026/ros2_service/install/camera_msg/include/camera_msg/camera_msg/srv
-- Up-to-date: /home/ubuntu/URC_2026/ros2_service/install/camera_msg/include/camera_msg/camera_msg/srv/detail
-- Installing: /home/ubuntu/URC_2026/ros2_service/install/camera_msg/include/camera_msg/camera_msg/srv/detail/dds_fastrtps
-- Installing: /home/ubuntu/URC_2026/ros2_service/install/camera_msg/include/camera_msg/camera_msg/srv/detail/camera_status__rosidl_typesupport_fastrtps_cpp.hpp
-- Up-to-date: /home/ubuntu/URC_2026/ros2_service/install/camera_msg/include/camera_msg/camera_msg/msg
-- Up-to-date: /home/ubuntu/URC_2026/ros2_service/install/camera_msg/include/camera_msg/camera_msg/msg/detail
-- Installing: /home/ubuntu/URC_2026/ros2_service/install/camera_msg/include/camera_msg/camera_msg/msg/detail/dds_fastrtps
-- Installing: /home/ubuntu/URC_2026/ros2_service/install/camera_msg/include/camera_msg/camera_msg/msg/detail/camera_info__rosidl_typesupport_fastrtps_cpp.hpp
-- Installing: /home/ubuntu/URC_2026/ros2_service/install/camera_msg/include/camera_msg/camera_msg/msg/rosidl_typesupport_fastrtps_cpp__visibility_control.h
-- Installing: /home/ubuntu/URC_2026/ros2_service/install/camera_msg/lib/libcamera_msg__rosidl_typesupport_fastrtps_cpp.so
-- Set non-toolchain portion of runtime path of "/home/ubuntu/URC_2026/ros2_service/install/camera_msg/lib/libcamera_msg__rosidl_typesupport_fastrtps_cpp.so" to ""
-- Up-to-date: /home/ubuntu/URC_2026/ros2_service/install/camera_msg/include/camera_msg/camera_msg
-- Up-to-date: /home/ubuntu/URC_2026/ros2_service/install/camera_msg/include/camera_msg/camera_msg/srv
-- Up-to-date: /home/ubuntu/URC_2026/ros2_service/install/camera_msg/include/camera_msg/camera_msg/srv/detail
-- Installing: /home/ubuntu/URC_2026/ros2_service/install/camera_msg/include/camera_msg/camera_msg/srv/detail/camera_status__rosidl_typesupport_introspection_cpp.hpp
-- Installing: /home/ubuntu/URC_2026/ros2_service/install/camera_msg/include/camera_msg/camera_msg/srv/detail/camera_status__type_support.cpp
-- Up-to-date: /home/ubuntu/URC_2026/ros2_service/install/camera_msg/include/camera_msg/camera_msg/msg
-- Up-to-date: /home/ubuntu/URC_2026/ros2_service/install/camera_msg/include/camera_msg/camera_msg/msg/detail
-- Installing: /home/ubuntu/URC_2026/ros2_service/install/camera_msg/include/camera_msg/camera_msg/msg/detail/camera_info__rosidl_typesupport_introspection_cpp.hpp
-- Installing: /home/ubuntu/URC_2026/ros2_service/install/camera_msg/include/camera_msg/camera_msg/msg/detail/camera_info__type_support.cpp
-- Installing: /home/ubuntu/URC_2026/ros2_service/install/camera_msg/lib/libcamera_msg__rosidl_typesupport_introspection_cpp.so
-- Set non-toolchain portion of runtime path of "/home/ubuntu/URC_2026/ros2_service/install/camera_msg/lib/libcamera_msg__rosidl_typesupport_introspection_cpp.so" to ""
-- Installing: /home/ubuntu/URC_2026/ros2_service/install/camera_msg/lib/libcamera_msg__rosidl_typesupport_cpp.so
-- Set non-toolchain portion of runtime path of "/home/ubuntu/URC_2026/ros2_service/install/camera_msg/lib/libcamera_msg__rosidl_typesupport_cpp.so" to ""
-- Installing: /home/ubuntu/URC_2026/ros2_service/install/camera_msg/share/camera_msg/environment/pythonpath.sh
-- Installing: /home/ubuntu/URC_2026/ros2_service/install/camera_msg/share/camera_msg/environment/pythonpath.dsv
-- Installing: /home/ubuntu/URC_2026/ros2_service/install/camera_msg/lib/python3.12/site-packages/camera_msg-0.0.0-py3.12.egg-info
-- Installing: /home/ubuntu/URC_2026/ros2_service/install/camera_msg/lib/python3.12/site-packages/camera_msg-0.0.0-py3.12.egg-info/SOURCES.txt
-- Installing: /home/ubuntu/URC_2026/ros2_service/install/camera_msg/lib/python3.12/site-packages/camera_msg-0.0.0-py3.12.egg-info/top_level.txt
-- Installing: /home/ubuntu/URC_2026/ros2_service/install/camera_msg/lib/python3.12/site-packages/camera_msg-0.0.0-py3.12.egg-info/dependency_links.txt
-- Installing: /home/ubuntu/URC_2026/ros2_service/install/camera_msg/lib/python3.12/site-packages/camera_msg-0.0.0-py3.12.egg-info/PKG-INFO
-- Installing: /home/ubuntu/URC_2026/ros2_service/install/camera_msg/lib/python3.12/site-packages/camera_msg
-- Installing: /home/ubuntu/URC_2026/ros2_service/install/camera_msg/lib/python3.12/site-packages/camera_msg/camera_msg_s__rosidl_typesupport_fastrtps_c.so
-- Installing: /home/ubuntu/URC_2026/ros2_service/install/camera_msg/lib/python3.12/site-packages/camera_msg/srv
-- Installing: /home/ubuntu/URC_2026/ros2_service/install/camera_msg/lib/python3.12/site-packages/camera_msg/srv/_camera_status_s.c
-- Installing: /home/ubuntu/URC_2026/ros2_service/install/camera_msg/lib/python3.12/site-packages/camera_msg/srv/__init__.py
-- Installing: /home/ubuntu/URC_2026/ros2_service/install/camera_msg/lib/python3.12/site-packages/camera_msg/srv/_camera_status.py
-- Installing: /home/ubuntu/URC_2026/ros2_service/install/camera_msg/lib/python3.12/site-packages/camera_msg/_camera_msg_s.ep.rosidl_typesupport_introspection_c.c
-- Installing: /home/ubuntu/URC_2026/ros2_service/install/camera_msg/lib/python3.12/site-packages/camera_msg/camera_msg_s__rosidl_typesupport_c.so
-- Installing: /home/ubuntu/URC_2026/ros2_service/install/camera_msg/lib/python3.12/site-packages/camera_msg/__init__.py
-- Installing: /home/ubuntu/URC_2026/ros2_service/install/camera_msg/lib/python3.12/site-packages/camera_msg/camera_msg_s__rosidl_typesupport_introspection_c.so
-- Installing: /home/ubuntu/URC_2026/ros2_service/install/camera_msg/lib/python3.12/site-packages/camera_msg/_camera_msg_s.ep.rosidl_typesupport_fastrtps_c.c
-- Installing: /home/ubuntu/URC_2026/ros2_service/install/camera_msg/lib/python3.12/site-packages/camera_msg/_camera_msg_s.ep.rosidl_typesupport_c.c
-- Installing: /home/ubuntu/URC_2026/ros2_service/install/camera_msg/lib/python3.12/site-packages/camera_msg/msg
-- Installing: /home/ubuntu/URC_2026/ros2_service/install/camera_msg/lib/python3.12/site-packages/camera_msg/msg/_camera_info.py
-- Installing: /home/ubuntu/URC_2026/ros2_service/install/camera_msg/lib/python3.12/site-packages/camera_msg/msg/__init__.py
-- Installing: /home/ubuntu/URC_2026/ros2_service/install/camera_msg/lib/python3.12/site-packages/camera_msg/msg/_camera_info_s.c
Listing '/home/ubuntu/URC_2026/ros2_service/install/camera_msg/lib/python3.12/site-packages/camera_msg'...
Compiling '/home/ubuntu/URC_2026/ros2_service/install/camera_msg/lib/python3.12/site-packages/camera_msg/__init__.py'...
Listing '/home/ubuntu/URC_2026/ros2_service/install/camera_msg/lib/python3.12/site-packages/camera_msg/msg'...
Compiling '/home/ubuntu/URC_2026/ros2_service/install/camera_msg/lib/python3.12/site-packages/camera_msg/msg/__init__.py'...
Compiling '/home/ubuntu/URC_2026/ros2_service/install/camera_msg/lib/python3.12/site-packages/camera_msg/msg/_camera_info.py'...
Listing '/home/ubuntu/URC_2026/ros2_service/install/camera_msg/lib/python3.12/site-packages/camera_msg/srv'...
Compiling '/home/ubuntu/URC_2026/ros2_service/install/camera_msg/lib/python3.12/site-packages/camera_msg/srv/__init__.py'...
Compiling '/home/ubuntu/URC_2026/ros2_service/install/camera_msg/lib/python3.12/site-packages/camera_msg/srv/_camera_status.py'...
-- Installing: /home/ubuntu/URC_2026/ros2_service/install/camera_msg/lib/python3.12/site-packages/camera_msg/camera_msg_s__rosidl_typesupport_fastrtps_c.so
-- Set non-toolchain portion of runtime path of "/home/ubuntu/URC_2026/ros2_service/install/camera_msg/lib/python3.12/site-packages/camera_msg/camera_msg_s__rosidl_typesupport_fastrtps_c.so" to ""
-- Installing: /home/ubuntu/URC_2026/ros2_service/install/camera_msg/lib/python3.12/site-packages/camera_msg/camera_msg_s__rosidl_typesupport_introspection_c.so
-- Set non-toolchain portion of runtime path of "/home/ubuntu/URC_2026/ros2_service/install/camera_msg/lib/python3.12/site-packages/camera_msg/camera_msg_s__rosidl_typesupport_introspection_c.so" to ""
-- Installing: /home/ubuntu/URC_2026/ros2_service/install/camera_msg/lib/python3.12/site-packages/camera_msg/camera_msg_s__rosidl_typesupport_c.so
-- Set non-toolchain portion of runtime path of "/home/ubuntu/URC_2026/ros2_service/install/camera_msg/lib/python3.12/site-packages/camera_msg/camera_msg_s__rosidl_typesupport_c.so" to ""
-- Installing: /home/ubuntu/URC_2026/ros2_service/install/camera_msg/lib/libcamera_msg__rosidl_generator_py.so
-- Set non-toolchain portion of runtime path of "/home/ubuntu/URC_2026/ros2_service/install/camera_msg/lib/libcamera_msg__rosidl_generator_py.so" to ""
-- Installing: /home/ubuntu/URC_2026/ros2_service/install/camera_msg/share/camera_msg/msg/CameraInfo.idl
-- Installing: /home/ubuntu/URC_2026/ros2_service/install/camera_msg/share/camera_msg/srv/CameraStatus.idl
-- Installing: /home/ubuntu/URC_2026/ros2_service/install/camera_msg/share/camera_msg/msg/CameraInfo.msg
-- Installing: /home/ubuntu/URC_2026/ros2_service/install/camera_msg/share/camera_msg/srv/CameraStatus.srv
-- Installing: /home/ubuntu/URC_2026/ros2_service/install/camera_msg/share/ament_index/resource_index/package_run_dependencies/camera_msg
-- Installing: /home/ubuntu/URC_2026/ros2_service/install/camera_msg/share/ament_index/resource_index/parent_prefix_path/camera_msg
-- Installing: /home/ubuntu/URC_2026/ros2_service/install/camera_msg/share/camera_msg/environment/ament_prefix_path.sh
-- Installing: /home/ubuntu/URC_2026/ros2_service/install/camera_msg/share/camera_msg/environment/ament_prefix_path.dsv
-- Installing: /home/ubuntu/URC_2026/ros2_service/install/camera_msg/share/camera_msg/environment/path.sh
-- Installing: /home/ubuntu/URC_2026/ros2_service/install/camera_msg/share/camera_msg/environment/path.dsv
-- Installing: /home/ubuntu/URC_2026/ros2_service/install/camera_msg/share/camera_msg/local_setup.bash
-- Installing: /home/ubuntu/URC_2026/ros2_service/install/camera_msg/share/camera_msg/local_setup.sh
-- Installing: /home/ubuntu/URC_2026/ros2_service/install/camera_msg/share/camera_msg/local_setup.zsh
-- Installing: /home/ubuntu/URC_2026/ros2_service/install/camera_msg/share/camera_msg/local_setup.dsv
-- Installing: /home/ubuntu/URC_2026/ros2_service/install/camera_msg/share/camera_msg/package.dsv
-- Installing: /home/ubuntu/URC_2026/ros2_service/install/camera_msg/share/ament_index/resource_index/packages/camera_msg
-- Installing: /home/ubuntu/URC_2026/ros2_service/install/camera_msg/share/camera_msg/cmake/export_camera_msg__rosidl_generator_cExport.cmake
-- Installing: /home/ubuntu/URC_2026/ros2_service/install/camera_msg/share/camera_msg/cmake/export_camera_msg__rosidl_generator_cExport-noconfig.cmake
-- Installing: /home/ubuntu/URC_2026/ros2_service/install/camera_msg/share/camera_msg/cmake/export_camera_msg__rosidl_typesupport_fastrtps_cExport.cmake
-- Installing: /home/ubuntu/URC_2026/ros2_service/install/camera_msg/share/camera_msg/cmake/export_camera_msg__rosidl_typesupport_fastrtps_cExport-noconfig.cmake
-- Installing: /home/ubuntu/URC_2026/ros2_service/install/camera_msg/share/camera_msg/cmake/camera_msg__rosidl_typesupport_introspection_cExport.cmake
-- Installing: /home/ubuntu/URC_2026/ros2_service/install/camera_msg/share/camera_msg/cmake/camera_msg__rosidl_typesupport_introspection_cExport-noconfig.cmake
-- Installing: /home/ubuntu/URC_2026/ros2_service/install/camera_msg/share/camera_msg/cmake/camera_msg__rosidl_typesupport_cExport.cmake
-- Installing: /home/ubuntu/URC_2026/ros2_service/install/camera_msg/share/camera_msg/cmake/camera_msg__rosidl_typesupport_cExport-noconfig.cmake
-- Installing: /home/ubuntu/URC_2026/ros2_service/install/camera_msg/share/camera_msg/cmake/export_camera_msg__rosidl_generator_cppExport.cmake
-- Installing: /home/ubuntu/URC_2026/ros2_service/install/camera_msg/share/camera_msg/cmake/export_camera_msg__rosidl_typesupport_fastrtps_cppExport.cmake
-- Installing: /home/ubuntu/URC_2026/ros2_service/install/camera_msg/share/camera_msg/cmake/export_camera_msg__rosidl_typesupport_fastrtps_cppExport-noconfig.cmake
-- Installing: /home/ubuntu/URC_2026/ros2_service/install/camera_msg/share/camera_msg/cmake/camera_msg__rosidl_typesupport_introspection_cppExport.cmake
-- Installing: /home/ubuntu/URC_2026/ros2_service/install/camera_msg/share/camera_msg/cmake/camera_msg__rosidl_typesupport_introspection_cppExport-noconfig.cmake
-- Installing: /home/ubuntu/URC_2026/ros2_service/install/camera_msg/share/camera_msg/cmake/camera_msg__rosidl_typesupport_cppExport.cmake
-- Installing: /home/ubuntu/URC_2026/ros2_service/install/camera_msg/share/camera_msg/cmake/camera_msg__rosidl_typesupport_cppExport-noconfig.cmake
-- Installing: /home/ubuntu/URC_2026/ros2_service/install/camera_msg/share/camera_msg/cmake/export_camera_msg__rosidl_generator_pyExport.cmake
-- Installing: /home/ubuntu/URC_2026/ros2_service/install/camera_msg/share/camera_msg/cmake/export_camera_msg__rosidl_generator_pyExport-noconfig.cmake
-- Installing: /home/ubuntu/URC_2026/ros2_service/install/camera_msg/share/camera_msg/cmake/rosidl_cmake-extras.cmake
-- Installing: /home/ubuntu/URC_2026/ros2_service/install/camera_msg/share/camera_msg/cmake/ament_cmake_export_dependencies-extras.cmake
-- Installing: /home/ubuntu/URC_2026/ros2_service/install/camera_msg/share/camera_msg/cmake/ament_cmake_export_include_directories-extras.cmake
-- Installing: /home/ubuntu/URC_2026/ros2_service/install/camera_msg/share/camera_msg/cmake/ament_cmake_export_libraries-extras.cmake
-- Installing: /home/ubuntu/URC_2026/ros2_service/install/camera_msg/share/camera_msg/cmake/ament_cmake_export_targets-extras.cmake
-- Installing: /home/ubuntu/URC_2026/ros2_service/install/camera_msg/share/camera_msg/cmake/rosidl_cmake_export_typesupport_targets-extras.cmake
-- Installing: /home/ubuntu/URC_2026/ros2_service/install/camera_msg/share/camera_msg/cmake/rosidl_cmake_export_typesupport_libraries-extras.cmake
-- Installing: /home/ubuntu/URC_2026/ros2_service/install/camera_msg/share/camera_msg/cmake/camera_msgConfig.cmake
-- Installing: /home/ubuntu/URC_2026/ros2_service/install/camera_msg/share/camera_msg/cmake/camera_msgConfig-version.cmake
-- Installing: /home/ubuntu/URC_2026/ros2_service/install/camera_msg/share/camera_msg/package.xml
