[0.011s] Invoking command in '/home/ubuntu/URC_2026/ros2_service/build/camera_msg': CMAKE_PREFIX_PATH=${CMAKE_PREFIX_PATH}:/opt/ros/jazzy DEBUGINFOD_URLS=https://debuginfod.ubuntu.com /usr/bin/cmake /home/ubuntu/URC_2026/ros2_service/camera_msg -DCMAKE_INSTALL_PREFIX=/home/ubuntu/URC_2026/ros2_service/install/camera_msg
[0.090s] -- The C compiler identification is GNU 13.3.0
[0.166s] -- The CXX compiler identification is GNU 13.3.0
[0.188s] -- Detecting C compiler ABI info
[0.308s] -- Detecting C compiler ABI info - done
[0.323s] -- Check for working C compiler: /usr/bin/cc - skipped
[0.323s] -- Detecting C compile features
[0.324s] -- Detecting C compile features - done
[0.340s] -- Detecting CXX compiler ABI info
[0.476s] -- Detecting CXX compiler ABI info - done
[0.489s] -- Check for working CXX compiler: /usr/bin/c++ - skipped
[0.489s] -- Detecting CXX compile features
[0.490s] -- Detecting CXX compile features - done
[0.493s] -- Found ament_cmake: 2.5.4 (/opt/ros/jazzy/share/ament_cmake/cmake)
[0.745s] -- Found Python3: /usr/bin/python3 (found version "3.12.3") found components: Interpreter 
[0.869s] -- Found rosidl_default_generators: 1.6.0 (/opt/ros/jazzy/share/rosidl_default_generators/cmake)
[0.874s] -- Using all available rosidl_typesupport_c: rosidl_typesupport_fastrtps_c;rosidl_typesupport_introspection_c
[0.933s] -- Using all available rosidl_typesupport_cpp: rosidl_typesupport_fastrtps_cpp;rosidl_typesupport_introspection_cpp
[0.978s] -- Found rosidl_adapter: 4.6.6 (/opt/ros/jazzy/share/rosidl_adapter/cmake)
[0.981s] -- Found ament_lint_auto: 0.17.3 (/opt/ros/jazzy/share/ament_lint_auto/cmake)
[1.846s] -- Found ament_cmake_ros: 0.12.0 (/opt/ros/jazzy/share/ament_cmake_ros/cmake)
[2.418s] -- Using all available rosidl_typesupport_c: rosidl_typesupport_fastrtps_c;rosidl_typesupport_introspection_c
[3.199s] -- Using all available rosidl_typesupport_cpp: rosidl_typesupport_fastrtps_cpp;rosidl_typesupport_introspection_cpp
[3.201s] -- Found python_cmake_module: 0.11.1 (/opt/ros/jazzy/share/python_cmake_module/cmake)
[3.394s] -- Found PythonExtra: /usr/bin/python3  
[3.967s] -- Found Python3: /usr/bin/python3 (found version "3.12.3") found components: Interpreter Development NumPy Development.Module Development.Embed 
[4.010s] -- Added test 'lint_cmake' to check CMake code style
[4.011s] -- Added test 'xmllint' to check XML markup files
[4.016s] -- Configuring done (4.0s)
[4.057s] -- Generating done (0.0s)
[4.070s] -- Build files have been written to: /home/ubuntu/URC_2026/ros2_service/build/camera_msg
[4.081s] Invoked command in '/home/ubuntu/URC_2026/ros2_service/build/camera_msg' returned '0': CMAKE_PREFIX_PATH=${CMAKE_PREFIX_PATH}:/opt/ros/jazzy DEBUGINFOD_URLS=https://debuginfod.ubuntu.com /usr/bin/cmake /home/ubuntu/URC_2026/ros2_service/camera_msg -DCMAKE_INSTALL_PREFIX=/home/ubuntu/URC_2026/ros2_service/install/camera_msg
[4.083s] Invoking command in '/home/ubuntu/URC_2026/ros2_service/build/camera_msg': CMAKE_PREFIX_PATH=${CMAKE_PREFIX_PATH}:/opt/ros/jazzy DEBUGINFOD_URLS=https://debuginfod.ubuntu.com /usr/bin/cmake --build /home/ubuntu/URC_2026/ros2_service/build/camera_msg -- -j16 -l16
[4.149s] [  2%] [34m[1mGenerating type hashes for ROS interfaces[0m
[4.162s] [  2%] Built target ament_cmake_python_copy_camera_msg
[4.404s] [  2%] Built target camera_msg__rosidl_generator_type_description
[4.411s] running egg_info
[4.412s] creating camera_msg.egg-info
[4.418s] [  4%] [34m[1mGenerating C code for ROS interfaces[0m
[4.431s] [  6%] [34m[1mGenerating C++ code for ROS interfaces[0m
[4.432s] writing camera_msg.egg-info/PKG-INFO
[4.433s] writing dependency_links to camera_msg.egg-info/dependency_links.txt
[4.433s] writing top-level names to camera_msg.egg-info/top_level.txt
[4.433s] writing manifest file 'camera_msg.egg-info/SOURCES.txt'
[4.492s] reading manifest file 'camera_msg.egg-info/SOURCES.txt'
[4.493s] writing manifest file 'camera_msg.egg-info/SOURCES.txt'
[4.526s] [  6%] Built target ament_cmake_python_build_camera_msg_egg
[4.771s] [  6%] Built target camera_msg__cpp
[4.817s] [  9%] [32mBuilding C object CMakeFiles/camera_msg__rosidl_generator_c.dir/rosidl_generator_c/camera_msg/msg/detail/camera_info__functions.c.o[0m
[4.819s] [ 11%] [32mBuilding C object CMakeFiles/camera_msg__rosidl_generator_c.dir/rosidl_generator_c/camera_msg/srv/detail/camera_status__type_support.c.o[0m
[4.820s] [ 13%] [32mBuilding C object CMakeFiles/camera_msg__rosidl_generator_c.dir/rosidl_generator_c/camera_msg/srv/detail/camera_status__description.c.o[0m
[4.821s] [ 15%] [32mBuilding C object CMakeFiles/camera_msg__rosidl_generator_c.dir/rosidl_generator_c/camera_msg/msg/detail/camera_info__description.c.o[0m
[4.821s] [ 18%] [32mBuilding C object CMakeFiles/camera_msg__rosidl_generator_c.dir/rosidl_generator_c/camera_msg/msg/detail/camera_info__type_support.c.o[0m
[4.823s] [ 20%] [32mBuilding C object CMakeFiles/camera_msg__rosidl_generator_c.dir/rosidl_generator_c/camera_msg/srv/detail/camera_status__functions.c.o[0m
[4.917s] [ 22%] [32m[1mLinking C shared library libcamera_msg__rosidl_generator_c.so[0m
[4.973s] [ 22%] Built target camera_msg__rosidl_generator_c
[4.988s] [ 27%] [34m[1mGenerating C type support dispatch for ROS interfaces[0m
[4.988s] [ 27%] [34m[1mGenerating C introspection for ROS interfaces[0m
[4.989s] [ 29%] [34m[1mGenerating C type support for eProsima Fast-RTPS[0m
[4.990s] [ 31%] [34m[1mGenerating C++ type support for eProsima Fast-RTPS[0m
[4.990s] [ 36%] [34m[1mGenerating C++ introspection for ROS interfaces[0m
[4.990s] [ 36%] [34m[1mGenerating C++ type support dispatch for ROS interfaces[0m
[5.291s] [ 38%] [32mBuilding CXX object CMakeFiles/camera_msg__rosidl_typesupport_c.dir/rosidl_typesupport_c/camera_msg/srv/camera_status__type_support.cpp.o[0m
[5.293s] [ 40%] [32mBuilding CXX object CMakeFiles/camera_msg__rosidl_typesupport_c.dir/rosidl_typesupport_c/camera_msg/msg/camera_info__type_support.cpp.o[0m
[5.328s] [ 45%] [32mBuilding C object CMakeFiles/camera_msg__rosidl_typesupport_introspection_c.dir/rosidl_typesupport_introspection_c/camera_msg/msg/detail/camera_info__type_support.c.o[0m
[5.328s] [ 45%] [32mBuilding C object CMakeFiles/camera_msg__rosidl_typesupport_introspection_c.dir/rosidl_typesupport_introspection_c/camera_msg/srv/detail/camera_status__type_support.c.o[0m
[5.364s] [ 47%] [32m[1mLinking CXX shared library libcamera_msg__rosidl_typesupport_c.so[0m
[5.374s] [ 50%] [32mBuilding CXX object CMakeFiles/camera_msg__rosidl_typesupport_fastrtps_cpp.dir/rosidl_typesupport_fastrtps_cpp/camera_msg/msg/detail/dds_fastrtps/camera_info__type_support.cpp.o[0m
[5.378s] [ 52%] [32mBuilding CXX object CMakeFiles/camera_msg__rosidl_typesupport_fastrtps_cpp.dir/rosidl_typesupport_fastrtps_cpp/camera_msg/srv/detail/dds_fastrtps/camera_status__type_support.cpp.o[0m
[5.390s] [ 54%] [32mBuilding CXX object CMakeFiles/camera_msg__rosidl_typesupport_fastrtps_c.dir/rosidl_typesupport_fastrtps_c/camera_msg/srv/detail/camera_status__type_support_c.cpp.o[0m
[5.395s] [ 56%] [32mBuilding CXX object CMakeFiles/camera_msg__rosidl_typesupport_fastrtps_c.dir/rosidl_typesupport_fastrtps_c/camera_msg/msg/detail/camera_info__type_support_c.cpp.o[0m
[5.396s] [ 59%] [32mBuilding CXX object CMakeFiles/camera_msg__rosidl_typesupport_cpp.dir/rosidl_typesupport_cpp/camera_msg/msg/camera_info__type_support.cpp.o[0m
[5.398s] [ 61%] [32mBuilding CXX object CMakeFiles/camera_msg__rosidl_typesupport_cpp.dir/rosidl_typesupport_cpp/camera_msg/srv/camera_status__type_support.cpp.o[0m
[5.413s] [ 63%] [32m[1mLinking C shared library libcamera_msg__rosidl_typesupport_introspection_c.so[0m
[5.419s] [ 63%] Built target camera_msg__rosidl_typesupport_c
[5.452s] [ 65%] [32mBuilding CXX object CMakeFiles/camera_msg__rosidl_typesupport_introspection_cpp.dir/rosidl_typesupport_introspection_cpp/camera_msg/srv/detail/camera_status__type_support.cpp.o[0m
[5.454s] [ 68%] [32mBuilding CXX object CMakeFiles/camera_msg__rosidl_typesupport_introspection_cpp.dir/rosidl_typesupport_introspection_cpp/camera_msg/msg/detail/camera_info__type_support.cpp.o[0m
[5.456s] [ 68%] Built target camera_msg__rosidl_typesupport_introspection_c
[5.960s] [ 70%] [32m[1mLinking CXX shared library libcamera_msg__rosidl_typesupport_introspection_cpp.so[0m
[6.006s] [ 72%] [32m[1mLinking CXX shared library libcamera_msg__rosidl_typesupport_cpp.so[0m
[6.060s] [ 72%] Built target camera_msg__rosidl_typesupport_introspection_cpp
[6.101s] [ 72%] Built target camera_msg__rosidl_typesupport_cpp
[6.190s] [ 75%] [32m[1mLinking CXX shared library libcamera_msg__rosidl_typesupport_fastrtps_cpp.so[0m
[6.191s] [ 77%] [32m[1mLinking CXX shared library libcamera_msg__rosidl_typesupport_fastrtps_c.so[0m
[6.333s] [ 77%] Built target camera_msg__rosidl_typesupport_fastrtps_c
[6.335s] [ 77%] Built target camera_msg__rosidl_typesupport_fastrtps_cpp
[6.374s] [ 77%] Built target camera_msg
[6.402s] [ 79%] [34m[1mGenerating Python code for ROS interfaces[0m
[6.845s] [ 79%] Built target camera_msg__py
[6.879s] [ 84%] [32mBuilding C object CMakeFiles/camera_msg__rosidl_generator_py.dir/rosidl_generator_py/camera_msg/srv/_camera_status_s.c.o[0m
[6.879s] [ 84%] [32mBuilding C object CMakeFiles/camera_msg__rosidl_generator_py.dir/rosidl_generator_py/camera_msg/msg/_camera_info_s.c.o[0m
[7.057s] [ 86%] [32m[1mLinking C shared library libcamera_msg__rosidl_generator_py.so[0m
[7.113s] [ 86%] Built target camera_msg__rosidl_generator_py
[7.141s] [ 88%] [32mBuilding C object CMakeFiles/camera_msg_s__rosidl_typesupport_introspection_c.dir/rosidl_generator_py/camera_msg/_camera_msg_s.ep.rosidl_typesupport_introspection_c.c.o[0m
[7.141s] [ 90%] [32mBuilding C object CMakeFiles/camera_msg_s__rosidl_typesupport_c.dir/rosidl_generator_py/camera_msg/_camera_msg_s.ep.rosidl_typesupport_c.c.o[0m
[7.142s] [ 93%] [32mBuilding C object CMakeFiles/camera_msg_s__rosidl_typesupport_fastrtps_c.dir/rosidl_generator_py/camera_msg/_camera_msg_s.ep.rosidl_typesupport_fastrtps_c.c.o[0m
[7.278s] [ 95%] [32m[1mLinking C shared module rosidl_generator_py/camera_msg/camera_msg_s__rosidl_typesupport_c.so[0m
[7.279s] [ 97%] [32m[1mLinking C shared module rosidl_generator_py/camera_msg/camera_msg_s__rosidl_typesupport_introspection_c.so[0m
[7.280s] [100%] [32m[1mLinking C shared module rosidl_generator_py/camera_msg/camera_msg_s__rosidl_typesupport_fastrtps_c.so[0m
[7.318s] [100%] Built target camera_msg_s__rosidl_typesupport_c
[7.321s] [100%] Built target camera_msg_s__rosidl_typesupport_fastrtps_c
[7.322s] [100%] Built target camera_msg_s__rosidl_typesupport_introspection_c
[7.340s] Invoked command in '/home/ubuntu/URC_2026/ros2_service/build/camera_msg' returned '0': CMAKE_PREFIX_PATH=${CMAKE_PREFIX_PATH}:/opt/ros/jazzy DEBUGINFOD_URLS=https://debuginfod.ubuntu.com /usr/bin/cmake --build /home/ubuntu/URC_2026/ros2_service/build/camera_msg -- -j16 -l16
[7.355s] Invoking command in '/home/ubuntu/URC_2026/ros2_service/build/camera_msg': CMAKE_PREFIX_PATH=${CMAKE_PREFIX_PATH}:/opt/ros/jazzy DEBUGINFOD_URLS=https://debuginfod.ubuntu.com /usr/bin/cmake --install /home/ubuntu/URC_2026/ros2_service/build/camera_msg
[7.369s] -- Install configuration: ""
[7.369s] -- Installing: /home/ubuntu/URC_2026/ros2_service/install/camera_msg/share/ament_index/resource_index/rosidl_interfaces/camera_msg
[7.370s] -- Installing: /home/ubuntu/URC_2026/ros2_service/install/camera_msg/share/camera_msg/msg/CameraInfo.json
[7.370s] -- Installing: /home/ubuntu/URC_2026/ros2_service/install/camera_msg/share/camera_msg/srv/CameraStatus.json
[7.370s] -- Installing: /home/ubuntu/URC_2026/ros2_service/install/camera_msg/include/camera_msg/camera_msg
[7.370s] -- Installing: /home/ubuntu/URC_2026/ros2_service/install/camera_msg/include/camera_msg/camera_msg/srv
[7.371s] -- Installing: /home/ubuntu/URC_2026/ros2_service/install/camera_msg/include/camera_msg/camera_msg/srv/detail
[7.371s] -- Installing: /home/ubuntu/URC_2026/ros2_service/install/camera_msg/include/camera_msg/camera_msg/srv/detail/camera_status__type_support.h
[7.371s] -- Installing: /home/ubuntu/URC_2026/ros2_service/install/camera_msg/include/camera_msg/camera_msg/srv/detail/camera_status__type_support.c
[7.371s] -- Installing: /home/ubuntu/URC_2026/ros2_service/install/camera_msg/include/camera_msg/camera_msg/srv/detail/camera_status__description.c
[7.371s] -- Installing: /home/ubuntu/URC_2026/ros2_service/install/camera_msg/include/camera_msg/camera_msg/srv/detail/camera_status__struct.h
[7.372s] -- Installing: /home/ubuntu/URC_2026/ros2_service/install/camera_msg/include/camera_msg/camera_msg/srv/detail/camera_status__functions.c
[7.372s] -- Installing: /home/ubuntu/URC_2026/ros2_service/install/camera_msg/include/camera_msg/camera_msg/srv/detail/camera_status__functions.h
[7.372s] -- Installing: /home/ubuntu/URC_2026/ros2_service/install/camera_msg/include/camera_msg/camera_msg/srv/camera_status.h
[7.372s] -- Installing: /home/ubuntu/URC_2026/ros2_service/install/camera_msg/include/camera_msg/camera_msg/msg
[7.372s] -- Installing: /home/ubuntu/URC_2026/ros2_service/install/camera_msg/include/camera_msg/camera_msg/msg/rosidl_generator_c__visibility_control.h
[7.373s] -- Installing: /home/ubuntu/URC_2026/ros2_service/install/camera_msg/include/camera_msg/camera_msg/msg/detail
[7.373s] -- Installing: /home/ubuntu/URC_2026/ros2_service/install/camera_msg/include/camera_msg/camera_msg/msg/detail/camera_info__description.c
[7.373s] -- Installing: /home/ubuntu/URC_2026/ros2_service/install/camera_msg/include/camera_msg/camera_msg/msg/detail/camera_info__type_support.c
[7.373s] -- Installing: /home/ubuntu/URC_2026/ros2_service/install/camera_msg/include/camera_msg/camera_msg/msg/detail/camera_info__type_support.h
[7.373s] -- Installing: /home/ubuntu/URC_2026/ros2_service/install/camera_msg/include/camera_msg/camera_msg/msg/detail/camera_info__struct.h
[7.374s] -- Installing: /home/ubuntu/URC_2026/ros2_service/install/camera_msg/include/camera_msg/camera_msg/msg/detail/camera_info__functions.c
[7.374s] -- Installing: /home/ubuntu/URC_2026/ros2_service/install/camera_msg/include/camera_msg/camera_msg/msg/detail/camera_info__functions.h
[7.374s] -- Installing: /home/ubuntu/URC_2026/ros2_service/install/camera_msg/include/camera_msg/camera_msg/msg/camera_info.h
[7.374s] -- Installing: /home/ubuntu/URC_2026/ros2_service/install/camera_msg/share/camera_msg/environment/library_path.sh
[7.374s] -- Installing: /home/ubuntu/URC_2026/ros2_service/install/camera_msg/share/camera_msg/environment/library_path.dsv
[7.375s] -- Installing: /home/ubuntu/URC_2026/ros2_service/install/camera_msg/lib/libcamera_msg__rosidl_generator_c.so
[7.375s] -- Set non-toolchain portion of runtime path of "/home/ubuntu/URC_2026/ros2_service/install/camera_msg/lib/libcamera_msg__rosidl_generator_c.so" to ""
[7.375s] -- Up-to-date: /home/ubuntu/URC_2026/ros2_service/install/camera_msg/include/camera_msg/camera_msg
[7.375s] -- Up-to-date: /home/ubuntu/URC_2026/ros2_service/install/camera_msg/include/camera_msg/camera_msg/srv
[7.375s] -- Up-to-date: /home/ubuntu/URC_2026/ros2_service/install/camera_msg/include/camera_msg/camera_msg/srv/detail
[7.376s] -- Installing: /home/ubuntu/URC_2026/ros2_service/install/camera_msg/include/camera_msg/camera_msg/srv/detail/camera_status__rosidl_typesupport_fastrtps_c.h
[7.376s] -- Up-to-date: /home/ubuntu/URC_2026/ros2_service/install/camera_msg/include/camera_msg/camera_msg/msg
[7.376s] -- Up-to-date: /home/ubuntu/URC_2026/ros2_service/install/camera_msg/include/camera_msg/camera_msg/msg/detail
[7.376s] -- Installing: /home/ubuntu/URC_2026/ros2_service/install/camera_msg/include/camera_msg/camera_msg/msg/detail/camera_info__rosidl_typesupport_fastrtps_c.h
[7.376s] -- Installing: /home/ubuntu/URC_2026/ros2_service/install/camera_msg/include/camera_msg/camera_msg/msg/rosidl_typesupport_fastrtps_c__visibility_control.h
[7.377s] -- Installing: /home/ubuntu/URC_2026/ros2_service/install/camera_msg/lib/libcamera_msg__rosidl_typesupport_fastrtps_c.so
[7.377s] -- Set non-toolchain portion of runtime path of "/home/ubuntu/URC_2026/ros2_service/install/camera_msg/lib/libcamera_msg__rosidl_typesupport_fastrtps_c.so" to ""
[7.377s] -- Up-to-date: /home/ubuntu/URC_2026/ros2_service/install/camera_msg/include/camera_msg/camera_msg
[7.377s] -- Up-to-date: /home/ubuntu/URC_2026/ros2_service/install/camera_msg/include/camera_msg/camera_msg/srv
[7.378s] -- Up-to-date: /home/ubuntu/URC_2026/ros2_service/install/camera_msg/include/camera_msg/camera_msg/srv/detail
[7.378s] -- Installing: /home/ubuntu/URC_2026/ros2_service/install/camera_msg/include/camera_msg/camera_msg/srv/detail/camera_status__rosidl_typesupport_introspection_c.h
[7.378s] -- Installing: /home/ubuntu/URC_2026/ros2_service/install/camera_msg/include/camera_msg/camera_msg/srv/detail/camera_status__type_support.c
[7.378s] -- Up-to-date: /home/ubuntu/URC_2026/ros2_service/install/camera_msg/include/camera_msg/camera_msg/msg
[7.378s] -- Up-to-date: /home/ubuntu/URC_2026/ros2_service/install/camera_msg/include/camera_msg/camera_msg/msg/detail
[7.378s] -- Installing: /home/ubuntu/URC_2026/ros2_service/install/camera_msg/include/camera_msg/camera_msg/msg/detail/camera_info__type_support.c
[7.379s] -- Installing: /home/ubuntu/URC_2026/ros2_service/install/camera_msg/include/camera_msg/camera_msg/msg/detail/camera_info__rosidl_typesupport_introspection_c.h
[7.379s] -- Installing: /home/ubuntu/URC_2026/ros2_service/install/camera_msg/include/camera_msg/camera_msg/msg/rosidl_typesupport_introspection_c__visibility_control.h
[7.379s] -- Installing: /home/ubuntu/URC_2026/ros2_service/install/camera_msg/lib/libcamera_msg__rosidl_typesupport_introspection_c.so
[7.379s] -- Set non-toolchain portion of runtime path of "/home/ubuntu/URC_2026/ros2_service/install/camera_msg/lib/libcamera_msg__rosidl_typesupport_introspection_c.so" to ""
[7.380s] -- Installing: /home/ubuntu/URC_2026/ros2_service/install/camera_msg/lib/libcamera_msg__rosidl_typesupport_c.so
[7.380s] -- Set non-toolchain portion of runtime path of "/home/ubuntu/URC_2026/ros2_service/install/camera_msg/lib/libcamera_msg__rosidl_typesupport_c.so" to ""
[7.380s] -- Up-to-date: /home/ubuntu/URC_2026/ros2_service/install/camera_msg/include/camera_msg/camera_msg
[7.381s] -- Up-to-date: /home/ubuntu/URC_2026/ros2_service/install/camera_msg/include/camera_msg/camera_msg/srv
[7.381s] -- Installing: /home/ubuntu/URC_2026/ros2_service/install/camera_msg/include/camera_msg/camera_msg/srv/camera_status.hpp
[7.381s] -- Up-to-date: /home/ubuntu/URC_2026/ros2_service/install/camera_msg/include/camera_msg/camera_msg/srv/detail
[7.381s] -- Installing: /home/ubuntu/URC_2026/ros2_service/install/camera_msg/include/camera_msg/camera_msg/srv/detail/camera_status__builder.hpp
[7.381s] -- Installing: /home/ubuntu/URC_2026/ros2_service/install/camera_msg/include/camera_msg/camera_msg/srv/detail/camera_status__type_support.hpp
[7.381s] -- Installing: /home/ubuntu/URC_2026/ros2_service/install/camera_msg/include/camera_msg/camera_msg/srv/detail/camera_status__traits.hpp
[7.382s] -- Installing: /home/ubuntu/URC_2026/ros2_service/install/camera_msg/include/camera_msg/camera_msg/srv/detail/camera_status__struct.hpp
[7.382s] -- Up-to-date: /home/ubuntu/URC_2026/ros2_service/install/camera_msg/include/camera_msg/camera_msg/msg
[7.382s] -- Installing: /home/ubuntu/URC_2026/ros2_service/install/camera_msg/include/camera_msg/camera_msg/msg/camera_info.hpp
[7.382s] -- Up-to-date: /home/ubuntu/URC_2026/ros2_service/install/camera_msg/include/camera_msg/camera_msg/msg/detail
[7.382s] -- Installing: /home/ubuntu/URC_2026/ros2_service/install/camera_msg/include/camera_msg/camera_msg/msg/detail/camera_info__traits.hpp
[7.382s] -- Installing: /home/ubuntu/URC_2026/ros2_service/install/camera_msg/include/camera_msg/camera_msg/msg/detail/camera_info__type_support.hpp
[7.382s] -- Installing: /home/ubuntu/URC_2026/ros2_service/install/camera_msg/include/camera_msg/camera_msg/msg/detail/camera_info__struct.hpp
[7.382s] -- Installing: /home/ubuntu/URC_2026/ros2_service/install/camera_msg/include/camera_msg/camera_msg/msg/detail/camera_info__builder.hpp
[7.382s] -- Installing: /home/ubuntu/URC_2026/ros2_service/install/camera_msg/include/camera_msg/camera_msg/msg/rosidl_generator_cpp__visibility_control.hpp
[7.382s] -- Up-to-date: /home/ubuntu/URC_2026/ros2_service/install/camera_msg/include/camera_msg/camera_msg
[7.382s] -- Up-to-date: /home/ubuntu/URC_2026/ros2_service/install/camera_msg/include/camera_msg/camera_msg/srv
[7.382s] -- Up-to-date: /home/ubuntu/URC_2026/ros2_service/install/camera_msg/include/camera_msg/camera_msg/srv/detail
[7.382s] -- Installing: /home/ubuntu/URC_2026/ros2_service/install/camera_msg/include/camera_msg/camera_msg/srv/detail/dds_fastrtps
[7.383s] -- Installing: /home/ubuntu/URC_2026/ros2_service/install/camera_msg/include/camera_msg/camera_msg/srv/detail/camera_status__rosidl_typesupport_fastrtps_cpp.hpp
[7.383s] -- Up-to-date: /home/ubuntu/URC_2026/ros2_service/install/camera_msg/include/camera_msg/camera_msg/msg
[7.383s] -- Up-to-date: /home/ubuntu/URC_2026/ros2_service/install/camera_msg/include/camera_msg/camera_msg/msg/detail
[7.383s] -- Installing: /home/ubuntu/URC_2026/ros2_service/install/camera_msg/include/camera_msg/camera_msg/msg/detail/dds_fastrtps
[7.383s] -- Installing: /home/ubuntu/URC_2026/ros2_service/install/camera_msg/include/camera_msg/camera_msg/msg/detail/camera_info__rosidl_typesupport_fastrtps_cpp.hpp
[7.383s] -- Installing: /home/ubuntu/URC_2026/ros2_service/install/camera_msg/include/camera_msg/camera_msg/msg/rosidl_typesupport_fastrtps_cpp__visibility_control.h
[7.383s] -- Installing: /home/ubuntu/URC_2026/ros2_service/install/camera_msg/lib/libcamera_msg__rosidl_typesupport_fastrtps_cpp.so
[7.383s] -- Set non-toolchain portion of runtime path of "/home/ubuntu/URC_2026/ros2_service/install/camera_msg/lib/libcamera_msg__rosidl_typesupport_fastrtps_cpp.so" to ""
[7.383s] -- Up-to-date: /home/ubuntu/URC_2026/ros2_service/install/camera_msg/include/camera_msg/camera_msg
[7.383s] -- Up-to-date: /home/ubuntu/URC_2026/ros2_service/install/camera_msg/include/camera_msg/camera_msg/srv
[7.383s] -- Up-to-date: /home/ubuntu/URC_2026/ros2_service/install/camera_msg/include/camera_msg/camera_msg/srv/detail
[7.383s] -- Installing: /home/ubuntu/URC_2026/ros2_service/install/camera_msg/include/camera_msg/camera_msg/srv/detail/camera_status__rosidl_typesupport_introspection_cpp.hpp
[7.383s] -- Installing: /home/ubuntu/URC_2026/ros2_service/install/camera_msg/include/camera_msg/camera_msg/srv/detail/camera_status__type_support.cpp
[7.383s] -- Up-to-date: /home/ubuntu/URC_2026/ros2_service/install/camera_msg/include/camera_msg/camera_msg/msg
[7.384s] -- Up-to-date: /home/ubuntu/URC_2026/ros2_service/install/camera_msg/include/camera_msg/camera_msg/msg/detail
[7.384s] -- Installing: /home/ubuntu/URC_2026/ros2_service/install/camera_msg/include/camera_msg/camera_msg/msg/detail/camera_info__rosidl_typesupport_introspection_cpp.hpp
[7.384s] -- Installing: /home/ubuntu/URC_2026/ros2_service/install/camera_msg/include/camera_msg/camera_msg/msg/detail/camera_info__type_support.cpp
[7.384s] -- Installing: /home/ubuntu/URC_2026/ros2_service/install/camera_msg/lib/libcamera_msg__rosidl_typesupport_introspection_cpp.so
[7.384s] -- Set non-toolchain portion of runtime path of "/home/ubuntu/URC_2026/ros2_service/install/camera_msg/lib/libcamera_msg__rosidl_typesupport_introspection_cpp.so" to ""
[7.384s] -- Installing: /home/ubuntu/URC_2026/ros2_service/install/camera_msg/lib/libcamera_msg__rosidl_typesupport_cpp.so
[7.384s] -- Set non-toolchain portion of runtime path of "/home/ubuntu/URC_2026/ros2_service/install/camera_msg/lib/libcamera_msg__rosidl_typesupport_cpp.so" to ""
[7.384s] -- Installing: /home/ubuntu/URC_2026/ros2_service/install/camera_msg/share/camera_msg/environment/pythonpath.sh
[7.384s] -- Installing: /home/ubuntu/URC_2026/ros2_service/install/camera_msg/share/camera_msg/environment/pythonpath.dsv
[7.384s] -- Installing: /home/ubuntu/URC_2026/ros2_service/install/camera_msg/lib/python3.12/site-packages/camera_msg-0.0.0-py3.12.egg-info
[7.384s] -- Installing: /home/ubuntu/URC_2026/ros2_service/install/camera_msg/lib/python3.12/site-packages/camera_msg-0.0.0-py3.12.egg-info/SOURCES.txt
[7.384s] -- Installing: /home/ubuntu/URC_2026/ros2_service/install/camera_msg/lib/python3.12/site-packages/camera_msg-0.0.0-py3.12.egg-info/top_level.txt
[7.384s] -- Installing: /home/ubuntu/URC_2026/ros2_service/install/camera_msg/lib/python3.12/site-packages/camera_msg-0.0.0-py3.12.egg-info/dependency_links.txt
[7.384s] -- Installing: /home/ubuntu/URC_2026/ros2_service/install/camera_msg/lib/python3.12/site-packages/camera_msg-0.0.0-py3.12.egg-info/PKG-INFO
[7.384s] -- Installing: /home/ubuntu/URC_2026/ros2_service/install/camera_msg/lib/python3.12/site-packages/camera_msg
[7.385s] -- Installing: /home/ubuntu/URC_2026/ros2_service/install/camera_msg/lib/python3.12/site-packages/camera_msg/camera_msg_s__rosidl_typesupport_fastrtps_c.so
[7.385s] -- Installing: /home/ubuntu/URC_2026/ros2_service/install/camera_msg/lib/python3.12/site-packages/camera_msg/srv
[7.385s] -- Installing: /home/ubuntu/URC_2026/ros2_service/install/camera_msg/lib/python3.12/site-packages/camera_msg/srv/_camera_status_s.c
[7.385s] -- Installing: /home/ubuntu/URC_2026/ros2_service/install/camera_msg/lib/python3.12/site-packages/camera_msg/srv/__init__.py
[7.385s] -- Installing: /home/ubuntu/URC_2026/ros2_service/install/camera_msg/lib/python3.12/site-packages/camera_msg/srv/_camera_status.py
[7.385s] -- Installing: /home/ubuntu/URC_2026/ros2_service/install/camera_msg/lib/python3.12/site-packages/camera_msg/_camera_msg_s.ep.rosidl_typesupport_introspection_c.c
[7.385s] -- Installing: /home/ubuntu/URC_2026/ros2_service/install/camera_msg/lib/python3.12/site-packages/camera_msg/camera_msg_s__rosidl_typesupport_c.so
[7.385s] -- Installing: /home/ubuntu/URC_2026/ros2_service/install/camera_msg/lib/python3.12/site-packages/camera_msg/__init__.py
[7.385s] -- Installing: /home/ubuntu/URC_2026/ros2_service/install/camera_msg/lib/python3.12/site-packages/camera_msg/camera_msg_s__rosidl_typesupport_introspection_c.so
[7.385s] -- Installing: /home/ubuntu/URC_2026/ros2_service/install/camera_msg/lib/python3.12/site-packages/camera_msg/_camera_msg_s.ep.rosidl_typesupport_fastrtps_c.c
[7.385s] -- Installing: /home/ubuntu/URC_2026/ros2_service/install/camera_msg/lib/python3.12/site-packages/camera_msg/_camera_msg_s.ep.rosidl_typesupport_c.c
[7.385s] -- Installing: /home/ubuntu/URC_2026/ros2_service/install/camera_msg/lib/python3.12/site-packages/camera_msg/msg
[7.385s] -- Installing: /home/ubuntu/URC_2026/ros2_service/install/camera_msg/lib/python3.12/site-packages/camera_msg/msg/_camera_info.py
[7.385s] -- Installing: /home/ubuntu/URC_2026/ros2_service/install/camera_msg/lib/python3.12/site-packages/camera_msg/msg/__init__.py
[7.385s] -- Installing: /home/ubuntu/URC_2026/ros2_service/install/camera_msg/lib/python3.12/site-packages/camera_msg/msg/_camera_info_s.c
[7.438s] Listing '/home/ubuntu/URC_2026/ros2_service/install/camera_msg/lib/python3.12/site-packages/camera_msg'...
[7.438s] Compiling '/home/ubuntu/URC_2026/ros2_service/install/camera_msg/lib/python3.12/site-packages/camera_msg/__init__.py'...
[7.438s] Listing '/home/ubuntu/URC_2026/ros2_service/install/camera_msg/lib/python3.12/site-packages/camera_msg/msg'...
[7.438s] Compiling '/home/ubuntu/URC_2026/ros2_service/install/camera_msg/lib/python3.12/site-packages/camera_msg/msg/__init__.py'...
[7.438s] Compiling '/home/ubuntu/URC_2026/ros2_service/install/camera_msg/lib/python3.12/site-packages/camera_msg/msg/_camera_info.py'...
[7.438s] Listing '/home/ubuntu/URC_2026/ros2_service/install/camera_msg/lib/python3.12/site-packages/camera_msg/srv'...
[7.438s] Compiling '/home/ubuntu/URC_2026/ros2_service/install/camera_msg/lib/python3.12/site-packages/camera_msg/srv/__init__.py'...
[7.438s] Compiling '/home/ubuntu/URC_2026/ros2_service/install/camera_msg/lib/python3.12/site-packages/camera_msg/srv/_camera_status.py'...
[7.445s] -- Installing: /home/ubuntu/URC_2026/ros2_service/install/camera_msg/lib/python3.12/site-packages/camera_msg/camera_msg_s__rosidl_typesupport_fastrtps_c.so
[7.446s] -- Set non-toolchain portion of runtime path of "/home/ubuntu/URC_2026/ros2_service/install/camera_msg/lib/python3.12/site-packages/camera_msg/camera_msg_s__rosidl_typesupport_fastrtps_c.so" to ""
[7.446s] -- Installing: /home/ubuntu/URC_2026/ros2_service/install/camera_msg/lib/python3.12/site-packages/camera_msg/camera_msg_s__rosidl_typesupport_introspection_c.so
[7.446s] -- Set non-toolchain portion of runtime path of "/home/ubuntu/URC_2026/ros2_service/install/camera_msg/lib/python3.12/site-packages/camera_msg/camera_msg_s__rosidl_typesupport_introspection_c.so" to ""
[7.446s] -- Installing: /home/ubuntu/URC_2026/ros2_service/install/camera_msg/lib/python3.12/site-packages/camera_msg/camera_msg_s__rosidl_typesupport_c.so
[7.446s] -- Set non-toolchain portion of runtime path of "/home/ubuntu/URC_2026/ros2_service/install/camera_msg/lib/python3.12/site-packages/camera_msg/camera_msg_s__rosidl_typesupport_c.so" to ""
[7.446s] -- Installing: /home/ubuntu/URC_2026/ros2_service/install/camera_msg/lib/libcamera_msg__rosidl_generator_py.so
[7.447s] -- Set non-toolchain portion of runtime path of "/home/ubuntu/URC_2026/ros2_service/install/camera_msg/lib/libcamera_msg__rosidl_generator_py.so" to ""
[7.447s] -- Installing: /home/ubuntu/URC_2026/ros2_service/install/camera_msg/share/camera_msg/msg/CameraInfo.idl
[7.447s] -- Installing: /home/ubuntu/URC_2026/ros2_service/install/camera_msg/share/camera_msg/srv/CameraStatus.idl
[7.447s] -- Installing: /home/ubuntu/URC_2026/ros2_service/install/camera_msg/share/camera_msg/msg/CameraInfo.msg
[7.447s] -- Installing: /home/ubuntu/URC_2026/ros2_service/install/camera_msg/share/camera_msg/srv/CameraStatus.srv
[7.447s] -- Installing: /home/ubuntu/URC_2026/ros2_service/install/camera_msg/share/ament_index/resource_index/package_run_dependencies/camera_msg
[7.447s] -- Installing: /home/ubuntu/URC_2026/ros2_service/install/camera_msg/share/ament_index/resource_index/parent_prefix_path/camera_msg
[7.448s] -- Installing: /home/ubuntu/URC_2026/ros2_service/install/camera_msg/share/camera_msg/environment/ament_prefix_path.sh
[7.448s] -- Installing: /home/ubuntu/URC_2026/ros2_service/install/camera_msg/share/camera_msg/environment/ament_prefix_path.dsv
[7.448s] -- Installing: /home/ubuntu/URC_2026/ros2_service/install/camera_msg/share/camera_msg/environment/path.sh
[7.448s] -- Installing: /home/ubuntu/URC_2026/ros2_service/install/camera_msg/share/camera_msg/environment/path.dsv
[7.448s] -- Installing: /home/ubuntu/URC_2026/ros2_service/install/camera_msg/share/camera_msg/local_setup.bash
[7.449s] -- Installing: /home/ubuntu/URC_2026/ros2_service/install/camera_msg/share/camera_msg/local_setup.sh
[7.449s] -- Installing: /home/ubuntu/URC_2026/ros2_service/install/camera_msg/share/camera_msg/local_setup.zsh
[7.449s] -- Installing: /home/ubuntu/URC_2026/ros2_service/install/camera_msg/share/camera_msg/local_setup.dsv
[7.449s] -- Installing: /home/ubuntu/URC_2026/ros2_service/install/camera_msg/share/camera_msg/package.dsv
[7.449s] -- Installing: /home/ubuntu/URC_2026/ros2_service/install/camera_msg/share/ament_index/resource_index/packages/camera_msg
[7.449s] -- Installing: /home/ubuntu/URC_2026/ros2_service/install/camera_msg/share/camera_msg/cmake/export_camera_msg__rosidl_generator_cExport.cmake
[7.449s] -- Installing: /home/ubuntu/URC_2026/ros2_service/install/camera_msg/share/camera_msg/cmake/export_camera_msg__rosidl_generator_cExport-noconfig.cmake
[7.449s] -- Installing: /home/ubuntu/URC_2026/ros2_service/install/camera_msg/share/camera_msg/cmake/export_camera_msg__rosidl_typesupport_fastrtps_cExport.cmake
[7.449s] -- Installing: /home/ubuntu/URC_2026/ros2_service/install/camera_msg/share/camera_msg/cmake/export_camera_msg__rosidl_typesupport_fastrtps_cExport-noconfig.cmake
[7.449s] -- Installing: /home/ubuntu/URC_2026/ros2_service/install/camera_msg/share/camera_msg/cmake/camera_msg__rosidl_typesupport_introspection_cExport.cmake
[7.449s] -- Installing: /home/ubuntu/URC_2026/ros2_service/install/camera_msg/share/camera_msg/cmake/camera_msg__rosidl_typesupport_introspection_cExport-noconfig.cmake
[7.449s] -- Installing: /home/ubuntu/URC_2026/ros2_service/install/camera_msg/share/camera_msg/cmake/camera_msg__rosidl_typesupport_cExport.cmake
[7.449s] -- Installing: /home/ubuntu/URC_2026/ros2_service/install/camera_msg/share/camera_msg/cmake/camera_msg__rosidl_typesupport_cExport-noconfig.cmake
[7.449s] -- Installing: /home/ubuntu/URC_2026/ros2_service/install/camera_msg/share/camera_msg/cmake/export_camera_msg__rosidl_generator_cppExport.cmake
[7.450s] -- Installing: /home/ubuntu/URC_2026/ros2_service/install/camera_msg/share/camera_msg/cmake/export_camera_msg__rosidl_typesupport_fastrtps_cppExport.cmake
[7.450s] -- Installing: /home/ubuntu/URC_2026/ros2_service/install/camera_msg/share/camera_msg/cmake/export_camera_msg__rosidl_typesupport_fastrtps_cppExport-noconfig.cmake
[7.450s] -- Installing: /home/ubuntu/URC_2026/ros2_service/install/camera_msg/share/camera_msg/cmake/camera_msg__rosidl_typesupport_introspection_cppExport.cmake
[7.450s] -- Installing: /home/ubuntu/URC_2026/ros2_service/install/camera_msg/share/camera_msg/cmake/camera_msg__rosidl_typesupport_introspection_cppExport-noconfig.cmake
[7.450s] -- Installing: /home/ubuntu/URC_2026/ros2_service/install/camera_msg/share/camera_msg/cmake/camera_msg__rosidl_typesupport_cppExport.cmake
[7.450s] -- Installing: /home/ubuntu/URC_2026/ros2_service/install/camera_msg/share/camera_msg/cmake/camera_msg__rosidl_typesupport_cppExport-noconfig.cmake
[7.450s] -- Installing: /home/ubuntu/URC_2026/ros2_service/install/camera_msg/share/camera_msg/cmake/export_camera_msg__rosidl_generator_pyExport.cmake
[7.450s] -- Installing: /home/ubuntu/URC_2026/ros2_service/install/camera_msg/share/camera_msg/cmake/export_camera_msg__rosidl_generator_pyExport-noconfig.cmake
[7.450s] -- Installing: /home/ubuntu/URC_2026/ros2_service/install/camera_msg/share/camera_msg/cmake/rosidl_cmake-extras.cmake
[7.450s] -- Installing: /home/ubuntu/URC_2026/ros2_service/install/camera_msg/share/camera_msg/cmake/ament_cmake_export_dependencies-extras.cmake
[7.450s] -- Installing: /home/ubuntu/URC_2026/ros2_service/install/camera_msg/share/camera_msg/cmake/ament_cmake_export_include_directories-extras.cmake
[7.450s] -- Installing: /home/ubuntu/URC_2026/ros2_service/install/camera_msg/share/camera_msg/cmake/ament_cmake_export_libraries-extras.cmake
[7.450s] -- Installing: /home/ubuntu/URC_2026/ros2_service/install/camera_msg/share/camera_msg/cmake/ament_cmake_export_targets-extras.cmake
[7.451s] -- Installing: /home/ubuntu/URC_2026/ros2_service/install/camera_msg/share/camera_msg/cmake/rosidl_cmake_export_typesupport_targets-extras.cmake
[7.451s] -- Installing: /home/ubuntu/URC_2026/ros2_service/install/camera_msg/share/camera_msg/cmake/rosidl_cmake_export_typesupport_libraries-extras.cmake
[7.451s] -- Installing: /home/ubuntu/URC_2026/ros2_service/install/camera_msg/share/camera_msg/cmake/camera_msgConfig.cmake
[7.451s] -- Installing: /home/ubuntu/URC_2026/ros2_service/install/camera_msg/share/camera_msg/cmake/camera_msgConfig-version.cmake
[7.451s] -- Installing: /home/ubuntu/URC_2026/ros2_service/install/camera_msg/share/camera_msg/package.xml
[7.454s] Invoked command in '/home/ubuntu/URC_2026/ros2_service/build/camera_msg' returned '0': CMAKE_PREFIX_PATH=${CMAKE_PREFIX_PATH}:/opt/ros/jazzy DEBUGINFOD_URLS=https://debuginfod.ubuntu.com /usr/bin/cmake --install /home/ubuntu/URC_2026/ros2_service/build/camera_msg
