[0.011s] Invoking command in '/home/ubuntu/URC_2026/ros2_service/build/camera_msg': CMAKE_PREFIX_PATH=${CMAKE_PREFIX_PATH}:/opt/ros/jazzy DEBUGINFOD_URLS=https://debuginfod.ubuntu.com /usr/bin/cmake /home/ubuntu/URC_2026/ros2_service/camera_msg -DCMAKE_INSTALL_PREFIX=/home/ubuntu/URC_2026/ros2_service/install/camera_msg
[0.032s] -- Found ament_cmake: 2.5.4 (/opt/ros/jazzy/share/ament_cmake/cmake)
[0.317s] -- Found rosidl_default_generators: 1.6.0 (/opt/ros/jazzy/share/rosidl_default_generators/cmake)
[0.320s] -- Using all available rosidl_typesupport_c: rosidl_typesupport_fastrtps_c;rosidl_typesupport_introspection_c
[0.366s] -- Using all available rosidl_typesupport_cpp: rosidl_typesupport_fastrtps_cpp;rosidl_typesupport_introspection_cpp
[0.399s] -- Found rosidl_adapter: 4.6.6 (/opt/ros/jazzy/share/rosidl_adapter/cmake)
[0.401s] -- Found ament_lint_auto: 0.17.3 (/opt/ros/jazzy/share/ament_lint_auto/cmake)
[0.880s] [31mCMake Error at /opt/ros/jazzy/share/rosidl_adapter/cmake/rosidl_adapt_interfaces.cmake:57 (message):
[0.880s]   execute_process(/usr/bin/python3 -m rosidl_adapter --package-name
[0.880s]   camera_msg --arguments-file
[0.880s]   /home/ubuntu/URC_2026/ros2_service/build/camera_msg/rosidl_adapter__arguments__camera_msg.json
[0.880s]   --output-dir
[0.880s]   /home/ubuntu/URC_2026/ros2_service/build/camera_msg/rosidl_adapter/camera_msg
[0.880s]   --output-file
[0.880s]   /home/ubuntu/URC_2026/ros2_service/build/camera_msg/rosidl_adapter/camera_msg.idls)
[0.880s]   returned error code 1:
[0.880s] 
[0.881s]   Traceback (most recent call last):
[0.881s] 
[0.881s]     File "<frozen runpy>", line 198, in _run_module_as_main
[0.881s]     File "<frozen runpy>", line 88, in _run_code
[0.881s]     File "/opt/ros/jazzy/lib/python3.12/site-packages/rosidl_adapter/__main__.py", line 19, in <module>
[0.881s]       sys.exit(main())
[0.881s]                ^^^^^^
[0.881s]     File "/opt/ros/jazzy/lib/python3.12/site-packages/rosidl_adapter/main.py", line 53, in main
[0.881s]       abs_idl_file = convert_to_idl(
[0.881s]                      ^^^^^^^^^^^^^^^
[0.881s]     File "/opt/ros/jazzy/lib/python3.12/site-packages/rosidl_adapter/__init__.py", line 19, in convert_to_idl
[0.881s]       return convert_msg_to_idl(
[0.881s]              ^^^^^^^^^^^^^^^^^^^
[0.881s]     File "/opt/ros/jazzy/lib/python3.12/site-packages/rosidl_adapter/msg/__init__.py", line 28, in convert_msg_to_idl
[0.881s]       msg = parse_message_string(package_name, input_file.stem, content)
[0.881s]             ^^^^^^^^^^^^^^^^^^^^^^^^^^^^^^^^^^^^^^^^^^^^^^^^^^^^^^^^^^^^
[0.881s]     File "/opt/ros/jazzy/lib/python3.12/site-packages/rosidl_adapter/parser.py", line 545, in parse_message_string
[0.882s]       msg = MessageSpecification(pkg_name, msg_name, fields, constants)
[0.882s]             ^^^^^^^^^^^^^^^^^^^^^^^^^^^^^^^^^^^^^^^^^^^^^^^^^^^^^^^^^^^
[0.882s]     File "/opt/ros/jazzy/lib/python3.12/site-packages/rosidl_adapter/parser.py", line 389, in __init__
[0.882s]       self.base_type = BaseType(
[0.882s]                        ^^^^^^^^^
[0.882s]     File "/opt/ros/jazzy/lib/python3.12/site-packages/rosidl_adapter/parser.py", line 206, in __init__
[0.882s]       raise InvalidResourceName(
[0.882s] 
[0.882s]   rosidl_adapter.parser.InvalidResourceName: 'camera_info' is an invalid
[0.882s]   message name.  It should have the pattern '^[A-Z][A-Za-z0-9]*$'
[0.882s] 
[0.882s] Call Stack (most recent call first):
[0.882s]   /opt/ros/jazzy/share/rosidl_cmake/cmake/rosidl_generate_interfaces.cmake:132 (rosidl_adapt_interfaces)
[0.882s]   CMakeLists.txt:27 (rosidl_generate_interfaces)
[0.882s] 
[0.882s] [0m
[0.883s] -- Configuring incomplete, errors occurred!
[0.887s] Invoked command in '/home/ubuntu/URC_2026/ros2_service/build/camera_msg' returned '1': CMAKE_PREFIX_PATH=${CMAKE_PREFIX_PATH}:/opt/ros/jazzy DEBUGINFOD_URLS=https://debuginfod.ubuntu.com /usr/bin/cmake /home/ubuntu/URC_2026/ros2_service/camera_msg -DCMAKE_INSTALL_PREFIX=/home/ubuntu/URC_2026/ros2_service/install/camera_msg
