[0.012s] Invoking command in '/home/ubuntu/URC_2026/ros2_service/build/camera_msg': CMAKE_PREFIX_PATH=${CMAKE_PREFIX_PATH}:/opt/ros/jazzy DEBUGINFOD_URLS=https://debuginfod.ubuntu.com /usr/bin/cmake --build /home/ubuntu/URC_2026/ros2_service/build/camera_msg -- -j16 -l16
[0.050s] -- Found ament_cmake: 2.5.4 (/opt/ros/jazzy/share/ament_cmake/cmake)
[0.086s] -- Found Python3: /usr/bin/python3 (found version "3.12.3") found components: Interpreter 
[0.194s] -- Found rosidl_default_generators: 1.6.0 (/opt/ros/jazzy/share/rosidl_default_generators/cmake)
[0.197s] -- Using all available rosidl_typesupport_c: rosidl_typesupport_fastrtps_c;rosidl_typesupport_introspection_c
[0.245s] -- Using all available rosidl_typesupport_cpp: rosidl_typesupport_fastrtps_cpp;rosidl_typesupport_introspection_cpp
[0.278s] -- Found rosidl_adapter: 4.6.6 (/opt/ros/jazzy/share/rosidl_adapter/cmake)
[0.280s] -- Found ament_lint_auto: 0.17.3 (/opt/ros/jazzy/share/ament_lint_auto/cmake)
[0.687s] -- Found ament_cmake_ros: 0.12.0 (/opt/ros/jazzy/share/ament_cmake_ros/cmake)
[0.817s] -- Using all available rosidl_typesupport_c: rosidl_typesupport_fastrtps_c;rosidl_typesupport_introspection_c
[0.985s] -- Using all available rosidl_typesupport_cpp: rosidl_typesupport_fastrtps_cpp;rosidl_typesupport_introspection_cpp
[0.986s] -- Found python_cmake_module: 0.11.1 (/opt/ros/jazzy/share/python_cmake_module/cmake)
[1.320s] -- Found Python3: /usr/bin/python3 (found version "3.12.3") found components: Interpreter Development NumPy Development.Module Development.Embed 
[1.337s] -- Added test 'lint_cmake' to check CMake code style
[1.338s] -- Added test 'xmllint' to check XML markup files
[1.343s] -- Configuring done (1.3s)
[1.390s] -- Generating done (0.0s)
[1.404s] -- Build files have been written to: /home/ubuntu/URC_2026/ros2_service/build/camera_msg
[1.457s] [  2%] [34m[1mGenerating type hashes for ROS interfaces[0m
[1.471s] [  2%] Built target ament_cmake_python_copy_camera_msg
[1.752s] [  2%] Built target camera_msg__rosidl_generator_type_description
[1.767s] running egg_info
[1.767s] [  4%] [34m[1mGenerating C code for ROS interfaces[0m
[1.778s] [  6%] [34m[1mGenerating C++ code for ROS interfaces[0m
[1.788s] writing camera_msg.egg-info/PKG-INFO
[1.788s] writing dependency_links to camera_msg.egg-info/dependency_links.txt
[1.789s] writing top-level names to camera_msg.egg-info/top_level.txt
[1.850s] reading manifest file 'camera_msg.egg-info/SOURCES.txt'
[1.851s] writing manifest file 'camera_msg.egg-info/SOURCES.txt'
[1.886s] [  6%] Built target ament_cmake_python_build_camera_msg_egg
[2.128s] [  6%] Built target camera_msg__cpp
[2.165s] [ 11%] [32mBuilding C object CMakeFiles/camera_msg__rosidl_generator_c.dir/rosidl_generator_c/camera_msg/srv/detail/camera_status__type_support.c.o[0m
[2.165s] [ 11%] [32mBuilding C object CMakeFiles/camera_msg__rosidl_generator_c.dir/rosidl_generator_c/camera_msg/srv/detail/camera_status__functions.c.o[0m
[2.168s] [ 13%] [32mBuilding C object CMakeFiles/camera_msg__rosidl_generator_c.dir/rosidl_generator_c/camera_msg/msg/detail/camera_info__description.c.o[0m
[2.168s] [ 15%] [32mBuilding C object CMakeFiles/camera_msg__rosidl_generator_c.dir/rosidl_generator_c/camera_msg/msg/detail/camera_info__functions.c.o[0m
[2.169s] [ 20%] [32mBuilding C object CMakeFiles/camera_msg__rosidl_generator_c.dir/rosidl_generator_c/camera_msg/srv/detail/camera_status__description.c.o[0m
[2.169s] [ 20%] [32mBuilding C object CMakeFiles/camera_msg__rosidl_generator_c.dir/rosidl_generator_c/camera_msg/msg/detail/camera_info__type_support.c.o[0m
[2.259s] [ 22%] [32m[1mLinking C shared library libcamera_msg__rosidl_generator_c.so[0m
[2.314s] [ 22%] Built target camera_msg__rosidl_generator_c
[2.332s] [ 29%] [34m[1mGenerating C type support for eProsima Fast-RTPS[0m
[2.333s] [ 29%] [34m[1mGenerating C++ type support for eProsima Fast-RTPS[0m
[2.333s] [ 29%] [34m[1mGenerating C++ introspection for ROS interfaces[0m
[2.333s] [ 31%] [34m[1mGenerating C++ type support dispatch for ROS interfaces[0m
[2.336s] [ 36%] [34m[1mGenerating C introspection for ROS interfaces[0m
[2.336s] [ 36%] [34m[1mGenerating C type support dispatch for ROS interfaces[0m
[2.651s] [ 40%] [32mBuilding CXX object CMakeFiles/camera_msg__rosidl_typesupport_cpp.dir/rosidl_typesupport_cpp/camera_msg/srv/camera_status__type_support.cpp.o[0m
[2.651s] [ 40%] [32mBuilding CXX object CMakeFiles/camera_msg__rosidl_typesupport_cpp.dir/rosidl_typesupport_cpp/camera_msg/msg/camera_info__type_support.cpp.o[0m
[2.679s] [ 45%] [32mBuilding CXX object CMakeFiles/camera_msg__rosidl_typesupport_introspection_cpp.dir/rosidl_typesupport_introspection_cpp/camera_msg/srv/detail/camera_status__type_support.cpp.o[0m
[2.680s] [ 45%] [32mBuilding CXX object CMakeFiles/camera_msg__rosidl_typesupport_introspection_cpp.dir/rosidl_typesupport_introspection_cpp/camera_msg/msg/detail/camera_info__type_support.cpp.o[0m
[2.728s] [ 50%] [32mBuilding CXX object CMakeFiles/camera_msg__rosidl_typesupport_fastrtps_cpp.dir/rosidl_typesupport_fastrtps_cpp/camera_msg/srv/detail/dds_fastrtps/camera_status__type_support.cpp.o[0m
[2.729s] [ 50%] [32mBuilding CXX object CMakeFiles/camera_msg__rosidl_typesupport_fastrtps_cpp.dir/rosidl_typesupport_fastrtps_cpp/camera_msg/msg/detail/dds_fastrtps/camera_info__type_support.cpp.o[0m
[2.747s] [ 52%] [32mBuilding CXX object CMakeFiles/camera_msg__rosidl_typesupport_fastrtps_c.dir/rosidl_typesupport_fastrtps_c/camera_msg/msg/detail/camera_info__type_support_c.cpp.o[0m
[2.748s] [ 54%] [32mBuilding CXX object CMakeFiles/camera_msg__rosidl_typesupport_fastrtps_c.dir/rosidl_typesupport_fastrtps_c/camera_msg/srv/detail/camera_status__type_support_c.cpp.o[0m
[2.776s] [ 56%] [32mBuilding CXX object CMakeFiles/camera_msg__rosidl_typesupport_c.dir/rosidl_typesupport_c/camera_msg/srv/camera_status__type_support.cpp.o[0m
[2.776s] [ 59%] [32mBuilding CXX object CMakeFiles/camera_msg__rosidl_typesupport_c.dir/rosidl_typesupport_c/camera_msg/msg/camera_info__type_support.cpp.o[0m
[2.851s] [ 61%] [32m[1mLinking CXX shared library libcamera_msg__rosidl_typesupport_c.so[0m
[2.870s] [ 65%] [32mBuilding C object CMakeFiles/camera_msg__rosidl_typesupport_introspection_c.dir/rosidl_typesupport_introspection_c/camera_msg/msg/detail/camera_info__type_support.c.o[0m
[2.870s] [ 65%] [32mBuilding C object CMakeFiles/camera_msg__rosidl_typesupport_introspection_c.dir/rosidl_typesupport_introspection_c/camera_msg/srv/detail/camera_status__type_support.c.o[0m
[2.903s] [ 65%] Built target camera_msg__rosidl_typesupport_c
[2.933s] [ 68%] [32m[1mLinking C shared library libcamera_msg__rosidl_typesupport_introspection_c.so[0m
[2.987s] [ 68%] Built target camera_msg__rosidl_typesupport_introspection_c
[3.358s] [ 70%] [32m[1mLinking CXX shared library libcamera_msg__rosidl_typesupport_cpp.so[0m
[3.381s] [ 72%] [32m[1mLinking CXX shared library libcamera_msg__rosidl_typesupport_introspection_cpp.so[0m
[3.466s] [ 72%] Built target camera_msg__rosidl_typesupport_cpp
[3.486s] [ 72%] Built target camera_msg__rosidl_typesupport_introspection_cpp
[3.538s] [ 75%] [32m[1mLinking CXX shared library libcamera_msg__rosidl_typesupport_fastrtps_c.so[0m
[3.549s] [ 77%] [32m[1mLinking CXX shared library libcamera_msg__rosidl_typesupport_fastrtps_cpp.so[0m
[3.647s] [ 77%] Built target camera_msg__rosidl_typesupport_fastrtps_c
[3.655s] [ 77%] Built target camera_msg__rosidl_typesupport_fastrtps_cpp
[3.683s] [ 77%] Built target camera_msg
[3.707s] [ 79%] [34m[1mGenerating Python code for ROS interfaces[0m
[4.152s] [ 79%] Built target camera_msg__py
[4.182s] [ 81%] [32mBuilding C object CMakeFiles/camera_msg__rosidl_generator_py.dir/rosidl_generator_py/camera_msg/msg/_camera_info_s.c.o[0m
[4.183s] [ 84%] [32mBuilding C object CMakeFiles/camera_msg__rosidl_generator_py.dir/rosidl_generator_py/camera_msg/srv/_camera_status_s.c.o[0m
[4.348s] [ 86%] [32m[1mLinking C shared library libcamera_msg__rosidl_generator_py.so[0m
[4.402s] [ 86%] Built target camera_msg__rosidl_generator_py
[4.437s] [ 88%] [32mBuilding C object CMakeFiles/camera_msg_s__rosidl_typesupport_c.dir/rosidl_generator_py/camera_msg/_camera_msg_s.ep.rosidl_typesupport_c.c.o[0m
[4.437s] [ 93%] [32mBuilding C object CMakeFiles/camera_msg_s__rosidl_typesupport_introspection_c.dir/rosidl_generator_py/camera_msg/_camera_msg_s.ep.rosidl_typesupport_introspection_c.c.o[0m
[4.437s] [ 93%] [32mBuilding C object CMakeFiles/camera_msg_s__rosidl_typesupport_fastrtps_c.dir/rosidl_generator_py/camera_msg/_camera_msg_s.ep.rosidl_typesupport_fastrtps_c.c.o[0m
[4.566s] [ 95%] [32m[1mLinking C shared module rosidl_generator_py/camera_msg/camera_msg_s__rosidl_typesupport_c.so[0m
[4.572s] [ 97%] [32m[1mLinking C shared module rosidl_generator_py/camera_msg/camera_msg_s__rosidl_typesupport_introspection_c.so[0m
[4.581s] [100%] [32m[1mLinking C shared module rosidl_generator_py/camera_msg/camera_msg_s__rosidl_typesupport_fastrtps_c.so[0m
[4.606s] [100%] Built target camera_msg_s__rosidl_typesupport_c
[4.609s] [100%] Built target camera_msg_s__rosidl_typesupport_introspection_c
[4.621s] [100%] Built target camera_msg_s__rosidl_typesupport_fastrtps_c
[4.639s] Invoked command in '/home/ubuntu/URC_2026/ros2_service/build/camera_msg' returned '0': CMAKE_PREFIX_PATH=${CMAKE_PREFIX_PATH}:/opt/ros/jazzy DEBUGINFOD_URLS=https://debuginfod.ubuntu.com /usr/bin/cmake --build /home/ubuntu/URC_2026/ros2_service/build/camera_msg -- -j16 -l16
[4.653s] Invoking command in '/home/ubuntu/URC_2026/ros2_service/build/camera_msg': CMAKE_PREFIX_PATH=${CMAKE_PREFIX_PATH}:/opt/ros/jazzy DEBUGINFOD_URLS=https://debuginfod.ubuntu.com /usr/bin/cmake --install /home/ubuntu/URC_2026/ros2_service/build/camera_msg
[4.665s] -- Install configuration: ""
[4.666s] -- Installing: /home/ubuntu/URC_2026/ros2_service/install/camera_msg/share/ament_index/resource_index/rosidl_interfaces/camera_msg
[4.666s] -- Installing: /home/ubuntu/URC_2026/ros2_service/install/camera_msg/share/camera_msg/msg/CameraInfo.json
[4.666s] -- Installing: /home/ubuntu/URC_2026/ros2_service/install/camera_msg/share/camera_msg/srv/CameraStatus.json
[4.666s] -- Up-to-date: /home/ubuntu/URC_2026/ros2_service/install/camera_msg/include/camera_msg/camera_msg
[4.666s] -- Installing: /home/ubuntu/URC_2026/ros2_service/install/camera_msg/include/camera_msg/camera_msg/srv
[4.666s] -- Installing: /home/ubuntu/URC_2026/ros2_service/install/camera_msg/include/camera_msg/camera_msg/srv/detail
[4.666s] -- Installing: /home/ubuntu/URC_2026/ros2_service/install/camera_msg/include/camera_msg/camera_msg/srv/detail/camera_status__type_support.h
[4.667s] -- Installing: /home/ubuntu/URC_2026/ros2_service/install/camera_msg/include/camera_msg/camera_msg/srv/detail/camera_status__type_support.c
[4.667s] -- Installing: /home/ubuntu/URC_2026/ros2_service/install/camera_msg/include/camera_msg/camera_msg/srv/detail/camera_status__description.c
[4.667s] -- Installing: /home/ubuntu/URC_2026/ros2_service/install/camera_msg/include/camera_msg/camera_msg/srv/detail/camera_status__struct.h
[4.667s] -- Installing: /home/ubuntu/URC_2026/ros2_service/install/camera_msg/include/camera_msg/camera_msg/srv/detail/camera_status__functions.c
[4.667s] -- Installing: /home/ubuntu/URC_2026/ros2_service/install/camera_msg/include/camera_msg/camera_msg/srv/detail/camera_status__functions.h
[4.667s] -- Installing: /home/ubuntu/URC_2026/ros2_service/install/camera_msg/include/camera_msg/camera_msg/srv/camera_status.h
[4.667s] -- Up-to-date: /home/ubuntu/URC_2026/ros2_service/install/camera_msg/include/camera_msg/camera_msg/msg
[4.668s] -- Up-to-date: /home/ubuntu/URC_2026/ros2_service/install/camera_msg/include/camera_msg/camera_msg/msg/rosidl_generator_c__visibility_control.h
[4.668s] -- Up-to-date: /home/ubuntu/URC_2026/ros2_service/install/camera_msg/include/camera_msg/camera_msg/msg/detail
[4.668s] -- Installing: /home/ubuntu/URC_2026/ros2_service/install/camera_msg/include/camera_msg/camera_msg/msg/detail/camera_info__description.c
[4.668s] -- Installing: /home/ubuntu/URC_2026/ros2_service/install/camera_msg/include/camera_msg/camera_msg/msg/detail/camera_info__type_support.c
[4.668s] -- Installing: /home/ubuntu/URC_2026/ros2_service/install/camera_msg/include/camera_msg/camera_msg/msg/detail/camera_info__type_support.h
[4.668s] -- Installing: /home/ubuntu/URC_2026/ros2_service/install/camera_msg/include/camera_msg/camera_msg/msg/detail/camera_info__struct.h
[4.668s] -- Installing: /home/ubuntu/URC_2026/ros2_service/install/camera_msg/include/camera_msg/camera_msg/msg/detail/camera_info__functions.c
[4.668s] -- Installing: /home/ubuntu/URC_2026/ros2_service/install/camera_msg/include/camera_msg/camera_msg/msg/detail/camera_info__functions.h
[4.668s] -- Installing: /home/ubuntu/URC_2026/ros2_service/install/camera_msg/include/camera_msg/camera_msg/msg/camera_info.h
[4.668s] -- Up-to-date: /home/ubuntu/URC_2026/ros2_service/install/camera_msg/share/camera_msg/environment/library_path.sh
[4.668s] -- Up-to-date: /home/ubuntu/URC_2026/ros2_service/install/camera_msg/share/camera_msg/environment/library_path.dsv
[4.669s] -- Installing: /home/ubuntu/URC_2026/ros2_service/install/camera_msg/lib/libcamera_msg__rosidl_generator_c.so
[4.669s] -- Set non-toolchain portion of runtime path of "/home/ubuntu/URC_2026/ros2_service/install/camera_msg/lib/libcamera_msg__rosidl_generator_c.so" to ""
[4.669s] -- Up-to-date: /home/ubuntu/URC_2026/ros2_service/install/camera_msg/include/camera_msg/camera_msg
[4.669s] -- Up-to-date: /home/ubuntu/URC_2026/ros2_service/install/camera_msg/include/camera_msg/camera_msg/srv
[4.669s] -- Up-to-date: /home/ubuntu/URC_2026/ros2_service/install/camera_msg/include/camera_msg/camera_msg/srv/detail
[4.669s] -- Installing: /home/ubuntu/URC_2026/ros2_service/install/camera_msg/include/camera_msg/camera_msg/srv/detail/camera_status__rosidl_typesupport_fastrtps_c.h
[4.669s] -- Up-to-date: /home/ubuntu/URC_2026/ros2_service/install/camera_msg/include/camera_msg/camera_msg/msg
[4.669s] -- Up-to-date: /home/ubuntu/URC_2026/ros2_service/install/camera_msg/include/camera_msg/camera_msg/msg/detail
[4.669s] -- Installing: /home/ubuntu/URC_2026/ros2_service/install/camera_msg/include/camera_msg/camera_msg/msg/detail/camera_info__rosidl_typesupport_fastrtps_c.h
[4.669s] -- Up-to-date: /home/ubuntu/URC_2026/ros2_service/install/camera_msg/include/camera_msg/camera_msg/msg/rosidl_typesupport_fastrtps_c__visibility_control.h
[4.669s] -- Installing: /home/ubuntu/URC_2026/ros2_service/install/camera_msg/lib/libcamera_msg__rosidl_typesupport_fastrtps_c.so
[4.670s] -- Set non-toolchain portion of runtime path of "/home/ubuntu/URC_2026/ros2_service/install/camera_msg/lib/libcamera_msg__rosidl_typesupport_fastrtps_c.so" to ""
[4.670s] -- Up-to-date: /home/ubuntu/URC_2026/ros2_service/install/camera_msg/include/camera_msg/camera_msg
[4.670s] -- Up-to-date: /home/ubuntu/URC_2026/ros2_service/install/camera_msg/include/camera_msg/camera_msg/srv
[4.670s] -- Up-to-date: /home/ubuntu/URC_2026/ros2_service/install/camera_msg/include/camera_msg/camera_msg/srv/detail
[4.670s] -- Installing: /home/ubuntu/URC_2026/ros2_service/install/camera_msg/include/camera_msg/camera_msg/srv/detail/camera_status__rosidl_typesupport_introspection_c.h
[4.670s] -- Installing: /home/ubuntu/URC_2026/ros2_service/install/camera_msg/include/camera_msg/camera_msg/srv/detail/camera_status__type_support.c
[4.670s] -- Up-to-date: /home/ubuntu/URC_2026/ros2_service/install/camera_msg/include/camera_msg/camera_msg/msg
[4.670s] -- Up-to-date: /home/ubuntu/URC_2026/ros2_service/install/camera_msg/include/camera_msg/camera_msg/msg/detail
[4.670s] -- Installing: /home/ubuntu/URC_2026/ros2_service/install/camera_msg/include/camera_msg/camera_msg/msg/detail/camera_info__type_support.c
[4.670s] -- Installing: /home/ubuntu/URC_2026/ros2_service/install/camera_msg/include/camera_msg/camera_msg/msg/detail/camera_info__rosidl_typesupport_introspection_c.h
[4.670s] -- Up-to-date: /home/ubuntu/URC_2026/ros2_service/install/camera_msg/include/camera_msg/camera_msg/msg/rosidl_typesupport_introspection_c__visibility_control.h
[4.670s] -- Installing: /home/ubuntu/URC_2026/ros2_service/install/camera_msg/lib/libcamera_msg__rosidl_typesupport_introspection_c.so
[4.670s] -- Set non-toolchain portion of runtime path of "/home/ubuntu/URC_2026/ros2_service/install/camera_msg/lib/libcamera_msg__rosidl_typesupport_introspection_c.so" to ""
[4.671s] -- Installing: /home/ubuntu/URC_2026/ros2_service/install/camera_msg/lib/libcamera_msg__rosidl_typesupport_c.so
[4.671s] -- Set non-toolchain portion of runtime path of "/home/ubuntu/URC_2026/ros2_service/install/camera_msg/lib/libcamera_msg__rosidl_typesupport_c.so" to ""
[4.671s] -- Up-to-date: /home/ubuntu/URC_2026/ros2_service/install/camera_msg/include/camera_msg/camera_msg
[4.671s] -- Up-to-date: /home/ubuntu/URC_2026/ros2_service/install/camera_msg/include/camera_msg/camera_msg/srv
[4.671s] -- Installing: /home/ubuntu/URC_2026/ros2_service/install/camera_msg/include/camera_msg/camera_msg/srv/camera_status.hpp
[4.671s] -- Up-to-date: /home/ubuntu/URC_2026/ros2_service/install/camera_msg/include/camera_msg/camera_msg/srv/detail
[4.671s] -- Installing: /home/ubuntu/URC_2026/ros2_service/install/camera_msg/include/camera_msg/camera_msg/srv/detail/camera_status__builder.hpp
[4.671s] -- Installing: /home/ubuntu/URC_2026/ros2_service/install/camera_msg/include/camera_msg/camera_msg/srv/detail/camera_status__type_support.hpp
[4.671s] -- Installing: /home/ubuntu/URC_2026/ros2_service/install/camera_msg/include/camera_msg/camera_msg/srv/detail/camera_status__traits.hpp
[4.671s] -- Installing: /home/ubuntu/URC_2026/ros2_service/install/camera_msg/include/camera_msg/camera_msg/srv/detail/camera_status__struct.hpp
[4.671s] -- Up-to-date: /home/ubuntu/URC_2026/ros2_service/install/camera_msg/include/camera_msg/camera_msg/msg
[4.671s] -- Installing: /home/ubuntu/URC_2026/ros2_service/install/camera_msg/include/camera_msg/camera_msg/msg/camera_info.hpp
[4.672s] -- Up-to-date: /home/ubuntu/URC_2026/ros2_service/install/camera_msg/include/camera_msg/camera_msg/msg/detail
[4.672s] -- Installing: /home/ubuntu/URC_2026/ros2_service/install/camera_msg/include/camera_msg/camera_msg/msg/detail/camera_info__traits.hpp
[4.672s] -- Installing: /home/ubuntu/URC_2026/ros2_service/install/camera_msg/include/camera_msg/camera_msg/msg/detail/camera_info__type_support.hpp
[4.672s] -- Installing: /home/ubuntu/URC_2026/ros2_service/install/camera_msg/include/camera_msg/camera_msg/msg/detail/camera_info__struct.hpp
[4.672s] -- Installing: /home/ubuntu/URC_2026/ros2_service/install/camera_msg/include/camera_msg/camera_msg/msg/detail/camera_info__builder.hpp
[4.672s] -- Installing: /home/ubuntu/URC_2026/ros2_service/install/camera_msg/include/camera_msg/camera_msg/msg/rosidl_generator_cpp__visibility_control.hpp
[4.672s] -- Up-to-date: /home/ubuntu/URC_2026/ros2_service/install/camera_msg/include/camera_msg/camera_msg
[4.672s] -- Up-to-date: /home/ubuntu/URC_2026/ros2_service/install/camera_msg/include/camera_msg/camera_msg/srv
[4.672s] -- Up-to-date: /home/ubuntu/URC_2026/ros2_service/install/camera_msg/include/camera_msg/camera_msg/srv/detail
[4.672s] -- Installing: /home/ubuntu/URC_2026/ros2_service/install/camera_msg/include/camera_msg/camera_msg/srv/detail/dds_fastrtps
[4.672s] -- Installing: /home/ubuntu/URC_2026/ros2_service/install/camera_msg/include/camera_msg/camera_msg/srv/detail/camera_status__rosidl_typesupport_fastrtps_cpp.hpp
[4.672s] -- Up-to-date: /home/ubuntu/URC_2026/ros2_service/install/camera_msg/include/camera_msg/camera_msg/msg
[4.672s] -- Up-to-date: /home/ubuntu/URC_2026/ros2_service/install/camera_msg/include/camera_msg/camera_msg/msg/detail
[4.673s] -- Up-to-date: /home/ubuntu/URC_2026/ros2_service/install/camera_msg/include/camera_msg/camera_msg/msg/detail/dds_fastrtps
[4.673s] -- Installing: /home/ubuntu/URC_2026/ros2_service/install/camera_msg/include/camera_msg/camera_msg/msg/detail/camera_info__rosidl_typesupport_fastrtps_cpp.hpp
[4.673s] -- Up-to-date: /home/ubuntu/URC_2026/ros2_service/install/camera_msg/include/camera_msg/camera_msg/msg/rosidl_typesupport_fastrtps_cpp__visibility_control.h
[4.673s] -- Installing: /home/ubuntu/URC_2026/ros2_service/install/camera_msg/lib/libcamera_msg__rosidl_typesupport_fastrtps_cpp.so
[4.673s] -- Set non-toolchain portion of runtime path of "/home/ubuntu/URC_2026/ros2_service/install/camera_msg/lib/libcamera_msg__rosidl_typesupport_fastrtps_cpp.so" to ""
[4.673s] -- Up-to-date: /home/ubuntu/URC_2026/ros2_service/install/camera_msg/include/camera_msg/camera_msg
[4.673s] -- Up-to-date: /home/ubuntu/URC_2026/ros2_service/install/camera_msg/include/camera_msg/camera_msg/srv
[4.673s] -- Up-to-date: /home/ubuntu/URC_2026/ros2_service/install/camera_msg/include/camera_msg/camera_msg/srv/detail
[4.673s] -- Installing: /home/ubuntu/URC_2026/ros2_service/install/camera_msg/include/camera_msg/camera_msg/srv/detail/camera_status__rosidl_typesupport_introspection_cpp.hpp
[4.673s] -- Installing: /home/ubuntu/URC_2026/ros2_service/install/camera_msg/include/camera_msg/camera_msg/srv/detail/camera_status__type_support.cpp
[4.673s] -- Up-to-date: /home/ubuntu/URC_2026/ros2_service/install/camera_msg/include/camera_msg/camera_msg/msg
[4.673s] -- Up-to-date: /home/ubuntu/URC_2026/ros2_service/install/camera_msg/include/camera_msg/camera_msg/msg/detail
[4.673s] -- Installing: /home/ubuntu/URC_2026/ros2_service/install/camera_msg/include/camera_msg/camera_msg/msg/detail/camera_info__rosidl_typesupport_introspection_cpp.hpp
[4.674s] -- Installing: /home/ubuntu/URC_2026/ros2_service/install/camera_msg/include/camera_msg/camera_msg/msg/detail/camera_info__type_support.cpp
[4.674s] -- Installing: /home/ubuntu/URC_2026/ros2_service/install/camera_msg/lib/libcamera_msg__rosidl_typesupport_introspection_cpp.so
[4.674s] -- Set non-toolchain portion of runtime path of "/home/ubuntu/URC_2026/ros2_service/install/camera_msg/lib/libcamera_msg__rosidl_typesupport_introspection_cpp.so" to ""
[4.674s] -- Installing: /home/ubuntu/URC_2026/ros2_service/install/camera_msg/lib/libcamera_msg__rosidl_typesupport_cpp.so
[4.674s] -- Set non-toolchain portion of runtime path of "/home/ubuntu/URC_2026/ros2_service/install/camera_msg/lib/libcamera_msg__rosidl_typesupport_cpp.so" to ""
[4.674s] -- Up-to-date: /home/ubuntu/URC_2026/ros2_service/install/camera_msg/share/camera_msg/environment/pythonpath.sh
[4.674s] -- Up-to-date: /home/ubuntu/URC_2026/ros2_service/install/camera_msg/share/camera_msg/environment/pythonpath.dsv
[4.674s] -- Up-to-date: /home/ubuntu/URC_2026/ros2_service/install/camera_msg/lib/python3.12/site-packages/camera_msg-0.0.0-py3.12.egg-info
[4.674s] -- Installing: /home/ubuntu/URC_2026/ros2_service/install/camera_msg/lib/python3.12/site-packages/camera_msg-0.0.0-py3.12.egg-info/SOURCES.txt
[4.674s] -- Installing: /home/ubuntu/URC_2026/ros2_service/install/camera_msg/lib/python3.12/site-packages/camera_msg-0.0.0-py3.12.egg-info/top_level.txt
[4.674s] -- Installing: /home/ubuntu/URC_2026/ros2_service/install/camera_msg/lib/python3.12/site-packages/camera_msg-0.0.0-py3.12.egg-info/dependency_links.txt
[4.674s] -- Installing: /home/ubuntu/URC_2026/ros2_service/install/camera_msg/lib/python3.12/site-packages/camera_msg-0.0.0-py3.12.egg-info/PKG-INFO
[4.675s] -- Up-to-date: /home/ubuntu/URC_2026/ros2_service/install/camera_msg/lib/python3.12/site-packages/camera_msg
[4.675s] -- Installing: /home/ubuntu/URC_2026/ros2_service/install/camera_msg/lib/python3.12/site-packages/camera_msg/camera_msg_s__rosidl_typesupport_fastrtps_c.so
[4.675s] -- Installing: /home/ubuntu/URC_2026/ros2_service/install/camera_msg/lib/python3.12/site-packages/camera_msg/srv
[4.675s] -- Installing: /home/ubuntu/URC_2026/ros2_service/install/camera_msg/lib/python3.12/site-packages/camera_msg/srv/_camera_status_s.c
[4.675s] -- Installing: /home/ubuntu/URC_2026/ros2_service/install/camera_msg/lib/python3.12/site-packages/camera_msg/srv/__init__.py
[4.675s] -- Installing: /home/ubuntu/URC_2026/ros2_service/install/camera_msg/lib/python3.12/site-packages/camera_msg/srv/_camera_status.py
[4.675s] -- Installing: /home/ubuntu/URC_2026/ros2_service/install/camera_msg/lib/python3.12/site-packages/camera_msg/_camera_msg_s.ep.rosidl_typesupport_introspection_c.c
[4.675s] -- Installing: /home/ubuntu/URC_2026/ros2_service/install/camera_msg/lib/python3.12/site-packages/camera_msg/camera_msg_s__rosidl_typesupport_c.so
[4.675s] -- Installing: /home/ubuntu/URC_2026/ros2_service/install/camera_msg/lib/python3.12/site-packages/camera_msg/__init__.py
[4.675s] -- Installing: /home/ubuntu/URC_2026/ros2_service/install/camera_msg/lib/python3.12/site-packages/camera_msg/camera_msg_s__rosidl_typesupport_introspection_c.so
[4.675s] -- Installing: /home/ubuntu/URC_2026/ros2_service/install/camera_msg/lib/python3.12/site-packages/camera_msg/_camera_msg_s.ep.rosidl_typesupport_fastrtps_c.c
[4.675s] -- Installing: /home/ubuntu/URC_2026/ros2_service/install/camera_msg/lib/python3.12/site-packages/camera_msg/_camera_msg_s.ep.rosidl_typesupport_c.c
[4.676s] -- Up-to-date: /home/ubuntu/URC_2026/ros2_service/install/camera_msg/lib/python3.12/site-packages/camera_msg/msg
[4.676s] -- Installing: /home/ubuntu/URC_2026/ros2_service/install/camera_msg/lib/python3.12/site-packages/camera_msg/msg/_camera_info.py
[4.676s] -- Installing: /home/ubuntu/URC_2026/ros2_service/install/camera_msg/lib/python3.12/site-packages/camera_msg/msg/__init__.py
[4.676s] -- Installing: /home/ubuntu/URC_2026/ros2_service/install/camera_msg/lib/python3.12/site-packages/camera_msg/msg/_camera_info_s.c
[4.726s] Listing '/home/ubuntu/URC_2026/ros2_service/install/camera_msg/lib/python3.12/site-packages/camera_msg'...
[4.726s] Compiling '/home/ubuntu/URC_2026/ros2_service/install/camera_msg/lib/python3.12/site-packages/camera_msg/__init__.py'...
[4.726s] Listing '/home/ubuntu/URC_2026/ros2_service/install/camera_msg/lib/python3.12/site-packages/camera_msg/msg'...
[4.726s] Compiling '/home/ubuntu/URC_2026/ros2_service/install/camera_msg/lib/python3.12/site-packages/camera_msg/msg/__init__.py'...
[4.726s] Compiling '/home/ubuntu/URC_2026/ros2_service/install/camera_msg/lib/python3.12/site-packages/camera_msg/msg/_camera_info.py'...
[4.726s] Listing '/home/ubuntu/URC_2026/ros2_service/install/camera_msg/lib/python3.12/site-packages/camera_msg/srv'...
[4.726s] Compiling '/home/ubuntu/URC_2026/ros2_service/install/camera_msg/lib/python3.12/site-packages/camera_msg/srv/__init__.py'...
[4.726s] Compiling '/home/ubuntu/URC_2026/ros2_service/install/camera_msg/lib/python3.12/site-packages/camera_msg/srv/_camera_status.py'...
[4.734s] -- Installing: /home/ubuntu/URC_2026/ros2_service/install/camera_msg/lib/python3.12/site-packages/camera_msg/camera_msg_s__rosidl_typesupport_fastrtps_c.so
[4.734s] -- Set non-toolchain portion of runtime path of "/home/ubuntu/URC_2026/ros2_service/install/camera_msg/lib/python3.12/site-packages/camera_msg/camera_msg_s__rosidl_typesupport_fastrtps_c.so" to ""
[4.734s] -- Installing: /home/ubuntu/URC_2026/ros2_service/install/camera_msg/lib/python3.12/site-packages/camera_msg/camera_msg_s__rosidl_typesupport_introspection_c.so
[4.734s] -- Set non-toolchain portion of runtime path of "/home/ubuntu/URC_2026/ros2_service/install/camera_msg/lib/python3.12/site-packages/camera_msg/camera_msg_s__rosidl_typesupport_introspection_c.so" to ""
[4.734s] -- Installing: /home/ubuntu/URC_2026/ros2_service/install/camera_msg/lib/python3.12/site-packages/camera_msg/camera_msg_s__rosidl_typesupport_c.so
[4.735s] -- Set non-toolchain portion of runtime path of "/home/ubuntu/URC_2026/ros2_service/install/camera_msg/lib/python3.12/site-packages/camera_msg/camera_msg_s__rosidl_typesupport_c.so" to ""
[4.735s] -- Installing: /home/ubuntu/URC_2026/ros2_service/install/camera_msg/lib/libcamera_msg__rosidl_generator_py.so
[4.735s] -- Set non-toolchain portion of runtime path of "/home/ubuntu/URC_2026/ros2_service/install/camera_msg/lib/libcamera_msg__rosidl_generator_py.so" to ""
[4.735s] -- Up-to-date: /home/ubuntu/URC_2026/ros2_service/install/camera_msg/share/camera_msg/msg/CameraInfo.idl
[4.735s] -- Installing: /home/ubuntu/URC_2026/ros2_service/install/camera_msg/share/camera_msg/srv/CameraStatus.idl
[4.735s] -- Up-to-date: /home/ubuntu/URC_2026/ros2_service/install/camera_msg/share/camera_msg/msg/CameraInfo.msg
[4.735s] -- Installing: /home/ubuntu/URC_2026/ros2_service/install/camera_msg/share/camera_msg/srv/CameraStatus.srv
[4.736s] -- Up-to-date: /home/ubuntu/URC_2026/ros2_service/install/camera_msg/share/ament_index/resource_index/package_run_dependencies/camera_msg
[4.736s] -- Installing: /home/ubuntu/URC_2026/ros2_service/install/camera_msg/share/ament_index/resource_index/parent_prefix_path/camera_msg
[4.736s] -- Up-to-date: /home/ubuntu/URC_2026/ros2_service/install/camera_msg/share/camera_msg/environment/ament_prefix_path.sh
[4.736s] -- Up-to-date: /home/ubuntu/URC_2026/ros2_service/install/camera_msg/share/camera_msg/environment/ament_prefix_path.dsv
[4.736s] -- Up-to-date: /home/ubuntu/URC_2026/ros2_service/install/camera_msg/share/camera_msg/environment/path.sh
[4.736s] -- Up-to-date: /home/ubuntu/URC_2026/ros2_service/install/camera_msg/share/camera_msg/environment/path.dsv
[4.736s] -- Up-to-date: /home/ubuntu/URC_2026/ros2_service/install/camera_msg/share/camera_msg/local_setup.bash
[4.736s] -- Up-to-date: /home/ubuntu/URC_2026/ros2_service/install/camera_msg/share/camera_msg/local_setup.sh
[4.736s] -- Up-to-date: /home/ubuntu/URC_2026/ros2_service/install/camera_msg/share/camera_msg/local_setup.zsh
[4.736s] -- Up-to-date: /home/ubuntu/URC_2026/ros2_service/install/camera_msg/share/camera_msg/local_setup.dsv
[4.736s] -- Installing: /home/ubuntu/URC_2026/ros2_service/install/camera_msg/share/camera_msg/package.dsv
[4.736s] -- Up-to-date: /home/ubuntu/URC_2026/ros2_service/install/camera_msg/share/ament_index/resource_index/packages/camera_msg
[4.736s] -- Old export file "/home/ubuntu/URC_2026/ros2_service/install/camera_msg/share/camera_msg/cmake/export_camera_msg__rosidl_generator_cExport.cmake" will be replaced.  Removing files [/home/ubuntu/URC_2026/ros2_service/install/camera_msg/share/camera_msg/cmake/export_camera_msg__rosidl_generator_cExport-noconfig.cmake].
[4.736s] -- Installing: /home/ubuntu/URC_2026/ros2_service/install/camera_msg/share/camera_msg/cmake/export_camera_msg__rosidl_generator_cExport.cmake
[4.737s] -- Installing: /home/ubuntu/URC_2026/ros2_service/install/camera_msg/share/camera_msg/cmake/export_camera_msg__rosidl_generator_cExport-noconfig.cmake
[4.737s] -- Old export file "/home/ubuntu/URC_2026/ros2_service/install/camera_msg/share/camera_msg/cmake/export_camera_msg__rosidl_typesupport_fastrtps_cExport.cmake" will be replaced.  Removing files [/home/ubuntu/URC_2026/ros2_service/install/camera_msg/share/camera_msg/cmake/export_camera_msg__rosidl_typesupport_fastrtps_cExport-noconfig.cmake].
[4.737s] -- Installing: /home/ubuntu/URC_2026/ros2_service/install/camera_msg/share/camera_msg/cmake/export_camera_msg__rosidl_typesupport_fastrtps_cExport.cmake
[4.737s] -- Installing: /home/ubuntu/URC_2026/ros2_service/install/camera_msg/share/camera_msg/cmake/export_camera_msg__rosidl_typesupport_fastrtps_cExport-noconfig.cmake
[4.737s] -- Old export file "/home/ubuntu/URC_2026/ros2_service/install/camera_msg/share/camera_msg/cmake/camera_msg__rosidl_typesupport_introspection_cExport.cmake" will be replaced.  Removing files [/home/ubuntu/URC_2026/ros2_service/install/camera_msg/share/camera_msg/cmake/camera_msg__rosidl_typesupport_introspection_cExport-noconfig.cmake].
[4.737s] -- Installing: /home/ubuntu/URC_2026/ros2_service/install/camera_msg/share/camera_msg/cmake/camera_msg__rosidl_typesupport_introspection_cExport.cmake
[4.737s] -- Installing: /home/ubuntu/URC_2026/ros2_service/install/camera_msg/share/camera_msg/cmake/camera_msg__rosidl_typesupport_introspection_cExport-noconfig.cmake
[4.737s] -- Old export file "/home/ubuntu/URC_2026/ros2_service/install/camera_msg/share/camera_msg/cmake/camera_msg__rosidl_typesupport_cExport.cmake" will be replaced.  Removing files [/home/ubuntu/URC_2026/ros2_service/install/camera_msg/share/camera_msg/cmake/camera_msg__rosidl_typesupport_cExport-noconfig.cmake].
[4.737s] -- Installing: /home/ubuntu/URC_2026/ros2_service/install/camera_msg/share/camera_msg/cmake/camera_msg__rosidl_typesupport_cExport.cmake
[4.737s] -- Installing: /home/ubuntu/URC_2026/ros2_service/install/camera_msg/share/camera_msg/cmake/camera_msg__rosidl_typesupport_cExport-noconfig.cmake
[4.737s] -- Installing: /home/ubuntu/URC_2026/ros2_service/install/camera_msg/share/camera_msg/cmake/export_camera_msg__rosidl_generator_cppExport.cmake
[4.737s] -- Old export file "/home/ubuntu/URC_2026/ros2_service/install/camera_msg/share/camera_msg/cmake/export_camera_msg__rosidl_typesupport_fastrtps_cppExport.cmake" will be replaced.  Removing files [/home/ubuntu/URC_2026/ros2_service/install/camera_msg/share/camera_msg/cmake/export_camera_msg__rosidl_typesupport_fastrtps_cppExport-noconfig.cmake].
[4.738s] -- Installing: /home/ubuntu/URC_2026/ros2_service/install/camera_msg/share/camera_msg/cmake/export_camera_msg__rosidl_typesupport_fastrtps_cppExport.cmake
[4.738s] -- Installing: /home/ubuntu/URC_2026/ros2_service/install/camera_msg/share/camera_msg/cmake/export_camera_msg__rosidl_typesupport_fastrtps_cppExport-noconfig.cmake
[4.738s] -- Old export file "/home/ubuntu/URC_2026/ros2_service/install/camera_msg/share/camera_msg/cmake/camera_msg__rosidl_typesupport_introspection_cppExport.cmake" will be replaced.  Removing files [/home/ubuntu/URC_2026/ros2_service/install/camera_msg/share/camera_msg/cmake/camera_msg__rosidl_typesupport_introspection_cppExport-noconfig.cmake].
[4.738s] -- Installing: /home/ubuntu/URC_2026/ros2_service/install/camera_msg/share/camera_msg/cmake/camera_msg__rosidl_typesupport_introspection_cppExport.cmake
[4.738s] -- Installing: /home/ubuntu/URC_2026/ros2_service/install/camera_msg/share/camera_msg/cmake/camera_msg__rosidl_typesupport_introspection_cppExport-noconfig.cmake
[4.738s] -- Old export file "/home/ubuntu/URC_2026/ros2_service/install/camera_msg/share/camera_msg/cmake/camera_msg__rosidl_typesupport_cppExport.cmake" will be replaced.  Removing files [/home/ubuntu/URC_2026/ros2_service/install/camera_msg/share/camera_msg/cmake/camera_msg__rosidl_typesupport_cppExport-noconfig.cmake].
[4.738s] -- Installing: /home/ubuntu/URC_2026/ros2_service/install/camera_msg/share/camera_msg/cmake/camera_msg__rosidl_typesupport_cppExport.cmake
[4.738s] -- Installing: /home/ubuntu/URC_2026/ros2_service/install/camera_msg/share/camera_msg/cmake/camera_msg__rosidl_typesupport_cppExport-noconfig.cmake
[4.738s] -- Up-to-date: /home/ubuntu/URC_2026/ros2_service/install/camera_msg/share/camera_msg/cmake/export_camera_msg__rosidl_generator_pyExport.cmake
[4.738s] -- Installing: /home/ubuntu/URC_2026/ros2_service/install/camera_msg/share/camera_msg/cmake/export_camera_msg__rosidl_generator_pyExport-noconfig.cmake
[4.738s] -- Installing: /home/ubuntu/URC_2026/ros2_service/install/camera_msg/share/camera_msg/cmake/rosidl_cmake-extras.cmake
[4.738s] -- Installing: /home/ubuntu/URC_2026/ros2_service/install/camera_msg/share/camera_msg/cmake/ament_cmake_export_dependencies-extras.cmake
[4.739s] -- Up-to-date: /home/ubuntu/URC_2026/ros2_service/install/camera_msg/share/camera_msg/cmake/ament_cmake_export_include_directories-extras.cmake
[4.739s] -- Up-to-date: /home/ubuntu/URC_2026/ros2_service/install/camera_msg/share/camera_msg/cmake/ament_cmake_export_libraries-extras.cmake
[4.739s] -- Up-to-date: /home/ubuntu/URC_2026/ros2_service/install/camera_msg/share/camera_msg/cmake/ament_cmake_export_targets-extras.cmake
[4.739s] -- Up-to-date: /home/ubuntu/URC_2026/ros2_service/install/camera_msg/share/camera_msg/cmake/rosidl_cmake_export_typesupport_targets-extras.cmake
[4.739s] -- Up-to-date: /home/ubuntu/URC_2026/ros2_service/install/camera_msg/share/camera_msg/cmake/rosidl_cmake_export_typesupport_libraries-extras.cmake
[4.739s] -- Installing: /home/ubuntu/URC_2026/ros2_service/install/camera_msg/share/camera_msg/cmake/camera_msgConfig.cmake
[4.739s] -- Up-to-date: /home/ubuntu/URC_2026/ros2_service/install/camera_msg/share/camera_msg/cmake/camera_msgConfig-version.cmake
[4.739s] -- Up-to-date: /home/ubuntu/URC_2026/ros2_service/install/camera_msg/share/camera_msg/package.xml
[4.742s] Invoked command in '/home/ubuntu/URC_2026/ros2_service/build/camera_msg' returned '0': CMAKE_PREFIX_PATH=${CMAKE_PREFIX_PATH}:/opt/ros/jazzy DEBUGINFOD_URLS=https://debuginfod.ubuntu.com /usr/bin/cmake --install /home/ubuntu/URC_2026/ros2_service/build/camera_msg
